<html>
<body>
<pre>
<h1>µVision Build Log</h1>
<h2>Project:</h2>
D:\STM32\PROJECT\ONENET+UDP\USER\EDP.uvproj
Project File Date:  11/23/2016

<h2>Output:</h2>
Build target 'Target 1'
compiling main.c...
linking...
Program Size: Code=10788 RO-data=852 RW-data=56 ZI-data=3032  
FromELF: creating hex file...
"..\OBJ\EDP.axf" - 0 Error(s), 0 Warning(s).
or(s), 0 Warning(s).
or messages.
"..\OBJ\EDP.axf" - 1 Error(s), 0 Warning(s).
Target not created

10x_gpio.c...
compiling stm32f10x_rcc.c...
compiling stm32f10x_sdio.c...
compiling stm32f10x_tim.c...
compiling stm32f10x_usart.c...
compiling key.c...
compiling led.c...
compiling usart2.c...
compiling esp8266.c...
compiling delay.c...
compiling sys.c...
compiling usart.c...
compiling cJSON.c...
compiling EdpKit.c...
linking...
Program Size: Code=32430 RO-data=1002 RW-data=72 ZI-data=4056  
FromELF: creating hex file...
"..\OBJ\EDP.axf" - 0 Error(s), 0 Warning(s).
 Size: Code=10652 RO-data=852 RW-data=52 ZI-data=3036  
".\EDP.axf" - 0 Error(s), 1 Warning(s).
:  #1-D: last line of file ends without a newline
  */
..\HARDWARE\ESP8266.c: 1 warning, 7 errors
".\EDP.axf" - 7 Error(s), 1 Warning(s).
Target not created
