Product: MDK-ARM Professional 5.10
Component: ARM Compiler 5.04 update 1 (build 49)
Tool: armlink [5040049]

==============================================================================

Section Cross References

    main.o(.text) refers to _printf_percent.o(.ARM.Collect$$_printf_percent$$00000000) for _printf_percent
    main.o(.text) refers to _printf_s.o(.ARM.Collect$$_printf_percent$$00000014) for _printf_s
    main.o(.text) refers to _printf_str.o(.text) for _printf_str
    main.o(.text) refers to usart3.o(.text) for u3_printf
    main.o(.text) refers to delay.o(.text) for delay_ms
    main.o(.text) refers to esp8266.o(.text) for ESP8266_DevLink
    main.o(.text) refers to misc.o(.text) for NVIC_PriorityGroupConfig
    main.o(.text) refers to led.o(.text) for LED_Init
    main.o(.text) refers to key.o(.text) for INIT_KEY
    main.o(.text) refers to usart.o(.text) for uart_init
    main.o(.text) refers to usart2.o(.text) for usart2_init
    main.o(.text) refers to stm32f10x_gpio.o(.text) for GPIO_ResetBits
    main.o(.text) refers to time2.o(.text) for TIM2_Int_Init
    main.o(.text) refers to 24l01.o(.text) for NRF24L01_Init
    main.o(.text) refers to __2printf.o(.text) for __2printf
    main.o(.text) refers to time2.o(.bss) for tmp_buf_RX
    main.o(.text) refers to esp8266.o(.bss) for send_buf
    system_stm32f10x.o(.text) refers to system_stm32f10x.o(.data) for SystemCoreClock
    startup_stm32f10x_hd.o(STACK) refers (Special) to heapauxi.o(.text) for __use_two_region_memory
    startup_stm32f10x_hd.o(HEAP) refers (Special) to heapauxi.o(.text) for __use_two_region_memory
    startup_stm32f10x_hd.o(RESET) refers (Special) to heapauxi.o(.text) for __use_two_region_memory
    startup_stm32f10x_hd.o(RESET) refers to startup_stm32f10x_hd.o(STACK) for __initial_sp
    startup_stm32f10x_hd.o(RESET) refers to startup_stm32f10x_hd.o(.text) for Reset_Handler
    startup_stm32f10x_hd.o(RESET) refers to stm32f10x_it.o(.text) for NMI_Handler
    startup_stm32f10x_hd.o(RESET) refers to time2.o(.text) for TIM2_IRQHandler
    startup_stm32f10x_hd.o(RESET) refers to usart.o(.text) for USART1_IRQHandler
    startup_stm32f10x_hd.o(RESET) refers to usart2.o(.text) for USART2_IRQHandler
    startup_stm32f10x_hd.o(RESET) refers to usart3.o(.text) for USART3_IRQHandler
    startup_stm32f10x_hd.o(RESET) refers to timer.o(.text) for TIM7_IRQHandler
    startup_stm32f10x_hd.o(.text) refers (Special) to heapauxi.o(.text) for __use_two_region_memory
    startup_stm32f10x_hd.o(.text) refers to system_stm32f10x.o(.text) for SystemInit
    startup_stm32f10x_hd.o(.text) refers to __main.o(!!!main) for __main
    startup_stm32f10x_hd.o(.text) refers to startup_stm32f10x_hd.o(HEAP) for Heap_Mem
    startup_stm32f10x_hd.o(.text) refers to startup_stm32f10x_hd.o(STACK) for Stack_Mem
    stm32f10x_gpio.o(.text) refers to stm32f10x_rcc.o(.text) for RCC_APB2PeriphResetCmd
    stm32f10x_rcc.o(.text) refers to stm32f10x_rcc.o(.data) for APBAHBPrescTable
    stm32f10x_tim.o(.text) refers to stm32f10x_rcc.o(.text) for RCC_APB2PeriphResetCmd
    stm32f10x_usart.o(.text) refers to stm32f10x_rcc.o(.text) for RCC_APB2PeriphResetCmd
    stm32f10x_spi.o(.text) refers to stm32f10x_rcc.o(.text) for RCC_APB2PeriphResetCmd
    key.o(.text) refers to stm32f10x_rcc.o(.text) for RCC_APB2PeriphClockCmd
    key.o(.text) refers to stm32f10x_gpio.o(.text) for GPIO_Init
    led.o(.text) refers to stm32f10x_rcc.o(.text) for RCC_APB2PeriphClockCmd
    led.o(.text) refers to stm32f10x_gpio.o(.text) for GPIO_Init
    led.o(.text) refers to strstr.o(.text) for strstr
    led.o(.text) refers to __2printf.o(.text) for __2printf
    led.o(.text) refers to usart3.o(.bss) for USART3_RX_comBUF
    led.o(.text) refers to led.o(.data) for flag_led1
    usart2.o(.text) refers to stm32f10x_usart.o(.text) for USART_ClearFlag
    usart2.o(.text) refers to stm32f10x_rcc.o(.text) for RCC_APB2PeriphClockCmd
    usart2.o(.text) refers to stm32f10x_gpio.o(.text) for GPIO_Init
    usart2.o(.text) refers to misc.o(.text) for NVIC_Init
    usart2.o(.text) refers to c89vsprintf.o(.text) for __c89vsprintf
    usart2.o(.text) refers to strlen.o(.text) for strlen
    usart2.o(.text) refers to usart2.o(.data) for USART2_RX_STA
    usart2.o(.text) refers to usart2.o(.bss) for USART2_RX_BUF
    esp8266.o(.text) refers to usart3.o(.text) for u3_printf
    esp8266.o(.text) refers to rt_memclr.o(.text) for __aeabi_memclr
    esp8266.o(.text) refers to strlen.o(.text) for strlen
    esp8266.o(.text) refers to delay.o(.text) for delay_ms
    esp8266.o(.text) refers to strstr.o(.text) for strstr
    esp8266.o(.text) refers to edpkit.o(.text) for PacketConnect1
    esp8266.o(.text) refers to rt_memclr_w.o(.text) for __aeabi_memclr4
    esp8266.o(.text) refers to strcat.o(.text) for strcat
    esp8266.o(.text) refers to usart3.o(.bss) for USART3_RX_BUF
    esp8266.o(.text) refers to usart3.o(.data) for USART3_RX_STA
    esp8266.o(.text) refers to esp8266.o(.data) for send_pkg
[...]
    _maybe_terminate_alloc                   0x08000281   Thumb Code     0  maybetermalloc1.o(.emb_text)
    esp8266                                  0x08000281   Thumb Code   264  main.o(.text)
    main                                     0x08000389   Thumb Code   158  main.o(.text)
    NMI_Handler                              0x0800052d   Thumb Code     2  stm32f10x_it.o(.text)
    HardFault_Handler                        0x0800052f   Thumb Code     4  stm32f10x_it.o(.text)
    MemManage_Handler                        0x08000533   Thumb Code     4  stm32f10x_it.o(.text)
    BusFault_Handler                         0x08000537   Thumb Code     4  stm32f10x_it.o(.text)
    UsageFault_Handler                       0x0800053b   Thumb Code     4  stm32f10x_it.o(.text)
    SVC_Handler                              0x0800053f   Thumb Code     2  stm32f10x_it.o(.text)
    DebugMon_Handler                         0x08000541   Thumb Code     2  stm32f10x_it.o(.text)
    PendSV_Handler                           0x08000543   Thumb Code     2  stm32f10x_it.o(.text)
    SysTick_Handler                          0x08000545   Thumb Code     2  stm32f10x_it.o(.text)
    SystemInit                               0x08000627   Thumb Code    78  system_stm32f10x.o(.text)
    SystemCoreClockUpdate                    0x08000675   Thumb Code   142  system_stm32f10x.o(.text)
    Reset_Handler                            0x08000729   Thumb Code     8  startup_stm32f10x_hd.o(.text)
    ADC1_2_IRQHandler                        0x08000743   Thumb Code     0  startup_stm32f10x_hd.o(.text)
    ADC3_IRQHandler                          0x08000743   Thumb Code     0  startup_stm32f10x_hd.o(.text)
    CAN1_RX1_IRQHandler                      0x08000743   Thumb Code     0  startup_stm32f10x_hd.o(.text)
    CAN1_SCE_IRQHandler                      0x08000743   Thumb Code     0  startup_stm32f10x_hd.o(.text)
    DMA1_Channel1_IRQHandler                 0x08000743   Thumb Code     0  startup_stm32f10x_hd.o(.text)
    DMA1_Channel2_IRQHandler                 0x08000743   Thumb Code     0  startup_stm32f10x_hd.o(.text)
    DMA1_Channel3_IRQHandler                 0x08000743   Thumb Code     0  startup_stm32f10x_hd.o(.text)
    DMA1_Channel4_IRQHandler                 0x08000743   Thumb Code     0  startup_stm32f10x_hd.o(.text)
    DMA1_Channel5_IRQHandler                 0x08000743   Thumb Code     0  startup_stm32f10x_hd.o(.text)
    DMA1_Channel6_IRQHandler                 0x08000743   Thumb Code     0  startup_stm32f10x_hd.o(.text)
    DMA1_Channel7_IRQHandler                 0x08000743   Thumb Code     0  startup_stm32f10x_hd.o(.text)
    DMA2_Channel1_IRQHandler                 0x08000743   Thumb Code     0  startup_stm32f10x_hd.o(.text)
    DMA2_Channel2_IRQHandler                 0x08000743   Thumb Code     0  startup_stm32f10x_hd.o(.text)
    DMA2_Channel3_IRQHandler                 0x08000743   Thumb Code     0  startup_stm32f10x_hd.o(.text)
    DMA2_Channel4_5_IRQHandler               0x08000743   Thumb Code     0  startup_stm32f10x_hd.o(.text)
    EXTI0_IRQHandler                         0x08000743   Thumb Code     0  startup_stm32f10x_hd.o(.text)
    EXTI15_10_IRQHandler                     0x08000743   Thumb Code     0  startup_stm32f10x_hd.o(.text)
    EXTI1_IRQHandler                         0x08000743   Thumb Code     0  startup_stm32f10x_hd.o(.text)
    EXTI2_IRQHandler                         0x08000743   Thumb Code     0  startup_stm32f10x_hd.o(.text)
    EXTI3_IRQHandler                         0x08000743   Thumb Code     0  startup_stm32f10x_hd.o(.text)
    EXTI4_IRQHandler                         0x08000743   Thumb Code     0  startup_stm32f10x_hd.o(.text)
    EXTI9_5_IRQHandler                       0x08000743   Thumb Code     0  startup_stm32f10x_hd.o(.text)
    FLASH_IRQHandler                         0x08000743   Thumb Code     0  startup_stm32f10x_hd.o(.text)
    FSMC_IRQHandler                          0x08000743   Thumb Code     0  startup_stm32f10x_hd.o(.text)
    I2C1_ER_IRQHandler                       0x08000743   Thumb Code     0  startup_stm32f10x_hd.o(.text)
    I2C1_EV_IRQHandler                       0x08000743   Thumb Code     0  startup_stm32f10x_hd.o(.text)
    I2C2_ER_IRQHandler                       0x08000743   Thumb Code     0  startup_stm32f10x_hd.o(.text)
    I2C2_EV_IRQHandler                       0x08000743   Thumb Code     0  startup_stm32f10x_hd.o(.text)
    PVD_IRQHandler                           0x08000743   Thumb Code     0  startup_stm32f10x_hd.o(.text)
    RCC_IRQHandler                           0x08000743   Thumb Code     0  startup_stm32f10x_hd.o(.text)
    RTCAlarm_IRQHandler                      0x08000743   Thumb Code     0  startup_stm32f10x_hd.o(.text)
    RTC_IRQHandler                           0x08000743   Thumb Code     0  startup_stm32f10x_hd.o(.text)
    SDIO_IRQHandler                          0x08000743   Thumb Code     0  startup_stm32f10x_hd.o(.text)
    SPI1_IRQHandler                          0x08000743   Thumb Code     0  startup_stm32f10x_hd.o(.text)
    SPI2_IRQHandler                          0x08000743   Thumb Code     0  startup_stm32f10x_hd.o(.text)
    SPI3_IRQHandler                          0x08000743   Thumb Code     0  startup_stm32f10x_hd.o(.text)
    TAMPER_IRQHandler                        0x08000743   Thumb Code     0  startup_stm32f10x_hd.o(.text)
    TIM1_BRK_IRQHandler                      0x08000743   Thumb Code     0  startup_stm32f10x_hd.o(.text)
    TIM1_CC_IRQHandler                       0x08000743   Thumb Code     0  startup_stm32f10x_hd.o(.text)
    TIM1_TRG_COM_IRQHandler                  0x08000743   Thumb Code     0  startup_stm32f10x_hd.o(.text)
    TIM1_UP_IRQHandler                       0x08000743   Thumb Code     0  startup_stm32f10x_hd.o(.text)
    TIM3_IRQHandler                          0x08000743   Thumb Code     0  startup_stm32f10x_hd.o(.text)
    TIM4_IRQHandler                          0x08000743   Thumb Code     0  startup_stm32f10x_hd.o(.text)
    TIM5_IRQHandler                          0x08000743   Thumb Code     0  startup_stm32f10x_hd.o(.text)
    TIM6_IRQHandler                          0x08000743   Thumb Code     0  startup_stm32f10x_hd.o(.text)
    TIM8_BRK_IRQHandler                      0x08000743   Thumb Code     0  startup_stm32f10x_hd.o(.text)
    TIM8_CC_IRQHandler                       0x08000743   Thumb Code     0  startup_stm32f10x_hd.o(.text)
    TIM8_TRG_COM_IRQHandler                  0x08000743   Thumb Code     0  startup_stm32f10x_hd.o(.text)
    TIM8_UP_IRQHandler                       0x08000743   Thumb Code     0  startup_stm32f10x_hd.o(.text)
    UART4_IRQHandler                         0x08000743   Thumb Code     0  startup_stm32f10x_hd.o(.text)
    UART5_IRQHandler                         0x08000743   Thumb Code     0  startup_stm32f10x_hd.o(.text)
    USBWakeUp_IRQHandler                     0x08000743   Thumb Code     0  startup_stm32f10x_hd.o(.text)
    USB_HP_CAN1_TX_IRQHandler                0x08000743   Thumb Code     0  startup_stm32f10x_hd.o(.text)
    USB_LP_CAN1_RX0_IRQHandler               0x08000743   Thumb Code     0  startup_stm32f10x_hd.o(.text)
    WWDG_IRQHandler                          0x08000743   Thumb Code     0  startup_stm32f10x_hd.o(.text)
    __user_initial_stackheap                 0x08000745   Thumb Code     0  startup_stm32f10x_hd.o(.text)
    NVIC_PriorityGroupConfig                 0x08000769   Thumb Code    10  misc.o(.text)
    NVIC_Init                                0x08000773   Thumb Code   100  misc.o(.text)
    NVIC_SetVectorTable                      0x080007d7   Thumb Code    14  misc.o(.text)
    NVIC_SystemLPConfig                      0x080007e5   Thumb Code    34  misc.o(.text)
    SysTick_CLKSourceConfig                  0x08000807   Thumb Code    40  misc.o(.text)
    GPIO_DeInit                              0x08000845   Thumb Code   172  stm32f10x_gpio.o(.text)
    GPIO_AFIODeInit                          0x080008f1   Thumb Code    20  stm32f10x_gpio.o(.text)
    GPIO_Init                                0x08000905   Thumb Code   278  stm32f10x_gpio.o(.text)
    GPIO_StructInit                          0x08000a1b   Thumb Code    16  stm32f10x_gpio.o(.text)
    GPIO_ReadInputDataBit                    0x08000a2b   Thumb Code    18  stm32f10x_gpio.o(.text)
    GPIO_ReadInputData                       0x08000a3d   Thumb Code     8  stm32f10x_gpio.o(.text)
    GPIO_ReadOutputDataBit                   0x08000a45   Thumb Code    18  stm32f10x_gpio.o(.text)
    GPIO_ReadOutputData                      0x08000a57   Thumb Code     8  stm32f10x_gpio.o(.text)
    GPIO_SetBits                             0x08000a5f   Thumb Code     4  stm32f10x_gpio.o(.text)
    GPIO_ResetBits                           0x08000a63   Thumb Code     4  stm32f10x_gpio.o(.text)
    GPIO_WriteBit                            0x08000a67   Thumb Code    10  stm32f10x_gpio.o(.text)
    GPIO_Write                               0x08000a71   Thumb Code     4  stm32f10x_gpio.o(.text)
    GPIO_PinLockConfig                       0x08000a75   Thumb Code    18  stm32f10x_gpio.o(.text)
    GPIO_EventOutputConfig                   0x08000a87   Thumb Code    26  stm32f10x_gpio.o(.text)
    GPIO_EventOutputCmd                      0x08000aa1   Thumb Code     6  stm32f10x_gpio.o(.text)
    GPIO_PinRemapConfig                      0x08000aa7   Thumb Code   138  stm32f10x_gpio.o(.text)
    GPIO_EXTILineConfig                      0x08000b31   Thumb Code    66  stm32f10x_gpio.o(.text)
    GPIO_ETH_MediaInterfaceConfig            0x08000b73   Thumb Code     8  stm32f10x_gpio.o(.text)
    RCC_DeInit                               0x08000ba1   Thumb Code    64  stm32f10x_rcc.o(.text)
    RCC_HSEConfig                            0x08000be1   Thumb Code    70  stm32f10x_rcc.o(.text)
    RCC_GetFlagStatus                        0x08000c27   Thumb Code    56  stm32f10x_rcc.o(.text)
    RCC_WaitForHSEStartUp                    0x08000c5f   Thumb Code    56  stm32f10x_rcc.o(.text)
    RCC_AdjustHSICalibrationValue            0x08000c97   Thumb Code    20  stm32f10x_rcc.o(.text)
    RCC_HSICmd                               0x08000cab   Thumb Code     6  stm32f10x_rcc.o(.text)
    RCC_PLLConfig                            0x08000cb1   Thumb Code    24  stm32f10x_rcc.o(.text)
    RCC_PLLCmd                               0x08000cc9   Thumb Code     6  stm32f10x_rcc.o(.text)
    RCC_SYSCLKConfig                         0x08000ccf   Thumb Code    18  stm32f10x_rcc.o(.text)
    RCC_GetSYSCLKSource                      0x08000ce1   Thumb Code    10  stm32f10x_rcc.o(.text)
    RCC_HCLKConfig                           0x08000ceb   Thumb Code    18  stm32f10x_rcc.o(.text)
    RCC_PCLK1Config                          0x08000cfd   Thumb Code    18  stm32f10x_rcc.o(.text)
    RCC_PCLK2Config                          0x08000d0f   Thumb Code    20  stm32f10x_rcc.o(.text)
    RCC_ITConfig                             0x08000d23   Thumb Code    26  stm32f10x_rcc.o(.text)
    RCC_USBCLKConfig                         0x08000d3d   Thumb Code     8  stm32f10x_rcc.o(.text)
    RCC_ADCCLKConfig                         0x08000d45   Thumb Code    18  stm32f10x_rcc.o(.text)
    RCC_LSEConfig                            0x08000d57   Thumb Code    50  stm32f10x_rcc.o(.text)
    RCC_LSICmd                               0x08000d89   Thumb Code     6  stm32f10x_rcc.o(.text)
    RCC_RTCCLKConfig                         0x08000d8f   Thumb Code    12  stm32f10x_rcc.o(.text)
    RCC_RTCCLKCmd                            0x08000d9b   Thumb Code     8  stm32f10x_rcc.o(.text)
    RCC_GetClocksFreq                        0x08000da3   Thumb Code   192  stm32f10x_rcc.o(.text)
    RCC_AHBPeriphClockCmd                    0x08000e63   Thumb Code    26  stm32f10x_rcc.o(.text)
    RCC_APB2PeriphClockCmd                   0x08000e7d   Thumb Code    26  stm32f10x_rcc.o(.text)
    RCC_APB1PeriphClockCmd                   0x08000e97   Thumb Code    26  stm32f10x_rcc.o(.text)
    RCC_APB2PeriphResetCmd                   0x08000eb1   Thumb Code    26  stm32f10x_rcc.o(.text)
    RCC_APB1PeriphResetCmd                   0x08000ecb   Thumb Code    26  stm32f10x_rcc.o(.text)
    RCC_BackupResetCmd                       0x08000ee5   Thumb Code     8  stm32f10x_rcc.o(.text)
    RCC_ClockSecuritySystemCmd               0x08000eed   Thumb Code     6  stm32f10x_rcc.o(.text)
    RCC_MCOConfig                            0x08000ef3   Thumb Code     6  stm32f10x_rcc.o(.text)
    RCC_ClearFlag                            0x08000ef9   Thumb Code    14  stm32f10x_rcc.o(.text)
    RCC_GetITStatus                          0x08000f07   Thumb Code    20  stm32f10x_rcc.o(.text)
    RCC_ClearITPendingBit                    0x08000f1b   Thumb Code     6  stm32f10x_rcc.o(.text)
    TIM_DeInit                               0x08000f45   Thumb Code   424  stm32f10x_tim.o(.text)
    TIM_TimeBaseInit                         0x080010ed   Thumb Code   122  stm32f10x_tim.o(.text)
    TIM_OC1Init                              0x08001167   Thumb Code   132  stm32f10x_tim.o(.text)
    TIM_OC2Init                              0x080011eb   Thumb Code   154  stm32f10x_tim.o(.text)
    TIM_OC3Init                              0x08001285   Thumb Code   150  stm32f10x_tim.o(.text)
    TIM_OC4Init                              0x0800131b   Thumb Code   182  stm32f10x_tim.o(.text)
    TIM_SetIC4Prescaler                      0x080013d1   Thumb Code    26  stm32f10x_tim.o(.text)
    TIM_SetIC3Prescaler                      0x0800146d   Thumb Code    18  stm32f10x_tim.o(.text)
    TIM_SetIC2Prescaler                      0x080014f9   Thumb Code    26  stm32f10x_tim.o(.text)
    TIM_SetIC1Prescaler                      0x08001595   Thumb Code    18  stm32f10x_tim.o(.text)
    TIM_ICInit                               0x08001613   Thumb Code   150  stm32f10x_tim.o(.text)
    TIM_PWMIConfig                           0x080016a9   Thumb Code   124  stm32f10x_tim.o(.text)
    TIM_BDTRConfig                           0x08001725   Thumb Code    32  stm32f10x_tim.o(.text)
    TIM_TimeBaseStructInit                   0x08001745   Thumb Code    18  stm32f10x_tim.o(.text)
    TIM_OCStructInit                         0x08001757   Thumb Code    20  stm32f10x_tim.o(.text)
    TIM_ICStructInit                         0x0800176b   Thumb Code    18  stm32f10x_tim.o(.text)
    TIM_BDTRStructInit                       0x0800177d   Thumb Code    40  stm32f10x_tim.o(.text)
    TIM_Cmd                                  0x080017a5   Thumb Code    24  stm32f10x_tim.o(.text)
    TIM_CtrlPWMOutputs                       0x080017bd   Thumb Code    30  stm32f10x_tim.o(.text)
    TIM_ITConfig                             0x080017db   Thumb Code    18  stm32f10x_tim.o(.text)
    TIM_GenerateEvent                        0x080017ed   Thumb Code     4  stm32f10x_tim.o(.text)
    TIM_DMAConfig                            0x080017f1   Thumb Code    10  stm32f10x_tim.o(.text)
    TIM_DMACmd                               0x080017fb   Thumb Code    18  stm32f10x_tim.o(.text)
    TIM_InternalClockConfig                  0x0800180d   Thumb Code    12  stm32f10x_tim.o(.text)
    TIM_SelectInputTrigger                   0x08001819   Thumb Code    18  stm32f10x_tim.o(.text)
    TIM_ITRxExternalClockConfig              0x0800182b   Thumb Code    24  stm32f10x_tim.o(.text)
    TIM_TIxExternalClockConfig               0x08001843   Thumb Code    62  stm32f10x_tim.o(.text)
    TIM_ETRConfig                            0x08001881   Thumb Code    28  stm32f10x_tim.o(.text)
    TIM_ETRClockMode1Config                  0x0800189d   Thumb Code    54  stm32f10x_tim.o(.text)
    TIM_ETRClockMode2Config                  0x080018d3   Thumb Code    32  stm32f10x_tim.o(.text)
    TIM_PrescalerConfig                      0x080018f3   Thumb Code     6  stm32f10x_tim.o(.text)
    TIM_CounterModeConfig                    0x080018f9   Thumb Code    18  stm32f10x_tim.o(.text)
    TIM_EncoderInterfaceConfig               0x0800190b   Thumb Code    66  stm32f10x_tim.o(.text)
    TIM_ForcedOC1Config                      0x0800194d   Thumb Code    18  stm32f10x_tim.o(.text)
    TIM_ForcedOC2Config                      0x0800195f   Thumb Code    26  stm32f10x_tim.o(.text)
    TIM_ForcedOC3Config                      0x08001979   Thumb Code    18  stm32f10x_tim.o(.text)
    TIM_ForcedOC4Config                      0x0800198b   Thumb Code    26  stm32f10x_tim.o(.text)
    TIM_ARRPreloadConfig                     0x080019a5   Thumb Code    24  stm32f10x_tim.o(.text)
    TIM_SelectCOM                            0x080019bd   Thumb Code    24  stm32f10x_tim.o(.text)
    TIM_SelectCCDMA                          0x080019d5   Thumb Code    24  stm32f10x_tim.o(.text)
    TIM_CCPreloadControl                     0x080019ed   Thumb Code    24  stm32f10x_tim.o(.text)
    TIM_OC1PreloadConfig                     0x08001a05   Thumb Code    18  stm32f10x_tim.o(.text)
    TIM_OC2PreloadConfig                     0x08001a17   Thumb Code    26  stm32f10x_tim.o(.text)
    TIM_OC3PreloadConfig                     0x08001a31   Thumb Code    18  stm32f10x_tim.o(.text)
    TIM_OC4PreloadConfig                     0x08001a43   Thumb Code    26  stm32f10x_tim.o(.text)
    TIM_OC1FastConfig                        0x08001a5d   Thumb Code    18  stm32f10x_tim.o(.text)
    TIM_OC2FastConfig                        0x08001a6f   Thumb Code    26  stm32f10x_tim.o(.text)
    TIM_OC3FastConfig                        0x08001a89   Thumb Code    18  stm32f10x_tim.o(.text)
    TIM_OC4FastConfig                        0x08001a9b   Thumb Code    26  stm32f10x_tim.o(.text)
    TIM_ClearOC1Ref                          0x08001ab5   Thumb Code    18  stm32f10x_tim.o(.text)
    TIM_ClearOC2Ref                          0x08001ac7   Thumb Code    24  stm32f10x_tim.o(.text)
    TIM_ClearOC3Ref                          0x08001adf   Thumb Code    18  stm32f10x_tim.o(.text)
    TIM_ClearOC4Ref                          0x08001af1   Thumb Code    24  stm32f10x_tim.o(.text)
    TIM_OC1PolarityConfig                    0x08001b09   Thumb Code    18  stm32f10x_tim.o(.text)
    TIM_OC1NPolarityConfig                   0x08001b1b   Thumb Code    18  stm32f10x_tim.o(.text)
    TIM_OC2PolarityConfig                    0x08001b2d   Thumb Code    26  stm32f10x_tim.o(.text)
    TIM_OC2NPolarityConfig                   0x08001b47   Thumb Code    26  stm32f10x_tim.o(.text)
    TIM_OC3PolarityConfig                    0x08001b61   Thumb Code    26  stm32f10x_tim.o(.text)
    TIM_OC3NPolarityConfig                   0x08001b7b   Thumb Code    26  stm32f10x_tim.o(.text)
    TIM_OC4PolarityConfig                    0x08001b95   Thumb Code    26  stm32f10x_tim.o(.text)
    TIM_CCxCmd                               0x08001baf   Thumb Code    30  stm32f10x_tim.o(.text)
    TIM_CCxNCmd                              0x08001bcd   Thumb Code    30  stm32f10x_tim.o(.text)
    TIM_SelectOCxM                           0x08001beb   Thumb Code    82  stm32f10x_tim.o(.text)
    TIM_UpdateDisableConfig                  0x08001c3d   Thumb Code    24  stm32f10x_tim.o(.text)
    TIM_UpdateRequestConfig                  0x08001c55   Thumb Code    24  stm32f10x_tim.o(.text)
    TIM_SelectHallSensor                     0x08001c6d   Thumb Code    24  stm32f10x_tim.o(.text)
    TIM_SelectOnePulseMode                   0x08001c85   Thumb Code    18  stm32f10x_tim.o(.text)
    TIM_SelectOutputTrigger                  0x08001c97   Thumb Code    18  stm32f10x_tim.o(.text)
    TIM_SelectSlaveMode                      0x08001ca9   Thumb Code    18  stm32f10x_tim.o(.text)
    TIM_SelectMasterSlaveMode                0x08001cbb   Thumb Code    18  stm32f10x_tim.o(.text)
    TIM_SetCounter                           0x08001ccd   Thumb Code     4  stm32f10x_tim.o(.text)
    TIM_SetAutoreload                        0x08001cd1   Thumb Code     4  stm32f10x_tim.o(.text)
    TIM_SetCompare1                          0x08001cd5   Thumb Code     4  stm32f10x_tim.o(.text)
    TIM_SetCompare2                          0x08001cd9   Thumb Code     4  stm32f10x_tim.o(.text)
    TIM_SetCompare3                          0x08001cdd   Thumb Code     4  stm32f10x_tim.o(.text)
    TIM_SetCompare4                          0x08001ce1   Thumb Code     6  stm32f10x_tim.o(.text)
    TIM_SetClockDivision                     0x08001ce7   Thumb Code    18  stm32f10x_tim.o(.text)
    TIM_GetCapture1                          0x08001cf9   Thumb Code     6  stm32f10x_tim.o(.text)
    TIM_GetCapture2                          0x08001cff   Thumb Code     6  stm32f10x_tim.o(.text)
    TIM_GetCapture3                          0x08001d05   Thumb Code     6  stm32f10x_tim.o(.text)
    TIM_GetCapture4                          0x08001d0b   Thumb Code     8  stm32f10x_tim.o(.text)
    TIM_GetCounter                           0x08001d13   Thumb Code     6  stm32f10x_tim.o(.text)
    TIM_GetPrescaler                         0x08001d19   Thumb Code     6  stm32f10x_tim.o(.text)
    TIM_GetFlagStatus                        0x08001d1f   Thumb Code    18  stm32f10x_tim.o(.text)
    TIM_ClearFlag                            0x08001d31   Thumb Code     6  stm32f10x_tim.o(.text)
    TIM_GetITStatus                          0x08001d37   Thumb Code    34  stm32f10x_tim.o(.text)
    TIM_ClearITPendingBit                    0x08001d59   Thumb Code     6  stm32f10x_tim.o(.text)
    USART_DeInit                             0x08001d61   Thumb Code   134  stm32f10x_usart.o(.text)
    USART_Init                               0x08001de7   Thumb Code   210  stm32f10x_usart.o(.text)
    USART_StructInit                         0x08001eb9   Thumb Code    24  stm32f10x_usart.o(.text)
    USART_ClockInit                          0x08001ed1   Thumb Code    34  stm32f10x_usart.o(.text)
    USART_ClockStructInit                    0x08001ef3   Thumb Code    12  stm32f10x_usart.o(.text)
    USART_Cmd                                0x08001eff   Thumb Code    24  stm32f10x_usart.o(.text)
    USART_ITConfig                           0x08001f17   Thumb Code    74  stm32f10x_usart.o(.text)
    USART_DMACmd                             0x08001f61   Thumb Code    18  stm32f10x_usart.o(.text)
    USART_SetAddress                         0x08001f73   Thumb Code    18  stm32f10x_usart.o(.text)
    USART_WakeUpConfig                       0x08001f85   Thumb Code    18  stm32f10x_usart.o(.text)
    USART_ReceiverWakeUpCmd                  0x08001f97   Thumb Code    24  stm32f10x_usart.o(.text)
    USART_LINBreakDetectLengthConfig         0x08001faf   Thumb Code    18  stm32f10x_usart.o(.text)
    USART_LINCmd                             0x08001fc1   Thumb Code    24  stm32f10x_usart.o(.text)
    USART_SendData                           0x08001fd9   Thumb Code     8  stm32f10x_usart.o(.text)
    USART_ReceiveData                        0x08001fe1   Thumb Code    10  stm32f10x_usart.o(.text)
    USART_SendBreak                          0x08001feb   Thumb Code    10  stm32f10x_usart.o(.text)
    USART_SetGuardTime                       0x08001ff5   Thumb Code    16  stm32f10x_usart.o(.text)
    USART_SetPrescaler                       0x08002005   Thumb Code    16  stm32f10x_usart.o(.text)
    USART_SmartCardCmd                       0x08002015   Thumb Code    24  stm32f10x_usart.o(.text)
    USART_SmartCardNACKCmd                   0x0800202d   Thumb Code    24  stm32f10x_usart.o(.text)
    USART_HalfDuplexCmd                      0x08002045   Thumb Code    24  stm32f10x_usart.o(.text)
    USART_OverSampling8Cmd                   0x0800205d   Thumb Code    22  stm32f10x_usart.o(.text)
    USART_OneBitMethodCmd                    0x08002073   Thumb Code    24  stm32f10x_usart.o(.text)
    USART_IrDAConfig                         0x0800208b   Thumb Code    18  stm32f10x_usart.o(.text)
    USART_IrDACmd                            0x0800209d   Thumb Code    24  stm32f10x_usart.o(.text)
    USART_GetFlagStatus                      0x080020b5   Thumb Code    26  stm32f10x_usart.o(.text)
    USART_ClearFlag                          0x080020cf   Thumb Code    18  stm32f10x_usart.o(.text)
    USART_GetITStatus                        0x080020e1   Thumb Code    84  stm32f10x_usart.o(.text)
    USART_ClearITPendingBit                  0x08002135   Thumb Code    52  stm32f10x_usart.o(.text)
    SPI_I2S_DeInit                           0x08002169   Thumb Code    76  stm32f10x_spi.o(.text)
    SPI_Init                                 0x080021b5   Thumb Code    60  stm32f10x_spi.o(.text)
    I2S_Init                                 0x080021f1   Thumb Code   226  stm32f10x_spi.o(.text)
    SPI_StructInit                           0x080022d3   Thumb Code    24  stm32f10x_spi.o(.text)
    I2S_StructInit                           0x080022eb   Thumb Code    20  stm32f10x_spi.o(.text)
    SPI_Cmd                                  0x080022ff   Thumb Code    24  stm32f10x_spi.o(.text)
    I2S_Cmd                                  0x08002317   Thumb Code    24  stm32f10x_spi.o(.text)
    SPI_I2S_ITConfig                         0x0800232f   Thumb Code    32  stm32f10x_spi.o(.text)
    SPI_I2S_DMACmd                           0x0800234f   Thumb Code    18  stm32f10x_spi.o(.text)
    SPI_I2S_SendData                         0x08002361   Thumb Code     4  stm32f10x_spi.o(.text)
    SPI_I2S_ReceiveData                      0x08002365   Thumb Code     6  stm32f10x_spi.o(.text)
    SPI_NSSInternalSoftwareConfig            0x0800236b   Thumb Code    30  stm32f10x_spi.o(.text)
    SPI_SSOutputCmd                          0x08002389   Thumb Code    24  stm32f10x_spi.o(.text)
    SPI_DataSizeConfig                       0x080023a1   Thumb Code    18  stm32f10x_spi.o(.text)
    SPI_TransmitCRC                          0x080023b3   Thumb Code    10  stm32f10x_spi.o(.text)
    SPI_CalculateCRC                         0x080023bd   Thumb Code    24  stm32f10x_spi.o(.text)
    SPI_GetCRC                               0x080023d5   Thumb Code    16  stm32f10x_spi.o(.text)
    SPI_GetCRCPolynomial                     0x080023e5   Thumb Code     6  stm32f10x_spi.o(.text)
    SPI_BiDirectionalLineConfig              0x080023eb   Thumb Code    28  stm32f10x_spi.o(.text)
    SPI_I2S_GetFlagStatus                    0x08002407   Thumb Code    18  stm32f10x_spi.o(.text)
    SPI_I2S_ClearFlag                        0x08002419   Thumb Code     6  stm32f10x_spi.o(.text)
    SPI_I2S_GetITStatus                      0x0800241f   Thumb Code    52  stm32f10x_spi.o(.text)
    SPI_I2S_ClearITPendingBit                0x08002453   Thumb Code    20  stm32f10x_spi.o(.text)
    INIT_KEY                                 0x08002475   Thumb Code    38  key.o(.text)
    LED_Init                                 0x080024a1   Thumb Code    68  led.o(.text)
    get_shidukey                             0x080024e5   Thumb Code   290  led.o(.text)
    usart2_write                             0x08002719   Thumb Code    56  usart2.o(.text)
    USART2_IRQHandler                        0x08002751   Thumb Code    74  usart2.o(.text)
    usart2_init                              0x0800279b   Thumb Code   168  usart2.o(.text)
    u2_printf                                0x08002843   Thumb Code    72  usart2.o(.text)
    ESP8266_Init                             0x080028a1   Thumb Code    46  esp8266.o(.text)
    SendCmd                                  0x080028cf   Thumb Code    78  esp8266.o(.text)
    ESP8266_DevLink                          0x0800291d   Thumb Code   150  esp8266.o(.text)
    SEND_DATA                                0x080029b3   Thumb Code   228  esp8266.o(.text)
    ESP8266_SendDat                          0x08002a97   Thumb Code   106  esp8266.o(.text)
    ESP8266_CheckStatus                      0x08002b01   Thumb Code   134  esp8266.o(.text)
    usart3_write                             0x08002cd5   Thumb Code    56  usart3.o(.text)
    USART3_IRQHandler                        0x08002d0d   Thumb Code   136  usart3.o(.text)
    usart3_init                              0x08002d95   Thumb Code   190  usart3.o(.text)
    u3_printf                                0x08002e53   Thumb Code    72  usart3.o(.text)
    TIM7_IRQHandler                          0x08002ec5   Thumb Code    42  timer.o(.text)
    TIM7_Int_Init                            0x08002eef   Thumb Code    90  timer.o(.text)
    NRF24L01_Init                            0x08002f51   Thumb Code   198  24l01.o(.text)
    NRF24L01_Read_Buf                        0x08003017   Thumb Code    60  24l01.o(.text)
    NRF24L01_Write_Buf                       0x08003053   Thumb Code    60  24l01.o(.text)
    NRF24L01_Check                           0x0800308f   Thumb Code    72  24l01.o(.text)
    NRF24L01_Write_Reg                       0x080030d7   Thumb Code    40  24l01.o(.text)
    NRF24L01_Read_Reg                        0x080030ff   Thumb Code    38  24l01.o(.text)
    NRF24L01_TxPacket                        0x08003125   Thumb Code    94  24l01.o(.text)
    NRF24L01_TX_Mode0                        0x08003183   Thumb Code    76  24l01.o(.text)
    NRF24L01_TX_Mode1                        0x080031cf   Thumb Code    76  24l01.o(.text)
    NRF24L01_RxPacket                        0x0800321b   Thumb Code    58  24l01.o(.text)
    NRF24L01_RX_Mode                         0x08003255   Thumb Code    76  24l01.o(.text)
    SPI2_ReadWriteByte                       0x080032c5   Thumb Code    78  spi.o(.text)
    SPI2_Init                                0x08003313   Thumb Code   140  spi.o(.text)
    SPI2_SetSpeed                            0x0800339f   Thumb Code    36  spi.o(.text)
    TIM2_IRQHandler                          0x080033cd   Thumb Code   438  time2.o(.text)
    TIM2_Int_Init                            0x08003583   Thumb Code    92  time2.o(.text)
    delay_init                               0x0800363d   Thumb Code    50  delay.o(.text)
    delay_us                                 0x0800366f   Thumb Code    72  delay.o(.text)
    delay_ms                                 0x080036b7   Thumb Code    72  delay.o(.text)
    _sys_exit                                0x08003711   Thumb Code     6  usart.o(.text)
    fputc                                    0x08003717   Thumb Code    24  usart.o(.text)
    uart_init                                0x0800372f   Thumb Code   152  usart.o(.text)
    USART1_IRQHandler                        0x080037c7   Thumb Code   122  usart.o(.text)
    cJSON_GetErrorPtr                        0x08003851   Thumb Code     6  cjson.o(.text)
    cJSON_InitHooks                          0x080038cd   Thumb Code    48  cjson.o(.text)
    cJSON_Delete                             0x08003917   Thumb Code    82  cjson.o(.text)
    cJSON_ParseWithOpts                      0x080044c1   Thumb Code    96  cjson.o(.text)
    cJSON_Parse                              0x08004521   Thumb Code    16  cjson.o(.text)
    cJSON_Print                              0x08004cb1   Thumb Code    18  cjson.o(.text)
    cJSON_PrintUnformatted                   0x08004cc3   Thumb Code    18  cjson.o(.text)
    cJSON_PrintBuffered                      0x08004cd5   Thumb Code    54  cjson.o(.text)
    cJSON_GetArraySize                       0x08004d0b   Thumb Code    18  cjson.o(.text)
    cJSON_GetArrayItem                       0x08004d1d   Thumb Code    18  cjson.o(.text)
    cJSON_GetObjectItem                      0x08004d2f   Thumb Code    30  cjson.o(.text)
    cJSON_AddItemToArray                     0x08004d83   Thumb Code    42  cjson.o(.text)
    cJSON_AddItemToObject                    0x08004dad   Thumb Code    44  cjson.o(.text)
    cJSON_AddItemToObjectCS                  0x08004dd9   Thumb Code    54  cjson.o(.text)
    cJSON_AddItemReferenceToArray            0x08004e0f   Thumb Code    24  cjson.o(.text)
    cJSON_AddItemReferenceToObject           0x08004e27   Thumb Code    32  cjson.o(.text)
    cJSON_DetachItemFromArray                0x08004e47   Thumb Code    66  cjson.o(.text)
    cJSON_DeleteItemFromArray                0x08004e89   Thumb Code    22  cjson.o(.text)
    cJSON_DetachItemFromObject               0x08004e9f   Thumb Code    50  cjson.o(.text)
    cJSON_DeleteItemFromObject               0x08004ed1   Thumb Code    22  cjson.o(.text)
    cJSON_InsertItemInArray                  0x08004ee7   Thumb Code    64  cjson.o(.text)
    cJSON_ReplaceItemInArray                 0x08004f27   Thumb Code    76  cjson.o(.text)
    cJSON_ReplaceItemInObject                0x08004f73   Thumb Code    62  cjson.o(.text)
    cJSON_CreateNull                         0x08004fb1   Thumb Code    18  cjson.o(.text)
    cJSON_CreateTrue                         0x08004fc3   Thumb Code    18  cjson.o(.text)
    cJSON_CreateFalse                        0x08004fd5   Thumb Code    18  cjson.o(.text)
    cJSON_CreateBool                         0x08004fe7   Thumb Code    26  cjson.o(.text)
    cJSON_CreateNumber                       0x08005001   Thumb Code    36  cjson.o(.text)
    cJSON_CreateString                       0x08005025   Thumb Code    28  cjson.o(.text)
    cJSON_CreateArray                        0x08005041   Thumb Code    18  cjson.o(.text)
    cJSON_CreateObject                       0x08005053   Thumb Code    18  cjson.o(.text)
    cJSON_CreateIntArray                     0x08005065   Thumb Code    68  cjson.o(.text)
    cJSON_CreateFloatArray                   0x080050a9   Thumb Code    68  cjson.o(.text)
    cJSON_CreateDoubleArray                  0x080050ed   Thumb Code    68  cjson.o(.text)
    cJSON_CreateStringArray                  0x08005131   Thumb Code    62  cjson.o(.text)
    cJSON_Duplicate                          0x0800516f   Thumb Code   180  cjson.o(.text)
    cJSON_Minify                             0x08005223   Thumb Code   186  cjson.o(.text)
    assert                                   0x080052dd   Thumb Code     2  edpkit.o(.text)
    NewBuffer                                0x080052e5   Thumb Code    36  edpkit.o(.text)
    DeleteBuffer                             0x08005309   Thumb Code    26  edpkit.o(.text)
    CheckCapacity                            0x08005323   Thumb Code    90  edpkit.o(.text)
    ReadByte                                 0x0800537d   Thumb Code    36  edpkit.o(.text)
    ReadBytes                                0x080053a1   Thumb Code    56  edpkit.o(.text)
    ReadUint16                               0x080053d9   Thumb Code    54  edpkit.o(.text)
    ReadUint32                               0x0800540f   Thumb Code    54  edpkit.o(.text)
    ReadStr                                  0x08005445   Thumb Code   102  edpkit.o(.text)
    ReadRemainlen                            0x080054ab   Thumb Code    84  edpkit.o(.text)
    WriteByte                                0x080054ff   Thumb Code    54  edpkit.o(.text)
    WriteBytes                               0x08005535   Thumb Code    64  edpkit.o(.text)
    WriteUint16                              0x08005575   Thumb Code    50  edpkit.o(.text)
    WriteUint32                              0x080055a7   Thumb Code    74  edpkit.o(.text)
    WriteStr                                 0x080055f1   Thumb Code    62  edpkit.o(.text)
    WriteRemainlen                           0x0800562f   Thumb Code    80  edpkit.o(.text)
    PacketConnect1                           0x0800567f   Thumb Code   106  edpkit.o(.text)
    PacketConnect2                           0x080056e9   Thumb Code   124  edpkit.o(.text)
    PacketPushdata                           0x08005765   Thumb Code    70  edpkit.o(.text)
    PacketSavedataJson                       0x080057ab   Thumb Code   142  edpkit.o(.text)
    PacketSavedataInt                        0x08005d15   Thumb Code    98  edpkit.o(.text)
    PacketSavedataDouble                     0x08005d77   Thumb Code   112  edpkit.o(.text)
    PacketSavedataString                     0x08005de7   Thumb Code    98  edpkit.o(.text)
    UnpackSavedataJson                       0x08005e49   Thumb Code    68  edpkit.o(.text)
    UnpackSavedataInt                        0x080063df   Thumb Code    88  edpkit.o(.text)
    UnpackSavedataDouble                     0x08006437   Thumb Code    88  edpkit.o(.text)
    UnpackSavedataString                     0x0800648f   Thumb Code    88  edpkit.o(.text)
    UnpackSavedataAck                        0x080064e7   Thumb Code    86  edpkit.o(.text)
    PacketSavedataBin                        0x0800653d   Thumb Code   200  edpkit.o(.text)
    PacketSavedataBinStr                     0x08006605   Thumb Code   182  edpkit.o(.text)
    PacketCmdResp                            0x080066bb   Thumb Code    98  edpkit.o(.text)
    PacketPing                               0x0800671d   Thumb Code    30  edpkit.o(.text)
    IsPkgComplete                            0x0800673b   Thumb Code    98  edpkit.o(.text)
    GetEdpPacket                             0x0800679d   Thumb Code    80  edpkit.o(.text)
    EdpPacketType                            0x080067ed   Thumb Code    22  edpkit.o(.text)
    UnpackConnectResp                        0x08006803   Thumb Code    76  edpkit.o(.text)
    UnpackPushdata                           0x0800684f   Thumb Code   102  edpkit.o(.text)
    UnpackSavedata                           0x080068b5   Thumb Code    88  edpkit.o(.text)
    UnpackSavedataBin                        0x0800690d   Thumb Code   108  edpkit.o(.text)
    UnpackSavedataBinStr                     0x08006979   Thumb Code    88  edpkit.o(.text)
    UnpackCmdReq                             0x080069d1   Thumb Code   128  edpkit.o(.text)
    UnpackPingResp                           0x08006a51   Thumb Code    44  edpkit.o(.text)
    PacketSavedataSimpleString               0x08006a7d   Thumb Code   120  edpkit.o(.text)
    UnpackSavedataSimpleString               0x08006af5   Thumb Code    26  edpkit.o(.text)
    malloc                                   0x08006b15   Thumb Code    94  h1_alloc.o(.text)
    free                                     0x08006b73   Thumb Code    78  h1_free.o(.text)
    tolower                                  0x08006bc1   Thumb Code    26  tolower.o(.text)
    __c89vsprintf                            0x08006bdd   Thumb Code    32  c89vsprintf.o(.text)
    __2printf                                0x08006c01   Thumb Code    20  __2printf.o(.text)
    __2sprintf                               0x08006c19   Thumb Code    38  __2sprintf.o(.text)
    _printf_pre_padding                      0x08006c45   Thumb Code    44  _printf_pad.o(.text)
    _printf_post_padding                     0x08006c71   Thumb Code    34  _printf_pad.o(.text)
    _printf_str                              0x08006c93   Thumb Code    82  _printf_str.o(.text)
    _printf_int_dec                          0x08006ce5   Thumb Code   100  _printf_dec.o(.text)
    _printf_longlong_hex                     0x08006d59   Thumb Code    86  _printf_hex_int_ll_ptr.o(.text)
    _printf_int_hex                          0x08006daf   Thumb Code    28  _printf_hex_int_ll_ptr.o(.text)
    _printf_ll_hex                           0x08006dcb   Thumb Code    12  _printf_hex_int_ll_ptr.o(.text)
    _printf_hex_ptr                          0x08006dd7   Thumb Code    18  _printf_hex_int_ll_ptr.o(.text)
    __printf                                 0x08006ded   Thumb Code   388  __printf_flags_ss_wp.o(.text)
    strchr                                   0x08006f75   Thumb Code    20  strchr.o(.text)
    strstr                                   0x08006f89   Thumb Code    36  strstr.o(.text)
    strcpy                                   0x08006fad   Thumb Code    72  strcpy.o(.text)
    strlen                                   0x08006ff5   Thumb Code    62  strlen.o(.text)
    strncmp                                  0x08007033   Thumb Code   150  strncmp.o(.text)
    strcat                                   0x080070c9   Thumb Code    24  strcat.o(.text)
    __aeabi_memcpy                           0x080070e1   Thumb Code     0  rt_memcpy_v6.o(.text)
    __rt_memcpy                              0x080070e1   Thumb Code   138  rt_memcpy_v6.o(.text)
    _memcpy_lastbytes                        0x08007147   Thumb Code     0  rt_memcpy_v6.o(.text)
    __aeabi_memmove                          0x0800716b   Thumb Code     0  rt_memmove_v6.o(.text)
    __rt_memmove                             0x0800716b   Thumb Code   132  rt_memmove_v6.o(.text)
    __memmove_lastfew                        0x080071cb   Thumb Code     0  rt_memmove_v6.o(.text)
    __aeabi_memcpy4                          0x080071ef   Thumb Code     0  rt_memcpy_w.o(.text)
    __aeabi_memcpy8                          0x080071ef   Thumb Code     0  rt_memcpy_w.o(.text)
    __rt_memcpy_w                            0x080071ef   Thumb Code   100  rt_memcpy_w.o(.text)
    _memcpy_lastbytes_aligned                0x08007237   Thumb Code     0  rt_memcpy_w.o(.text)
    __aeabi_memclr                           0x08007253   Thumb Code     0  rt_memclr.o(.text)
    __rt_memclr                              0x08007253   Thumb Code    68  rt_memclr.o(.text)
    _memset                                  0x08007257   Thumb Code     0  rt_memclr.o(.text)
    __aeabi_memclr4                          0x08007297   Thumb Code     0  rt_memclr_w.o(.text)
    __aeabi_memclr8                          0x08007297   Thumb Code     0  rt_memclr_w.o(.text)
    __rt_memclr_w                            0x08007297   Thumb Code    78  rt_memclr_w.o(.text)
    _memset_w                                0x0800729b   Thumb Code     0  rt_memclr_w.o(.text)
    strncpy                                  0x080072e5   Thumb Code    86  strncpy.o(.text)
    __use_two_region_memory                  0x0800733b   Thumb Code     2  heapauxi.o(.text)
    __rt_heap_escrow                         0x0800733d   Thumb Code     2  heapauxi.o(.text)
    __rt_heap_expand                         0x0800733f   Thumb Code     2  heapauxi.o(.text)
    __rt_ctype_table                         0x08007341   Thumb Code    16  rt_ctype_table.o(.text)
    __rt_heap_descriptor                     0x08007351   Thumb Code     8  rt_heap_descriptor_intlibspace.o(.text)
    __use_no_heap                            0x08007359   Thumb Code     2  hguard.o(.text)
    __heap$guard                             0x0800735b   Thumb Code     2  hguard.o(.text)
    _terminate_user_alloc                    0x0800735d   Thumb Code     2  init_alloc.o(.text)
    _init_user_alloc                         0x0800735f   Thumb Code     2  init_alloc.o(.text)
    __Heap_Full                              0x08007361   Thumb Code    34  init_alloc.o(.text)
    __Heap_Broken                            0x08007383   Thumb Code     6  init_alloc.o(.text)
    _init_alloc                              0x08007389   Thumb Code    94  init_alloc.o(.text)
    __Heap_Initialize                        0x080073e7   Thumb Code    10  h1_init.o(.text)
    __Heap_DescSize                          0x080073f1   Thumb Code     4  h1_init.o(.text)
    __read_errno                             0x080073f5   Thumb Code    10  _rserrno.o(.text)
    __set_errno                              0x080073ff   Thumb Code    12  _rserrno.o(.text)
    _printf_truncate_signed                  0x0800740b   Thumb Code    18  _printf_truncate.o(.text)
    _printf_truncate_unsigned                0x0800741d   Thumb Code    18  _printf_truncate.o(.text)
    _printf_int_common                       0x0800742f   Thumb Code   178  _printf_intcommon.o(.text)
    _printf_charcount                        0x080074e1   Thumb Code    40  _printf_charcount.o(.text)
    __lib_sel_fp_printf                      0x08007509   Thumb Code     2  _printf_fp_dec.o(.text)
    _printf_fp_dec_real                      0x080076b7   Thumb Code   616  _printf_fp_dec.o(.text)
    _printf_char_common                      0x0800792b   Thumb Code    32  _printf_char_common.o(.text)
    _sputc                                   0x08007951   Thumb Code    10  _sputc.o(.text)
    _printf_cs_common                        0x0800795b   Thumb Code    20  _printf_char.o(.text)
    _printf_char                             0x0800796f   Thumb Code    16  _printf_char.o(.text)
    _printf_string                           0x0800797f   Thumb Code     8  _printf_char.o(.text)
    _printf_char_file                        0x08007989   Thumb Code    32  _printf_char_file.o(.text)
    _printf_wctomb                           0x080079ad   Thumb Code   182  _printf_wctomb.o(.text)
    _printf_longlong_dec                     0x08007a69   Thumb Code   104  _printf_longlong_dec.o(.text)
    _printf_longlong_oct                     0x08007ae1   Thumb Code    68  _printf_oct_int_ll.o(.text)
    _printf_int_oct                          0x08007b25   Thumb Code    24  _printf_oct_int_ll.o(.text)
    _printf_ll_oct                           0x08007b3d   Thumb Code    12  _printf_oct_int_ll.o(.text)
    __aeabi_memmove4                         0x08007b51   Thumb Code     0  rt_memmove_w.o(.text)
    __aeabi_memmove8                         0x08007b51   Thumb Code     0  rt_memmove_w.o(.text)
    __rt_memmove_w                           0x08007b51   Thumb Code   122  rt_memmove_w.o(.text)
    __memmove_aligned                        0x08007b77   Thumb Code     0  rt_memmove_w.o(.text)
    __memmove_lastfew_aligned                0x08007baf   Thumb Code     0  rt_memmove_w.o(.text)
    __user_libspace                          0x08007bcd   Thumb Code     8  libspace.o(.text)
    __user_perproc_libspace                  0x08007bcd   Thumb Code     0  libspace.o(.text)
    __user_perthread_libspace                0x08007bcd   Thumb Code     0  libspace.o(.text)
    __rt_locale                              0x08007bd5   Thumb Code     8  rt_locale_intlibspace.o(.text)
    __aeabi_errno_addr                       0x08007bdd   Thumb Code     8  rt_errno_addr_intlibspace.o(.text)
    __errno$intlibspace                      0x08007bdd   Thumb Code     0  rt_errno_addr_intlibspace.o(.text)
    __rt_errno_addr$intlibspace              0x08007bdd   Thumb Code     0  rt_errno_addr_intlibspace.o(.text)
    __Heap_ProvideMemory                     0x08007be5   Thumb Code    52  h1_extend.o(.text)
    _ll_udiv10                               0x08007c19   Thumb Code   138  lludiv10.o(.text)
    _printf_fp_infnan                        0x08007ca5   Thumb Code   112  _printf_fp_infnan.o(.text)
    _printf_lcs_common                       0x08007d25   Thumb Code    20  _printf_wchar.o(.text)
    _printf_wchar                            0x08007d39   Thumb Code    16  _printf_wchar.o(.text)
    _printf_wstring                          0x08007d49   Thumb Code     8  _printf_wchar.o(.text)
    _btod_etento                             0x08007d51   Thumb Code   212  bigflt0.o(.text)
    ferror                                   0x08007e29   Thumb Code     8  ferror.o(.text)
    _wcrtomb                                 0x08007e31   Thumb Code    64  _wcrtomb.o(.text)
    __rt_SIGRTMEM                            0x08007e71   Thumb Code    14  defsig_rtmem_outer.o(.text)
    __I$use$semihosting                      0x08007e7f   Thumb Code     0  use_no_semi.o(.text)
    __use_no_semihosting_swi                 0x08007e7f   Thumb Code     2  use_no_semi.o(.text)
    __semihosting_library_function           0x08007e81   Thumb Code     0  indicate_semi.o(.text)
    __user_setup_stackheap                   0x08007e81   Thumb Code    74  sys_stackheap_outer.o(.text)
    exit                                     0x08007ecb   Thumb Code    12  exit.o(.text)
    __sig_exit                               0x08007ed7   Thumb Code    10  defsig_exit.o(.text)
    __rt_SIGRTMEM_inner                      0x08007ee1   Thumb Code    22  defsig_rtmem_inner.o(.text)
    strcmp                                   0x08007f31   Thumb Code   128  strcmpv7m.o(.text)
    __default_signal_display                 0x08007fb1   Thumb Code    50  defsig_general.o(.text)
    _ttywrch                                 0x08007fe3   Thumb Code    14  sys_wrch.o(.text)
    _btod_d2e                                0x08007ff1   Thumb Code    62  btod.o(CL$$btod_d2e)
    _d2e_denorm_low                          0x0800802f   Thumb Code    70  btod.o(CL$$btod_d2e_denorm_low)
    _d2e_norm_op1                            0x08008075   Thumb Code    96  btod.o(CL$$btod_d2e_norm_op1)
    __btod_div_common                        0x080080d5   Thumb Code   696  btod.o(CL$$btod_div_common)
    _e2e                                     0x0800840d   Thumb Code   198  btod.o(CL$$btod_e2e)
    _btod_ediv                               0x080084d3   Thumb Code    40  btod.o(CL$$btod_ediv)
    _btod_emul                               0x080084fb   Thumb Code    40  btod.o(CL$$btod_emul)
    __btod_mult_common                       0x08008523   Thumb Code   580  btod.o(CL$$btod_mult_common)
    __ARM_fpclassify                         0x08008767   Thumb Code    40  fpclassify.o(i.__ARM_fpclassify)
    __kernel_poly                            0x0800878f   Thumb Code   170  poly.o(i.__kernel_poly)
    __mathlib_dbl_underflow                  0x08008839   Thumb Code    10  dunder.o(i.__mathlib_dbl_underflow)
    _is_digit                                0x08008849   Thumb Code    14  __printf_wp.o(i._is_digit)
    floor                                    0x08008859   Thumb Code   204  floor.o(i.floor)
    pow                                      0x08008935   Thumb Code  2510  pow.o(i.pow)
    sqrt                                     0x08009315   Thumb Code    76  sqrt.o(i.sqrt)
    _get_lc_ctype                            0x08009361   Thumb Code    44  lc_ctype_c.o(locale$$code)
    _get_lc_numeric                          0x0800938d   Thumb Code    44  lc_numeric_c.o(locale$$code)
    __aeabi_dadd                             0x080093b9   Thumb Code     0  daddsub_clz.o(x$fpl$dadd)
    _dadd                                    0x080093b9   Thumb Code   332  daddsub_clz.o(x$fpl$dadd)
    __fpl_dcheck_NaN1                        0x08009509   Thumb Code    10  dcheck1.o(x$fpl$dcheck1)
    __fpl_dcmp_Inf                           0x08009519   Thumb Code    24  dcmpi.o(x$fpl$dcmpinf)
    __aeabi_ddiv                             0x08009531   Thumb Code     0  ddiv.o(x$fpl$ddiv)
    _ddiv                                    0x08009531   Thumb Code   552  ddiv.o(x$fpl$ddiv)
    __aeabi_cdcmpeq                          0x080097e1   Thumb Code     0  deqf.o(x$fpl$deqf)
    _dcmpeq                                  0x080097e1   Thumb Code   120  deqf.o(x$fpl$deqf)
    __aeabi_d2iz                             0x08009859   Thumb Code     0  dfix.o(x$fpl$dfix)
    _dfix                                    0x08009859   Thumb Code    94  dfix.o(x$fpl$dfix)
    __aeabi_i2d                              0x080098b7   Thumb Code     0  dflt_clz.o(x$fpl$dflt)
    _dflt                                    0x080098b7   Thumb Code    46  dflt_clz.o(x$fpl$dflt)
    __aeabi_cdcmple                          0x080098e5   Thumb Code     0  dleqf.o(x$fpl$dleqf)
    _dcmple                                  0x080098e5   Thumb Code   120  dleqf.o(x$fpl$dleqf)
    __fpl_dcmple_InfNaN                      0x08009947   Thumb Code     0  dleqf.o(x$fpl$dleqf)
    __aeabi_dmul                             0x0800995d   Thumb Code     0  dmul.o(x$fpl$dmul)
    _dmul                                    0x0800995d   Thumb Code   332  dmul.o(x$fpl$dmul)
    __fpl_dnaninf                            0x08009ab1   Thumb Code   156  dnaninf.o(x$fpl$dnaninf)
    __fpl_dretinf                            0x08009b4d   Thumb Code    12  dretinf.o(x$fpl$dretinf)
    __aeabi_cdrcmple                         0x08009b59   Thumb Code     0  drleqf.o(x$fpl$drleqf)
    _drcmple                                 0x08009b59   Thumb Code   108  drleqf.o(x$fpl$drleqf)
    __aeabi_drsub                            0x08009bc5   Thumb Code     0  daddsub_clz.o(x$fpl$drsb)
    _drsb                                    0x08009bc5   Thumb Code    22  daddsub_clz.o(x$fpl$drsb)
    _dsqrt                                   0x08009bdd   Thumb Code   456  dsqrt_noumaal.o(x$fpl$dsqrt)
    __aeabi_dsub                             0x08009da9   Thumb Code     0  daddsub_clz.o(x$fpl$dsub)
    _dsub                                    0x08009da9   Thumb Code   464  daddsub_clz.o(x$fpl$dsub)
    __aeabi_f2d                              0x08009f7d   Thumb Code     0  f2d.o(x$fpl$f2d)
    _f2d                                     0x08009f7d   Thumb Code    86  f2d.o(x$fpl$f2d)
    __fpl_fnaninf                            0x08009fd3   Thumb Code   140  fnaninf.o(x$fpl$fnaninf)
    _printf_fp_dec                           0x0800a05f   Thumb Code     4  printf1.o(x$fpl$printf1)
    __fpl_return_NaN                         0x0800a063   Thumb Code   100  retnan.o(x$fpl$retnan)
    __ARM_scalbn                             0x0800a0c7   Thumb Code    92  scalbn.o(x$fpl$scalbn)
    __fpl_cmpreturn                          0x0800a123   Thumb Code    48  trapv.o(x$fpl$trapveneer)
    TX_ADDRESS                               0x0800a152   Data           5  24l01.o(.constdata)
    __I$use$fp                               0x0800a152   Number         0  usenofp.o(x$fpl$usenofp)
    RX_ADDRESS                               0x0800a157   Data           5  24l01.o(.constdata)
    __mathlib_zero                           0x0800a230   Data           8  qnan.o(.constdata)
    Region$$Table$$Base                      0x0800a2cc   Number         0  anon$$obj.o(Region$$Table)
    Region$$Table$$Limit                     0x0800a2ec   Number         0  anon$$obj.o(Region$$Table)
    __ctype                                  0x0800a2f9   Data           0  lc_ctype_c.o(locale$$data)
    SystemCoreClock                          0x20000000   Data           4  system_stm32f10x.o(.data)
    AHBPrescTable                            0x20000004   Data          16  system_stm32f10x.o(.data)
    flag_led0                                0x20000028   Data           1  led.o(.data)
    flag_led1                                0x20000029   Data           1  led.o(.data)
    flag_motor                               0x2000002a   Data           1  led.o(.data)
    flag_feng                                0x2000002b   Data           1  led.o(.data)
    flag_beng                                0x2000002c   Data           1  led.o(.data)
    flag_hot                                 0x2000002d   Data           1  led.o(.data)
    USART2_RX_STA                            0x20000030   Data           4  usart2.o(.data)
    send_pkg                                 0x20000034   Data           4  esp8266.o(.data)
    USART3_RX_STA                            0x20000038   Data           4  usart3.o(.data)
    USART3_RX_comSTA                         0x2000003c   Data           4  usart3.o(.data)
    rcv_cmd_start                            0x20000040   Data           1  usart3.o(.data)
    rcv_cmd_flag                             0x20000041   Data           1  usart3.o(.data)
    s                                        0x20000044   Data           4  time2.o(.data)
    tmp_buf_TX0                              0x20000048   Data           2  time2.o(.data)
    flag_date                                0x2000004a   Data           1  time2.o(.data)
    __stdout                                 0x20000054   Data           4  usart.o(.data)
    USART_RX_STA                             0x20000058   Data           2  usart.o(.data)
    USART2_RX_BUF                            0x20000068   Data         600  usart2.o(.bss)
    USART2_TX_BUF                            0x200002c0   Data         600  usart2.o(.bss)
    send_buf                                 0x20000518   Data        1024  esp8266.o(.bss)
    USART3_RX_BUF                            0x20000918   Data        1024  usart3.o(.bss)
    USART3_TX_BUF                            0x20000d18   Data        1024  usart3.o(.bss)
    USART3_RX_comBUF                         0x20001118   Data         256  usart3.o(.bss)
    tmp_buf_RX                               0x20001218   Data          14  time2.o(.bss)
    tmp_buf_TX1                              0x20001226   Data          11  time2.o(.bss)
    USART_RX_BUF                             0x20001231   Data         200  usart.o(.bss)
    __libspace_start                         0x200012fc   Data          96  libspace.o(.bss)
    __temporary_stack_top$libspace           0x2000135c   Data           0  libspace.o(.bss)



==============================================================================

Memory Map of the image

  Image Entry point : 0x08000131

  Load Region LR_IROM1 (Base: 0x08000000, Size: 0x0000a480, Max: 0x00080000, ABSOLUTE)

    Execution Region ER_IROM1 (Base: 0x08000000, Size: 0x0000a418, Max: 0x00080000, ABSOLUTE)

    Base Addr    Size         Type   Attr      Idx    E Section Name        Object

    0x08000000   0x00000130   Data   RO          285    RESET               startup_stm32f10x_hd.o
    0x08000130   0x00000008   Code   RO          961  * !!!main             c_w.l(__main.o)
    0x08000138   0x00000034   Code   RO         1347    !!!scatter          c_w.l(__scatter.o)
    0x0800016c   0x0000001a   Code   RO         1349    !!handler_copy      c_w.l(__scatter_copy.o)
    0x08000186   0x00000002   PAD
    0x08000188   0x0000001c   Code   RO         1351    !!handler_zi        c_w.l(__scatter_zi.o)
    0x080001a4   0x00000000   Code   RO          934    .ARM.Collect$$_printf_percent$$00000000  c_w.l(_printf_percent.o)
    0x080001a4   0x00000006   Code   RO         1065    .ARM.Collect$$_printf_percent$$00000001  c_w.l(_printf_n.o)
    0x080001aa   0x00000006   Code   RO         1066    .ARM.Collect$$_printf_percent$$00000002  c_w.l(_printf_p.o)
    0x080001b0   0x00000006   Code   RO          932    .ARM.Collect$$_printf_percent$$00000003  c_w.l(_printf_f.o)
    0x080001b6   0x00000006   Code   RO          933    .ARM.Collect$$_printf_percent$$00000004  c_w.l(_printf_e.o)
    0x080001bc   0x00000006   Code   RO         1070    .ARM.Collect$$_printf_percent$$00000005  c_w.l(_printf_g.o)
    0x080001c2   0x00000006   Code   RO         1071    .ARM.Collect$$_printf_percent$$00000006  c_w.l(_printf_a.o)
    0x080001c8   0x0000000a   Code   RO         1076    .ARM.Collect$$_printf_percent$$00000007  c_w.l(_printf_ll.o)
    0x080001d2   0x00000006   Code   RO         1068    .ARM.Collect$$_printf_percent$$00000008  c_w.l(_printf_i.o)
    0x080001d8   0x00000006   Code   RO          931    .ARM.Collect$$_printf_percent$$00000009  c_w.l(_printf_d.o)
    0x080001de   0x00000006   Code   RO         1069    .ARM.Collect$$_printf_percent$$0000000A  c_w.l(_printf_u.o)
    0x080001e4   0x00000006   Code   RO         1067    .ARM.Collect$$_printf_percent$$0000000B  c_w.l(_printf_o.o)
    0x080001ea   0x00000006   Code   RO          930    .ARM.Collect$$_printf_percent$$0000000C  c_w.l(_printf_x.o)
    0x080001f0   0x00000006   Code   RO         1073    .ARM.Collect$$_printf_percent$$0000000D  c_w.l(_printf_lli.o)
    0x080001f6   0x00000006   Code   RO         1074    .ARM.Collect$$_printf_percent$$0000000E  c_w.l(_printf_lld.o)
    0x080001fc   0x00000006   Code   RO         1075    .ARM.Collect$$_printf_percent$$0000000F  c_w.l(_printf_llu.o)
    0x08000202   0x00000006   Code   RO         1080    .ARM.Collect$$_printf_percent$$00000010  c_w.l(_printf_llo.o)
    0x08000208   0x00000006   Code   RO         1081    .ARM.Collect$$_printf_percent$$00000011  c_w.l(_printf_llx.o)
    0x0800020e   0x0000000a   Code   RO         1077    .ARM.Collect$$_printf_percent$$00000012  c_w.l(_printf_l.o)
    0x08000218   0x00000006   Code   RO         1064    .ARM.Collect$$_printf_percent$$00000013  c_w.l(_printf_c.o)
    0x0800021e   0x00000006   Code   RO          929    .ARM.Collect$$_printf_percent$$00000014  c_w.l(_printf_s.o)
    0x08000224   0x00000006   Code   RO         1078    .ARM.Collect$$_printf_percent$$00000015  c_w.l(_printf_lc.o)
    0x0800022a   0x00000006   Code   RO         1079    .ARM.Collect$$_printf_percent$$00000016  c_w.l(_printf_ls.o)
    0x08000230   0x00000004   Code   RO         1072    .ARM.Collect$$_printf_percent$$00000017  c_w.l(_printf_percent_end.o)
    0x08000234   0x00000002   Code   RO         1285    .ARM.Collect$$libinit$$00000000  c_w.l(libinit.o)
    0x08000236   0x00000000   Code   RO         1087    .ARM.Collect$$libinit$$00000002  c_w.l(libinit2.o)
    0x08000236   0x00000008   Code   RO         1088    .ARM.Collect$$libinit$$00000003  c_w.l(libinit2.o)
    0x0800023e   0x00000000   Code   RO         1090    .ARM.Collect$$libinit$$00000008  c_w.l(libinit2.o)
    0x0800023e   0x00000000   Code   RO         1092    .ARM.Collect$$libinit$$0000000A  c_w.l(libinit2.o)
    0x0800023e   0x00000000   Code   RO         1094    .ARM.Collect$$libinit$$0000000C  c_w.l(libinit2.o)
    0x0800023e   0x00000006   Code   RO         1095    .ARM.Collect$$libinit$$0000000D  c_w.l(libinit2.o)
    0x08000244   0x00000000   Code   RO         1097    .ARM.Collect$$libinit$$0000000F  c_w.l(libinit2.o)
    0x08000244   0x0000000c   Code   RO         1098    .ARM.Collect$$libinit$$00000010  c_w.l(libinit2.o)
    0x08000250   0x00000000   Code   RO         1099    .ARM.Collect$$libinit$$00000011  c_w.l(libinit2.o)
    0x08000250   0x00000000   Code   RO         1101    .ARM.Collect$$libinit$$00000013  c_w.l(libinit2.o)
    0x08000250   0x0000000a   Code   RO         1102    .ARM.Collect$$libinit$$00000014  c_w.l(libinit2.o)
    0x0800025a   0x00000000   Code   RO         1103    .ARM.Collect$$libinit$$00000015  c_w.l(libinit2.o)
    0x0800025a   0x00000000   Code   RO         1105    .ARM.Collect$$libinit$$00000017  c_w.l(libinit2.o)
    0x0800025a   0x00000000   Code   RO         1107    .ARM.Collect$$libinit$$00000019  c_w.l(libinit2.o)
    0x0800025a   0x00000000   Code   RO         1109    .ARM.Collect$$libinit$$0000001B  c_w.l(libinit2.o)
    0x0800025a   0x00000000   Code   RO         1111    .ARM.Collect$$libinit$$0000001D  c_w.l(libinit2.o)
    0x0800025a   0x00000000   Code   RO         1113    .ARM.Collect$$libinit$$0000001F  c_w.l(libinit2.o)
    0x0800025a   0x00000000   Code   RO         1115    .ARM.Collect$$libinit$$00000021  c_w.l(libinit2.o)
    0x0800025a   0x00000000   Code   RO         1117    .ARM.Collect$$libinit$$00000023  c_w.l(libinit2.o)
    0x0800025a   0x00000000   Code   RO         1121    .ARM.Collect$$libinit$$0000002A  c_w.l(libinit2.o)
    0x0800025a   0x00000000   Code   RO         1123    .ARM.Collect$$libinit$$0000002C  c_w.l(libinit2.o)
    0x0800025a   0x00000000   Code   RO         1125    .ARM.Collect$$libinit$$0000002E  c_w.l(libinit2.o)
    0x0800025a   0x00000000   Code   RO         1127    .ARM.Collect$$libinit$$00000030  c_w.l(libinit2.o)
    0x0800025a   0x00000002   Code   RO         1128    .ARM.Collect$$libinit$$00000031  c_w.l(libinit2.o)
    0x0800025c   0x00000002   Code   RO         1344    .ARM.Collect$$libshutdown$$00000000  c_w.l(libshutdown.o)
    0x0800025e   0x00000000   Code   RO         1300    .ARM.Collect$$libshutdown$$00000003  c_w.l(libshutdown2.o)
    0x0800025e   0x00000000   Code   RO         1303    .ARM.Collect$$libshutdown$$00000006  c_w.l(libshutdown2.o)
    0x0800025e   0x00000000   Code   RO         1306    .ARM.Collect$$libshutdown$$00000009  c_w.l(libshutdown2.o)
    0x0800025e   0x00000000   Code   RO         1308    .ARM.Collect$$libshutdown$$0000000B  c_w.l(libshutdown2.o)
    0x0800025e   0x00000000   Code   RO         1311    .ARM.Collect$$libshutdown$$0000000E  c_w.l(libshutdown2.o)
    0x0800025e   0x00000002   Code   RO         1312    .ARM.Collect$$libshutdown$$0000000F  c_w.l(libshutdown2.o)
    0x08000260   0x00000000   Code   RO         1007    .ARM.Collect$$rtentry$$00000000  c_w.l(rtentry.o)
    0x08000260   0x00000000   Code   RO         1165    .ARM.Collect$$rtentry$$00000002  c_w.l(rtentry2.o)
    0x08000260   0x00000006   Code   RO         1177    .ARM.Collect$$rtentry$$00000004  c_w.l(rtentry4.o)
    0x08000266   0x00000000   Code   RO         1167    .ARM.Collect$$rtentry$$00000009  c_w.l(rtentry2.o)
    0x08000266   0x00000004   Code   RO         1168    .ARM.Collect$$rtentry$$0000000A  c_w.l(rtentry2.o)
    0x0800026a   0x00000000   Code   RO         1170    .ARM.Collect$$rtentry$$0000000C  c_w.l(rtentry2.o)
    0x0800026a   0x00000008   Code   RO         1171    .ARM.Collect$$rtentry$$0000000D  c_w.l(rtentry2.o)
    0x08000272   0x00000002   Code   RO         1288    .ARM.Collect$$rtexit$$00000000  c_w.l(rtexit.o)
    0x08000274   0x00000000   Code   RO         1318    .ARM.Collect$$rtexit$$00000002  c_w.l(rtexit2.o)
    0x08000274   0x00000004   Code   RO         1319    .ARM.Collect$$rtexit$$00000003  c_w.l(rtexit2.o)
    0x08000278   0x00000006   Code   RO         1320    .ARM.Collect$$rtexit$$00000004  c_w.l(rtexit2.o)
    0x0800027e   0x00000002   PAD
    0x08000280   0x00000000   Code   RO         1191    .emb_text           c_w.l(maybetermalloc1.o)
    0x08000280   0x000002ac   Code   RO            1    .text               main.o
    0x0800052c   0x0000001a   Code   RO          156    .text               stm32f10x_it.o
    0x08000546   0x00000002   PAD
    0x08000548   0x000001e0   Code   RO          254    .text               system_stm32f10x.o
    0x08000728   0x00000040   Code   RO          286    .text               startup_stm32f10x_hd.o
    0x08000768   0x000000dc   Code   RO          290    .text               misc.o
    0x08000844   0x0000035c   Code   RO          364    .text               stm32f10x_gpio.o
    0x08000ba0   0x000003a4   Code   RO          376    .text               stm32f10x_rcc.o
    0x08000f44   0x00000e1a   Code   RO          402    .text               stm32f10x_tim.o
    0x08001d5e   0x00000002   PAD
    0x08001d60   0x00000408   Code   RO          414    .text               stm32f10x_usart.o
    0x08002168   0x0000030c   Code   RO          426    .text               stm32f10x_spi.o
    0x08002474   0x0000002c   Code   RO          438    .text               key.o
    0x080024a0   0x00000278   Code   RO          453    .text               led.o
    0x08002718   0x00000188   Code   RO          489    .text               usart2.o
    0x080028a0   0x00000434   Code   RO          518    .text               esp8266.o
    0x08002cd4   0x000001f0   Code   RO          583    .text               usart3.o
    0x08002ec4   0x0000008c   Code   RO          609    .text               timer.o
    0x08002f50   0x00000374   Code   RO          622    .text               24l01.o
    0x080032c4   0x00000108   Code   RO          643    .text               spi.o
    0x080033cc   0x00000270   Code   RO          655    .text               time2.o
    0x0800363c   0x000000d4   Code   RO          682    .text               delay.o
    0x08003710   0x00000140   Code   RO          712    .text               usart.o
    0x08003850   0x00001a8c   Code   RO          735    .text               cjson.o
    0x080052dc   0x00001838   Code   RO          770    .text               edpkit.o
    0x08006b14   0x0000005e   Code   RO          810    .text               c_w.l(h1_alloc.o)
    0x08006b72   0x0000004e   Code   RO          812    .text               c_w.l(h1_free.o)
    0x08006bc0   0x0000001a   Code   RO          868    .text               c_w.l(tolower.o)
    0x08006bda   0x00000002   PAD
    0x08006bdc   0x00000024   Code   RO          870    .text               c_w.l(c89vsprintf.o)
    0x08006c00   0x00000018   Code   RO          872    .text               c_w.l(__2printf.o)
    0x08006c18   0x0000002c   Code   RO          874    .text               c_w.l(__2sprintf.o)
    0x08006c44   0x0000004e   Code   RO          882    .text               c_w.l(_printf_pad.o)
    0x08006c92   0x00000052   Code   RO          884    .text               c_w.l(_printf_str.o)
    0x08006ce4   0x00000074   Code   RO          886    .text               c_w.l(_printf_dec.o)
    0x08006d58   0x00000094   Code   RO          906    .text               c_w.l(_printf_hex_int_ll_ptr.o)
    0x08006dec   0x00000188   Code   RO          926    .text               c_w.l(__printf_flags_ss_wp.o)
    0x08006f74   0x00000014   Code   RO          935    .text               c_w.l(strchr.o)
    0x08006f88   0x00000024   Code   RO          937    .text               c_w.l(strstr.o)
    0x08006fac   0x00000048   Code   RO          939    .text               c_w.l(strcpy.o)
    0x08006ff4   0x0000003e   Code   RO          941    .text               c_w.l(strlen.o)
    0x08007032   0x00000096   Code   RO          943    .text               c_w.l(strncmp.o)
    0x080070c8   0x00000018   Code   RO          945    .text               c_w.l(strcat.o)
    0x080070e0   0x0000008a   Code   RO          947    .text               c_w.l(rt_memcpy_v6.o)
    0x0800716a   0x00000084   Code   RO          949    .text               c_w.l(rt_memmove_v6.o)
    0x080071ee   0x00000064   Code   RO          951    .text               c_w.l(rt_memcpy_w.o)
    0x08007252   0x00000044   Code   RO          953    .text               c_w.l(rt_memclr.o)
    0x08007296   0x0000004e   Code   RO          955    .text               c_w.l(rt_memclr_w.o)
    0x080072e4   0x00000056   Code   RO          957    .text               c_w.l(strncpy.o)
    0x0800733a   0x00000006   Code   RO          959    .text               c_w.l(heapauxi.o)
    0x08007340   0x00000010   Code   RO         1008    .text               c_w.l(rt_ctype_table.o)
    0x08007350   0x00000008   Code   RO         1013    .text               c_w.l(rt_heap_descriptor_intlibspace.o)
    0x08007358   0x00000004   Code   RO         1015    .text               c_w.l(hguard.o)
    0x0800735c   0x0000008a   Code   RO         1017    .text               c_w.l(init_alloc.o)
    0x080073e6   0x0000000e   Code   RO         1021    .text               c_w.l(h1_init.o)
    0x080073f4   0x00000016   Code   RO         1035    .text               c_w.l(_rserrno.o)
    0x0800740a   0x00000024   Code   RO         1037    .text               c_w.l(_printf_truncate.o)
    0x0800742e   0x000000b2   Code   RO         1039    .text               c_w.l(_printf_intcommon.o)
    0x080074e0   0x00000028   Code   RO         1041    .text               c_w.l(_printf_charcount.o)
    0x08007508   0x00000416   Code   RO         1043    .text               c_w.l(_printf_fp_dec.o)
    0x0800791e   0x00000002   PAD
    0x08007920   0x00000030   Code   RO         1045    .text               c_w.l(_printf_char_common.o)
    0x08007950   0x0000000a   Code   RO         1047    .text               c_w.l(_sputc.o)
    0x0800795a   0x0000002c   Code   RO         1049    .text               c_w.l(_printf_char.o)
    0x08007986   0x00000002   PAD
    0x08007988   0x00000024   Code   RO         1051    .text               c_w.l(_printf_char_file.o)
    0x080079ac   0x000000bc   Code   RO         1053    .text               c_w.l(_printf_wctomb.o)
    0x08007a68   0x00000078   Code   RO         1056    .text               c_w.l(_printf_longlong_dec.o)
    0x08007ae0   0x00000070   Code   RO         1062    .text               c_w.l(_printf_oct_int_ll.o)
    0x08007b50   0x0000007a   Code   RO         1082    .text               c_w.l(rt_memmove_w.o)
    0x08007bca   0x00000002   PAD
    0x08007bcc   0x00000008   Code   RO         1161    .text               c_w.l(libspace.o)
    0x08007bd4   0x00000008   Code   RO         1182    .text               c_w.l(rt_locale_intlibspace.o)
    0x08007bdc   0x00000008   Code   RO         1187    .text               c_w.l(rt_errno_addr_intlibspace.o)
    0x08007be4   0x00000034   Code   RO         1193    .text               c_w.l(h1_extend.o)
    0x08007c18   0x0000008a   Code   RO         1197    .text               c_w.l(lludiv10.o)
    0x08007ca2   0x00000002   PAD
    0x08007ca4   0x00000080   Code   RO         1199    .text               c_w.l(_printf_fp_infnan.o)
    0x08007d24   0x0000002c   Code   RO         1203    .text               c_w.l(_printf_wchar.o)
    0x08007d50   0x000000d8   Code   RO         1205    .text               c_w.l(bigflt0.o)
    0x08007e28   0x00000008   Code   RO         1230    .text               c_w.l(ferror.o)
    0x08007e30   0x00000040   Code   RO         1234    .text               c_w.l(_wcrtomb.o)
    0x08007e70   0x0000000e   Code   RO         1242    .text               c_w.l(defsig_rtmem_outer.o)
    0x08007e7e   0x00000002   Code   RO         1259    .text               c_w.l(use_no_semi.o)
    0x08007e80   0x00000000   Code   RO         1261    .text               c_w.l(indicate_semi.o)
    0x08007e80   0x0000004a   Code   RO         1262    .text               c_w.l(sys_stackheap_outer.o)
    0x08007eca   0x0000000c   Code   RO         1268    .text               c_w.l(exit.o)
    0x08007ed6   0x0000000a   Code   RO         1270    .text               c_w.l(defsig_exit.o)
    0x08007ee0   0x00000050   Code   RO         1272    .text               c_w.l(defsig_rtmem_inner.o)
    0x08007f30   0x00000080   Code   RO         1274    .text               c_w.l(strcmpv7m.o)
    0x08007fb0   0x00000032   Code   RO         1296    .text               c_w.l(defsig_general.o)
    0x08007fe2   0x0000000e   Code   RO         1315    .text               c_w.l(sys_wrch.o)
    0x08007ff0   0x0000003e   Code   RO         1208    CL$$btod_d2e        c_w.l(btod.o)
    0x0800802e   0x00000046   Code   RO         1210    CL$$btod_d2e_denorm_low  c_w.l(btod.o)
    0x08008074   0x00000060   Code   RO         1209    CL$$btod_d2e_norm_op1  c_w.l(btod.o)
    0x080080d4   0x00000338   Code   RO         1218    CL$$btod_div_common  c_w.l(btod.o)
    0x0800840c   0x000000c6   Code   RO         1215    CL$$btod_e2e        c_w.l(btod.o)
    0x080084d2   0x00000028   Code   RO         1212    CL$$btod_ediv       c_w.l(btod.o)
    0x080084fa   0x00000028   Code   RO         1211    CL$$btod_emul       c_w.l(btod.o)
    0x08008522   0x00000244   Code   RO         1217    CL$$btod_mult_common  c_w.l(btod.o)
    0x08008766   0x00000028   Code   RO         1146    i.__ARM_fpclassify  m_ws.l(fpclassify.o)
    0x0800878e   0x000000aa   Code   RO         1148    i.__kernel_poly     m_ws.l(poly.o)
    0x08008838   0x00000010   Code   RO         1144    i.__mathlib_dbl_underflow  m_ws.l(dunder.o)
    0x08008848   0x0000000e   Code   RO          919    i._is_digit         c_w.l(__printf_wp.o)
    0x08008856   0x00000002   PAD
    0x08008858   0x000000dc   Code   RO          992    i.floor             m_ws.l(floor.o)
    0x08008934   0x000009e0   Code   RO          996    i.pow               m_ws.l(pow.o)
    0x08009314   0x0000004c   Code   RO         1152    i.sqrt              m_ws.l(sqrt.o)
    0x08009360   0x0000002c   Code   RO         1237    locale$$code        c_w.l(lc_ctype_c.o)
    0x0800938c   0x0000002c   Code   RO         1240    locale$$code        c_w.l(lc_numeric_c.o)
    0x080093b8   0x00000150   Code   RO          963    x$fpl$dadd          fz_ws.l(daddsub_clz.o)
    0x08009508   0x00000010   Code   RO         1251    x$fpl$dcheck1       fz_ws.l(dcheck1.o)
    0x08009518   0x00000018   Code   RO         1129    x$fpl$dcmpinf       fz_ws.l(dcmpi.o)
    0x08009530   0x000002b0   Code   RO         1132    x$fpl$ddiv          fz_ws.l(ddiv.o)
    0x080097e0   0x00000078   Code   RO          969    x$fpl$deqf          fz_ws.l(deqf.o)
    0x08009858   0x0000005e   Code   RO          971    x$fpl$dfix          fz_ws.l(dfix.o)
    0x080098b6   0x0000002e   Code   RO          976    x$fpl$dflt          fz_ws.l(dflt_clz.o)
    0x080098e4   0x00000078   Code   RO          981    x$fpl$dleqf         fz_ws.l(dleqf.o)
    0x0800995c   0x00000154   Code   RO          983    x$fpl$dmul          fz_ws.l(dmul.o)
    0x08009ab0   0x0000009c   Code   RO         1135    x$fpl$dnaninf       fz_ws.l(dnaninf.o)
    0x08009b4c   0x0000000c   Code   RO         1137    x$fpl$dretinf       fz_ws.l(dretinf.o)
    0x08009b58   0x0000006c   Code   RO          985    x$fpl$drleqf        fz_ws.l(drleqf.o)
    0x08009bc4   0x00000016   Code   RO          964    x$fpl$drsb          fz_ws.l(daddsub_clz.o)
    0x08009bda   0x00000002   PAD
    0x08009bdc   0x000001cc   Code   RO         1253    x$fpl$dsqrt         fz_ws.l(dsqrt_noumaal.o)
    0x08009da8   0x000001d4   Code   RO          965    x$fpl$dsub          fz_ws.l(daddsub_clz.o)
    0x08009f7c   0x00000056   Code   RO          987    x$fpl$f2d           fz_ws.l(f2d.o)
    0x08009fd2   0x0000008c   Code   RO         1139    x$fpl$fnaninf       fz_ws.l(fnaninf.o)
    0x0800a05e   0x00000004   Code   RO          989    x$fpl$printf1       fz_ws.l(printf1.o)
    0x0800a062   0x00000064   Code   RO         1286    x$fpl$retnan        fz_ws.l(retnan.o)
    0x0800a0c6   0x0000005c   Code   RO         1141    x$fpl$scalbn        fz_ws.l(scalbn.o)
    0x0800a122   0x00000030   Code   RO         1313    x$fpl$trapveneer    fz_ws.l(trapv.o)
    0x0800a152   0x00000000   Code   RO         1143    x$fpl$usenofp       fz_ws.l(usenofp.o)
    0x0800a152   0x0000000a   Data   RO          623    .constdata          24l01.o
    0x0800a15c   0x00000007   Data   RO          736    .constdata          cjson.o
    0x0800a163   0x00000028   Data   RO          907    .constdata          c_w.l(_printf_hex_int_ll_ptr.o)
    0x0800a18b   0x00000011   Data   RO          927    .constdata          c_w.l(__printf_flags_ss_wp.o)
    0x0800a19c   0x00000004   PAD
    0x0800a1a0   0x00000088   Data   RO          997    .constdata          m_ws.l(pow.o)
    0x0800a228   0x00000008   Data   RO         1054    .constdata          c_w.l(_printf_wctomb.o)
    0x0800a230   0x00000008   Data   RO         1150    .constdata          m_ws.l(qnan.o)
    0x0800a238   0x00000094   Data   RO         1206    .constdata          c_w.l(bigflt0.o)
    0x0800a2cc   0x00000020   Data   RO         1345    Region$$Table       anon$$obj.o
    0x0800a2ec   0x00000110   Data   RO         1236    locale$$data        c_w.l(lc_ctype_c.o)
    0x0800a3fc   0x0000001c   Data   RO         1239    locale$$data        c_w.l(lc_numeric_c.o)


    Execution Region RW_IRAM1 (Base: 0x20000000, Size: 0x00001960, Max: 0x00010000, ABSOLUTE)

    Base Addr    Size         Type   Attr      Idx    E Section Name        Object

    0x20000000   0x00000014   Data   RW          255    .data               system_stm32f10x.o
    0x20000014   0x00000014   Data   RW          377    .data               stm32f10x_rcc.o
    0x20000028   0x00000006   Data   RW          454    .data               led.o
    0x2000002e   0x00000002   PAD
    0x20000030   0x00000004   Data   RW          491    .data               usart2.o
    0x20000034   0x00000004   Data   RW          520    .data               esp8266.o
    0x20000038   0x0000000a   Data   RW          585    .data               usart3.o
    0x20000042   0x00000002   PAD
    0x20000044   0x00000009   Data   RW          657    .data               time2.o
    0x2000004d   0x00000001   PAD
    0x2000004e   0x00000004   Data   RW          683    .data               delay.o
    0x20000052   0x00000002   PAD
    0x20000054   0x00000006   Data   RW          714    .data               usart.o
    0x2000005a   0x00000002   PAD
    0x2000005c   0x0000000c   Data   RW          737    .data               cjson.o
    0x20000068   0x000004b0   Zero   RW          490    .bss                usart2.o
    0x20000518   0x00000400   Zero   RW          519    .bss                esp8266.o
    0x20000918   0x00000900   Zero   RW          584    .bss                usart3.o
    0x20001218   0x00000019   Zero   RW          656    .bss                time2.o
    0x20001231   0x000000c8   Zero   RW          713    .bss                usart.o
    0x200012f9   0x00000003   PAD
    0x200012fc   0x00000060   Zero   RW         1162    .bss                c_w.l(libspace.o)
    0x2000135c   0x00000004   PAD
    0x20001360   0x00000200   Zero   RW          284    HEAP                startup_stm32f10x_hd.o
    0x20001560   0x00000400   Zero   RW          283    STACK               startup_stm32f10x_hd.o


==============================================================================

Image component sizes


      Code (inc. data)   RO Data    RW Data    ZI Data      Debug   Object Name

       884         36         10          0          0       3746   24l01.o
      6796        210          7         12          0      22592   cjson.o
         0          0          0          0          0         32   core_cm3.o
       212         18          0          4          0        975   delay.o
      6200         76          0          0          0      36053   edpkit.o
      1076        334          0          4       1024     209573   esp8266.o
        44          6          0          0          0        451   key.o
       632        274          0          6          0       1586   led.o
       684        262          0          0          0      25395   main.o
       220         22          0          0          0     206445   misc.o
       264         10          0          0          0       1077   spi.o
        64         26        304          0       1536        784   startup_stm32f10x_hd.o
       860         38          0          0          0       5569   stm32f10x_gpio.o
        26          0          0          0          0      51434   stm32f10x_it.o
       932         36          0         20          0       8712   stm32f10x_rcc.o
       780         14          0          0          0       6446   stm32f10x_spi.o
      3610         88          0          0          0      22052   stm32f10x_tim.o
      1032         22          0          0          0       8288   stm32f10x_usart.o
       480         38          0         20          0       1695   system_stm32f10x.o
       624         94          0          9         25       2009   time2.o
       140          8          0          0          0        748   timer.o
       320         16          0          6        200       3066   usart.o
       392         22          0          4       1200       2739   usart2.o
       496         42          0         10       2304       2512   usart3.o

    ----------------------------------------------------------------------
     26772       1692        353        104       6292     623979   Object Totals
         0          0         32          0          0          0   (incl. Generated)
         4          0          0          9          3          0   (incl. Padding)

    ----------------------------------------------------------------------

      Code (inc. data)   RO Data    RW Data    ZI Data      Debug   Library Member Name

        24          4          0          0          0         84   __2printf.o
        44          6          0          0          0         84   __2sprintf.o
         8          0          0          0          0         68   __main.o
       392          4         17          0          0         92   __printf_flags_ss_wp.o
        14          0          0          0          0         68   __printf_wp.o
        52          8          0          0          0          0   __scatter.o
        26          0          0          0          0          0   __scatter_copy.o
        28          0          0          0          0          0   __scatter_zi.o
         6          0          0          0          0          0   _printf_a.o
         6          0          0          0          0          0   _printf_c.o
        44          0          0          0          0        108   _printf_char.o
        48          6          0          0          0         96   _printf_char_common.o
        36          4          0          0          0         80   _printf_char_file.o
        40          0          0          0          0         68   _printf_charcount.o
         6          0          0          0          0          0   _printf_d.o
       116         16          0          0          0         92   _printf_dec.o
         6          0          0          0          0          0   _printf_e.o
         6          0          0          0          0          0   _printf_f.o
      1046          0          0          0          0        216   _printf_fp_dec.o
       128         16          0          0          0         84   _printf_fp_infnan.o
         6          0          0          0          0          0   _printf_g.o
       148          4         40          0          0        160   _printf_hex_int_ll_ptr.o
         6          0          0          0          0          0   _printf_i.o
       178          0          0          0          0         88   _printf_intcommon.o
        10          0          0          0          0          0   _printf_l.o
         6          0          0          0          0          0   _printf_lc.o
        10          0          0          0          0          0   _printf_ll.o
         6          0          0          0          0          0   _printf_lld.o
         6          0          0          0          0          0   _printf_lli.o
         6          0          0          0          0          0   _printf_llo.o
         6          0          0          0          0          0   _printf_llu.o
         6          0          0          0          0          0   _printf_llx.o
       120         16          0          0          0         92   _printf_longlong_dec.o
         6          0          0          0          0          0   _printf_ls.o
         6          0          0          0          0          0   _printf_n.o
         6          0          0          0          0          0   _printf_o.o
       112          8          0          0          0        124   _printf_oct_int_ll.o
         6          0          0          0          0          0   _printf_p.o
        78          0          0          0          0        108   _printf_pad.o
         0          0          0          0          0          0   _printf_percent.o
         4          0          0          0          0          0   _printf_percent_end.o
         6          0          0          0          0          0   _printf_s.o
        82          0          0          0          0         80   _printf_str.o
        36          0          0          0          0         84   _printf_truncate.o
         6          0          0          0          0          0   _printf_u.o
        44          0          0          0          0        108   _printf_wchar.o
       188          6          8          0          0         92   _printf_wctomb.o
         6          0          0          0          0          0   _printf_x.o
        22          0          0          0          0        100   _rserrno.o
        10          0          0          0          0         68   _sputc.o
        64          0          0          0          0         92   _wcrtomb.o
       216          4        148          0          0         96   bigflt0.o
      1910        128          0          0          0        672   btod.o
        36          4          0          0          0         76   c89vsprintf.o
        10          0          0          0          0         68   defsig_exit.o
        50          0          0          0          0         88   defsig_general.o
        80         58          0          0          0         76   defsig_rtmem_inner.o
        14          0          0          0          0         80   defsig_rtmem_outer.o
        12          0          0          0          0         72   exit.o
         8          0          0          0          0         68   ferror.o
        94          0          0          0          0         80   h1_alloc.o
        52          0          0          0          0         68   h1_extend.o
        78          0          0          0          0         80   h1_free.o
        14          0          0          0          0         84   h1_init.o
         6          0          0          0          0        152   heapauxi.o
         4          0          0          0          0        136   hguard.o
         0          0          0          0          0          0   indicate_semi.o
       138          0          0          0          0        168   init_alloc.o
        44         10        272          0          0         76   lc_ctype_c.o
        44         10         28          0          0         76   lc_numeric_c.o
         2          0          0          0          0          0   libinit.o
        38          0          0          0          0          0   libinit2.o
         2          0          0          0          0          0   libshutdown.o
         2          0          0          0          0          0   libshutdown2.o
         8          4          0          0         96         68   libspace.o
       138          0          0          0          0         80   lludiv10.o
         0          0          0          0          0          0   maybetermalloc1.o
        16          4          0          0          0         76   rt_ctype_table.o
         8          4          0          0          0         68   rt_errno_addr_intlibspace.o
         8          4          0          0          0         68   rt_heap_descriptor_intlibspace.o
         8          4          0          0          0         68   rt_locale_intlibspace.o
        68          0          0          0          0         68   rt_memclr.o
        78          0          0          0          0         80   rt_memclr_w.o
       138          0          0          0          0         68   rt_memcpy_v6.o
       100          0          0          0          0         80   rt_memcpy_w.o
       132          0          0          0          0         68   rt_memmove_v6.o
       122          0          0          0          0         80   rt_memmove_w.o
         0          0          0          0          0          0   rtentry.o
        12          0          0          0          0          0   rtentry2.o
         6          0          0          0          0          0   rtentry4.o
         2          0          0          0          0          0   rtexit.o
        10          0          0          0          0          0   rtexit2.o
        24          0          0          0          0         68   strcat.o
        20          0          0          0          0         68   strchr.o
       128          0          0          0          0         68   strcmpv7m.o
        72          0          0          0          0         80   strcpy.o
        62          0          0          0          0         76   strlen.o
       150          0          0          0          0         80   strncmp.o
        86          0          0          0          0         76   strncpy.o
        36          0          0          0          0         80   strstr.o
        74          0          0          0          0         80   sys_stackheap_outer.o
        14          0          0          0          0         76   sys_wrch.o
        26          0          0          0          0         76   tolower.o
         2          0          0          0          0         68   use_no_semi.o
       826         16          0          0          0        348   daddsub_clz.o
        16          4          0          0          0         68   dcheck1.o
        24          0          0          0          0         68   dcmpi.o
       688        140          0          0          0        208   ddiv.o
       120          4          0          0          0         92   deqf.o
        94          4          0          0          0         92   dfix.o
        46          0          0          0          0         68   dflt_clz.o
       120          4          0          0          0         92   dleqf.o
       340         12          0          0          0        104   dmul.o
       156          4          0          0          0         92   dnaninf.o
        12          0          0          0          0         68   dretinf.o
       108          0          0          0          0         80   drleqf.o
       460         56          0          0          0        120   dsqrt_noumaal.o
        86          4          0          0          0         84   f2d.o
       140          4          0          0          0         84   fnaninf.o
         4          0          0          0          0         68   printf1.o
       100          0          0          0          0         68   retnan.o
        92          0          0          0          0         68   scalbn.o
        48          0          0          0          0         68   trapv.o
         0          0          0          0          0          0   usenofp.o
        16          6          0          0          0         68   dunder.o
       220         16          0          0          0         84   floor.o
        40          0          0          0          0         68   fpclassify.o
       170          0          0          0          0         96   poly.o
      2528        190        136          0          0        332   pow.o
         0          0          8          0          0          0   qnan.o
        76          0          0          0          0         84   sqrt.o

    ----------------------------------------------------------------------
     14222        796        661          0        100       8992   Library Totals
        18          0          4          0          4          0   (incl. Padding)

    ----------------------------------------------------------------------

      Code (inc. data)   RO Data    RW Data    ZI Data      Debug   Library Name

      7674        332        513          0         96       6320   c_w.l
      3480        252          0          0          0       1940   fz_ws.l
      3050        212        144          0          0        732   m_ws.l

    ----------------------------------------------------------------------
     14222        796        661          0        100       8992   Library Totals

    ----------------------------------------------------------------------

==============================================================================


      Code (inc. data)   RO Data    RW Data    ZI Data      Debug   

     40994       2488       1014        104       6392     626155   Grand Totals
     40994       2488       1014        104       6392     626155   ELF Image Totals
     40994       2488       1014        104          0          0   ROM Totals

==============================================================================

    Total RO  Size (Code + RO Data)                42008 (  41.02kB)
    Total RW  Size (RW Data + ZI Data)              6496 (   6.34kB)
    Total ROM Size (Code + RO Data + RW Data)      42112 (  41.13kB)

==============================================================================

