Product: MDK-ARM Professional 5.10
Component: ARM Compiler 5.04 update 1 (build 49)
Tool: armlink [5040049]

==============================================================================

Section Cross References

    main.o(.text) refers to _printf_percent.o(.ARM.Collect$$_printf_percent$$00000000) for _printf_percent
    main.o(.text) refers to _printf_s.o(.ARM.Collect$$_printf_percent$$00000014) for _printf_s
    main.o(.text) refers to _printf_str.o(.text) for _printf_str
    main.o(.text) refers to delay.o(.text) for delay_init
    main.o(.text) refers to ds18b20.o(.text) for DS18B20_Init
    main.o(.text) refers to usart.o(.text) for uart_init
    main.o(.text) refers to usart2.o(.text) for usart2_init
    main.o(.text) refers to light_sensor.o(.text) for light_sensor_init
    main.o(.text) refers to 24l01.o(.text) for NRF24L01_Init
    main.o(.text) refers to __2printf.o(.text) for __2printf
    main.o(.text) refers to dht11.o(.text) for get_RH_data
    main.o(.text) refers to main.o(.data) for sensor_data
    system_stm32f10x.o(.text) refers to system_stm32f10x.o(.data) for SystemCoreClock
    delay.o(.text) refers to misc.o(.text) for SysTick_CLKSourceConfig
    delay.o(.text) refers to system_stm32f10x.o(.data) for SystemCoreClock
    delay.o(.text) refers to delay.o(.data) for fac_us
    usart.o(.text) refers (Special) to use_no_semi_2.o(.text) for __use_no_semihosting
    usart.o(.text) refers to stm32f10x_rcc.o(.text) for RCC_APB2PeriphClockCmd
    usart.o(.text) refers to stm32f10x_gpio.o(.text) for GPIO_Init
    usart.o(.text) refers to misc.o(.text) for NVIC_Init
    usart.o(.text) refers to stm32f10x_usart.o(.text) for USART_Init
    usart.o(.text) refers to usart.o(.data) for USART_RX_STA
    usart.o(.text) refers to usart.o(.bss) for USART_RX_BUF
    usart.o(.bss) refers (Special) to use_no_semi_2.o(.text) for __use_no_semihosting
    usart.o(.data) refers (Special) to use_no_semi_2.o(.text) for __use_no_semihosting
    startup_stm32f10x_md.o(STACK) refers (Special) to heapauxi.o(.text) for __use_two_region_memory
    startup_stm32f10x_md.o(HEAP) refers (Special) to heapauxi.o(.text) for __use_two_region_memory
    startup_stm32f10x_md.o(RESET) refers (Special) to heapauxi.o(.text) for __use_two_region_memory
    startup_stm32f10x_md.o(RESET) refers to startup_stm32f10x_md.o(STACK) for __initial_sp
    startup_stm32f10x_md.o(RESET) refers to startup_stm32f10x_md.o(.text) for Reset_Handler
    startup_stm32f10x_md.o(RESET) refers to stm32f10x_it.o(.text) for NMI_Handler
    startup_stm32f10x_md.o(RESET) refers to usart.o(.text) for USART1_IRQHandler
    startup_stm32f10x_md.o(RESET) refers to usart2.o(.text) for USART2_IRQHandler
    startup_stm32f10x_md.o(.text) refers (Special) to heapauxi.o(.text) for __use_two_region_memory
    startup_stm32f10x_md.o(.text) refers to system_stm32f10x.o(.text) for SystemInit
    startup_stm32f10x_md.o(.text) refers to __main.o(!!!main) for __main
    startup_stm32f10x_md.o(.text) refers to startup_stm32f10x_md.o(HEAP) for Heap_Mem
    startup_stm32f10x_md.o(.text) refers to startup_stm32f10x_md.o(STACK) for Stack_Mem
    stm32f10x_gpio.o(.text) refers to stm32f10x_rcc.o(.text) for RCC_APB2PeriphResetCmd
    stm32f10x_rcc.o(.text) refers to stm32f10x_rcc.o(.data) for APBAHBPrescTable
    stm32f10x_spi.o(.text) refers to stm32f10x_rcc.o(.text) for RCC_APB2PeriphResetCmd
    stm32f10x_tim.o(.text) refers to stm32f10x_rcc.o(.text) for RCC_APB2PeriphResetCmd
    stm32f10x_usart.o(.text) refers to stm32f10x_rcc.o(.text) for RCC_APB2PeriphResetCmd
    stm32f10x_adc.o(.text) refers to stm32f10x_rcc.o(.text) for RCC_APB2PeriphResetCmd
    24l01.o(.text) refers to stm32f10x_rcc.o(.text) for RCC_APB2PeriphClockCmd
    24l01.o(.text) refers to stm32f10x_gpio.o(.text) for GPIO_Init
    24l01.o(.text) refers to spi.o(.text) for SPI2_Init
    24l01.o(.text) refers to stm32f10x_spi.o(.text) for SPI_Cmd
    24l01.o(.text) refers to 24l01.o(.constdata) for RX_ADDRESS
    led.o(.text) refers to stm32f10x_rcc.o(.text) for RCC_APB2PeriphClockCmd
    led.o(.text) refers to stm32f10x_gpio.o(.text) for GPIO_Init
    spi.o(.text) refers to stm32f10x_spi.o(.text) for SPI_I2S_GetFlagStatus
    spi.o(.text) refers to stm32f10x_rcc.o(.text) for RCC_APB2PeriphClockCmd
    spi.o(.text) refers to stm32f10x_gpio.o(.text) for GPIO_Init
    usart2.o(.text) refers to stm32f10x_usart.o(.text) for USART_GetITStatus
    usart2.o(.text) refers to stm32f10x_rcc.o(.text) for RCC_APB2PeriphClockCmd
    usart2.o(.text) refers to stm32f10x_gpio.o(.text) for GPIO_Init
    usart2.o(.text) refers to misc.o(.text) for NVIC_Init
    usart2.o(.text) refers to c89vsprintf.o(.text) for __c89vsprintf
    usart2.o(.text) refers to strlen.o(.text) for strlen
    usart2.o(.text) refers to usart2.o(.data) for USART2_RX_STA
    usart2.o(.text) refers to usart2.o(.bss) for USART2_RX_BUF
    light_sensor.o(.text) refers to delay.o(.text) for delay_us
[...]
    ..\\SYSTEM\\sys.c                        0x00000000   Number         0  sys.o ABSOLUTE
    dc.s                                     0x00000000   Number         0  dc.o ABSOLUTE
    main.c                                   0x00000000   Number         0  main.o ABSOLUTE
    stm32f10x_it.c                           0x00000000   Number         0  stm32f10x_it.o ABSOLUTE
    system_stm32f10x.c                       0x00000000   Number         0  system_stm32f10x.o ABSOLUTE
    RESET                                    0x08000000   Section      236  startup_stm32f10x_md.o(RESET)
    !!!main                                  0x080000ec   Section        8  __main.o(!!!main)
    !!!scatter                               0x080000f4   Section       52  __scatter.o(!!!scatter)
    !!handler_copy                           0x08000128   Section       26  __scatter_copy.o(!!handler_copy)
    !!handler_zi                             0x08000144   Section       28  __scatter_zi.o(!!handler_zi)
    .ARM.Collect$$_printf_percent$$00000000  0x08000160   Section        0  _printf_percent.o(.ARM.Collect$$_printf_percent$$00000000)
    .ARM.Collect$$_printf_percent$$00000001  0x08000160   Section        6  _printf_n.o(.ARM.Collect$$_printf_percent$$00000001)
    .ARM.Collect$$_printf_percent$$00000002  0x08000166   Section        6  _printf_p.o(.ARM.Collect$$_printf_percent$$00000002)
    .ARM.Collect$$_printf_percent$$00000003  0x0800016c   Section        6  _printf_f.o(.ARM.Collect$$_printf_percent$$00000003)
    .ARM.Collect$$_printf_percent$$00000004  0x08000172   Section        6  _printf_e.o(.ARM.Collect$$_printf_percent$$00000004)
    .ARM.Collect$$_printf_percent$$00000005  0x08000178   Section        6  _printf_g.o(.ARM.Collect$$_printf_percent$$00000005)
    .ARM.Collect$$_printf_percent$$00000006  0x0800017e   Section        6  _printf_a.o(.ARM.Collect$$_printf_percent$$00000006)
    .ARM.Collect$$_printf_percent$$00000007  0x08000184   Section       10  _printf_ll.o(.ARM.Collect$$_printf_percent$$00000007)
    .ARM.Collect$$_printf_percent$$00000008  0x0800018e   Section        6  _printf_i.o(.ARM.Collect$$_printf_percent$$00000008)
    .ARM.Collect$$_printf_percent$$00000009  0x08000194   Section        6  _printf_d.o(.ARM.Collect$$_printf_percent$$00000009)
    .ARM.Collect$$_printf_percent$$0000000A  0x0800019a   Section        6  _printf_u.o(.ARM.Collect$$_printf_percent$$0000000A)
    .ARM.Collect$$_printf_percent$$0000000B  0x080001a0   Section        6  _printf_o.o(.ARM.Collect$$_printf_percent$$0000000B)
    .ARM.Collect$$_printf_percent$$0000000C  0x080001a6   Section        6  _printf_x.o(.ARM.Collect$$_printf_percent$$0000000C)
    .ARM.Collect$$_printf_percent$$0000000D  0x080001ac   Section        6  _printf_lli.o(.ARM.Collect$$_printf_percent$$0000000D)
    .ARM.Collect$$_printf_percent$$0000000E  0x080001b2   Section        6  _printf_lld.o(.ARM.Collect$$_printf_percent$$0000000E)
    .ARM.Collect$$_printf_percent$$0000000F  0x080001b8   Section        6  _printf_llu.o(.ARM.Collect$$_printf_percent$$0000000F)
    .ARM.Collect$$_printf_percent$$00000010  0x080001be   Section        6  _printf_llo.o(.ARM.Collect$$_printf_percent$$00000010)
    .ARM.Collect$$_printf_percent$$00000011  0x080001c4   Section        6  _printf_llx.o(.ARM.Collect$$_printf_percent$$00000011)
    .ARM.Collect$$_printf_percent$$00000012  0x080001ca   Section       10  _printf_l.o(.ARM.Collect$$_printf_percent$$00000012)
    .ARM.Collect$$_printf_percent$$00000013  0x080001d4   Section        6  _printf_c.o(.ARM.Collect$$_printf_percent$$00000013)
    .ARM.Collect$$_printf_percent$$00000014  0x080001da   Section        6  _printf_s.o(.ARM.Collect$$_printf_percent$$00000014)
    .ARM.Collect$$_printf_percent$$00000015  0x080001e0   Section        6  _printf_lc.o(.ARM.Collect$$_printf_percent$$00000015)
    .ARM.Collect$$_printf_percent$$00000016  0x080001e6   Section        6  _printf_ls.o(.ARM.Collect$$_printf_percent$$00000016)
    .ARM.Collect$$_printf_percent$$00000017  0x080001ec   Section        4  _printf_percent_end.o(.ARM.Collect$$_printf_percent$$00000017)
    .ARM.Collect$$libinit$$00000000          0x080001f0   Section        2  libinit.o(.ARM.Collect$$libinit$$00000000)
    .ARM.Collect$$libinit$$00000002          0x080001f2   Section        0  libinit2.o(.ARM.Collect$$libinit$$00000002)
    .ARM.Collect$$libinit$$00000008          0x080001f2   Section        0  libinit2.o(.ARM.Collect$$libinit$$00000008)
    .ARM.Collect$$libinit$$0000000A          0x080001f2   Section        0  libinit2.o(.ARM.Collect$$libinit$$0000000A)
    .ARM.Collect$$libinit$$0000000C          0x080001f2   Section        0  libinit2.o(.ARM.Collect$$libinit$$0000000C)
    .ARM.Collect$$libinit$$0000000D          0x080001f2   Section        6  libinit2.o(.ARM.Collect$$libinit$$0000000D)
    .ARM.Collect$$libinit$$0000000F          0x080001f8   Section        0  libinit2.o(.ARM.Collect$$libinit$$0000000F)
    .ARM.Collect$$libinit$$00000010          0x080001f8   Section       12  libinit2.o(.ARM.Collect$$libinit$$00000010)
    .ARM.Collect$$libinit$$00000011          0x08000204   Section        0  libinit2.o(.ARM.Collect$$libinit$$00000011)
    .ARM.Collect$$libinit$$00000013          0x08000204   Section        0  libinit2.o(.ARM.Collect$$libinit$$00000013)
    .ARM.Collect$$libinit$$00000014          0x08000204   Section       10  libinit2.o(.ARM.Collect$$libinit$$00000014)
    .ARM.Collect$$libinit$$00000015          0x0800020e   Section        0  libinit2.o(.ARM.Collect$$libinit$$00000015)
    .ARM.Collect$$libinit$$00000017          0x0800020e   Section        0  libinit2.o(.ARM.Collect$$libinit$$00000017)
    .ARM.Collect$$libinit$$00000019          0x0800020e   Section        0  libinit2.o(.ARM.Collect$$libinit$$00000019)
    .ARM.Collect$$libinit$$0000001B          0x0800020e   Section        0  libinit2.o(.ARM.Collect$$libinit$$0000001B)
    .ARM.Collect$$libinit$$0000001D          0x0800020e   Section        0  libinit2.o(.ARM.Collect$$libinit$$0000001D)
    .ARM.Collect$$libinit$$0000001F          0x0800020e   Section        0  libinit2.o(.ARM.Collect$$libinit$$0000001F)
    .ARM.Collect$$libinit$$00000021          0x0800020e   Section        0  libinit2.o(.ARM.Collect$$libinit$$00000021)
    .ARM.Collect$$libinit$$00000023          0x0800020e   Section        0  libinit2.o(.ARM.Collect$$libinit$$00000023)
    .ARM.Collect$$libinit$$0000002A          0x0800020e   Section        0  libinit2.o(.ARM.Collect$$libinit$$0000002A)
    .ARM.Collect$$libinit$$0000002C          0x0800020e   Section        0  libinit2.o(.ARM.Collect$$libinit$$0000002C)
    .ARM.Collect$$libinit$$0000002E          0x0800020e   Section        0  libinit2.o(.ARM.Collect$$libinit$$0000002E)
    .ARM.Collect$$libinit$$00000030          0x0800020e   Section        0  libinit2.o(.ARM.Collect$$libinit$$00000030)
    .ARM.Collect$$libinit$$00000031          0x0800020e   Section        2  libinit2.o(.ARM.Collect$$libinit$$00000031)
    .ARM.Collect$$libshutdown$$00000000      0x08000210   Section        2  libshutdown.o(.ARM.Collect$$libshutdown$$00000000)
    .ARM.Collect$$libshutdown$$00000003      0x08000212   Section        0  libshutdown2.o(.ARM.Collect$$libshutdown$$00000003)
    .ARM.Collect$$libshutdown$$00000006      0x08000212   Section        0  libshutdown2.o(.ARM.Collect$$libshutdown$$00000006)
    .ARM.Collect$$libshutdown$$00000009      0x08000212   Section        0  libshutdown2.o(.ARM.Collect$$libshutdown$$00000009)
    .ARM.Collect$$libshutdown$$0000000B      0x08000212   Section        0  libshutdown2.o(.ARM.Collect$$libshutdown$$0000000B)
    .ARM.Collect$$libshutdown$$0000000E      0x08000212   Section        0  libshutdown2.o(.ARM.Collect$$libshutdown$$0000000E)
    .ARM.Collect$$libshutdown$$0000000F      0x08000212   Section        2  libshutdown2.o(.ARM.Collect$$libshutdown$$0000000F)
    .ARM.Collect$$rtentry$$00000000          0x08000214   Section        0  rtentry.o(.ARM.Collect$$rtentry$$00000000)
    .ARM.Collect$$rtentry$$00000002          0x08000214   Section        0  rtentry2.o(.ARM.Collect$$rtentry$$00000002)
    .ARM.Collect$$rtentry$$00000004          0x08000214   Section        6  rtentry4.o(.ARM.Collect$$rtentry$$00000004)
    .ARM.Collect$$rtentry$$00000009          0x0800021a   Section        0  rtentry2.o(.ARM.Collect$$rtentry$$00000009)
    .ARM.Collect$$rtentry$$0000000A          0x0800021a   Section        4  rtentry2.o(.ARM.Collect$$rtentry$$0000000A)
    .ARM.Collect$$rtentry$$0000000C          0x0800021e   Section        0  rtentry2.o(.ARM.Collect$$rtentry$$0000000C)
    .ARM.Collect$$rtentry$$0000000D          0x0800021e   Section        8  rtentry2.o(.ARM.Collect$$rtentry$$0000000D)
    .ARM.Collect$$rtexit$$00000000           0x08000226   Section        2  rtexit.o(.ARM.Collect$$rtexit$$00000000)
    .ARM.Collect$$rtexit$$00000002           0x08000228   Section        0  rtexit2.o(.ARM.Collect$$rtexit$$00000002)
    .ARM.Collect$$rtexit$$00000003           0x08000228   Section        4  rtexit2.o(.ARM.Collect$$rtexit$$00000003)
    .ARM.Collect$$rtexit$$00000004           0x0800022c   Section        6  rtexit2.o(.ARM.Collect$$rtexit$$00000004)
    .text                                    0x08000234   Section        0  main.o(.text)
    .text                                    0x080002e4   Section        0  stm32f10x_it.o(.text)
    .text                                    0x08000300   Section        0  system_stm32f10x.o(.text)
    SetSysClockTo72                          0x08000301   Thumb Code   214  system_stm32f10x.o(.text)
    SetSysClock                              0x080003d7   Thumb Code     8  system_stm32f10x.o(.text)
    .text                                    0x080004e0   Section        0  delay.o(.text)
    .text                                    0x080005b4   Section        0  usart.o(.text)
    .text                                    0x080006f4   Section       64  startup_stm32f10x_md.o(.text)
    .text                                    0x08000734   Section        0  misc.o(.text)
    .text                                    0x08000810   Section        0  stm32f10x_gpio.o(.text)
    .text                                    0x08000b6c   Section        0  stm32f10x_rcc.o(.text)
    .text                                    0x08000f10   Section        0  stm32f10x_spi.o(.text)
    .text                                    0x0800121c   Section        0  stm32f10x_usart.o(.text)
    .text                                    0x08001624   Section        0  24l01.o(.text)
    .text                                    0x08001948   Section        0  spi.o(.text)
    .text                                    0x08001a50   Section        0  usart2.o(.text)
    .text                                    0x08001b98   Section        0  light_sensor.o(.text)
    .text                                    0x08001ec4   Section        0  light_sensor_io.o(.text)
    .text                                    0x08001f2c   Section        0  ds18b20.o(.text)
    .text                                    0x08002160   Section        0  dht11.o(.text)
    DHT11_DataPin_Configure_Output           0x08002161   Thumb Code    38  dht11.o(.text)
    DHT11_DataPin_Configure_Input            0x08002187   Thumb Code    30  dht11.o(.text)
    DHT11_read_byte                          0x080021f3   Thumb Code    72  dht11.o(.text)
    DHT11_start_sampling                     0x0800223b   Thumb Code    80  dht11.o(.text)
    .text                                    0x080022d8   Section        2  use_no_semi_2.o(.text)
    .text                                    0x080022dc   Section        0  c89vsprintf.o(.text)
    .text                                    0x08002300   Section        0  __2printf.o(.text)
    .text                                    0x08002318   Section        0  _printf_str.o(.text)
    .text                                    0x0800236c   Section        0  __printf_flags_ss_wp.o(.text)
    .text                                    0x080024f4   Section        0  strlen.o(.text)
    .text                                    0x08002532   Section        0  heapauxi.o(.text)
    .text                                    0x08002538   Section        2  use_no_semi.o(.text)
    .text                                    0x0800253a   Section        0  _printf_pad.o(.text)
    .text                                    0x08002588   Section        0  _printf_truncate.o(.text)
    .text                                    0x080025ac   Section        0  _printf_dec.o(.text)
    .text                                    0x08002620   Section        0  _printf_charcount.o(.text)
    .text                                    0x08002648   Section        0  _printf_char_common.o(.text)
    _printf_input_char                       0x08002649   Thumb Code    10  _printf_char_common.o(.text)
    .text                                    0x08002678   Section        0  _sputc.o(.text)
    .text                                    0x08002682   Section        0  _printf_char.o(.text)
    .text                                    0x080026b0   Section        0  _printf_char_file.o(.text)
    .text                                    0x080026d4   Section        0  _printf_wctomb.o(.text)
    .text                                    0x08002790   Section        0  _printf_longlong_dec.o(.text)
    .text                                    0x08002808   Section        0  _printf_oct_int_ll.o(.text)
    _printf_longlong_oct_internal            0x08002809   Thumb Code     0  _printf_oct_int_ll.o(.text)
    .text                                    0x08002878   Section        0  _printf_hex_int_ll_ptr.o(.text)
    _printf_hex_common                       0x08002879   Thumb Code     0  _printf_hex_int_ll_ptr.o(.text)
    .text                                    0x0800290c   Section      138  lludiv10.o(.text)
    .text                                    0x08002996   Section        0  _printf_intcommon.o(.text)
    .text                                    0x08002a48   Section        0  _printf_fp_dec.o(.text)
    _fp_digits                               0x08002a4b   Thumb Code   428  _printf_fp_dec.o(.text)
    .text                                    0x08002e5e   Section        0  _printf_wchar.o(.text)
    .text                                    0x08002e8a   Section        0  ferror.o(.text)
    .text                                    0x08002e92   Section        0  _wcrtomb.o(.text)
    .text                                    0x08002ed2   Section       74  sys_stackheap_outer.o(.text)
    .text                                    0x08002f1c   Section       16  rt_ctype_table.o(.text)
    .text                                    0x08002f2c   Section        8  rt_locale_intlibspace.o(.text)
    .text                                    0x08002f34   Section        0  _printf_fp_infnan.o(.text)
    .text                                    0x08002fb4   Section        0  bigflt0.o(.text)
    .text                                    0x0800308c   Section        0  exit.o(.text)
    .text                                    0x08003098   Section        8  libspace.o(.text)
    .text                                    0x080030a0   Section      128  strcmpv7m.o(.text)
    CL$$btod_d2e                             0x08003120   Section       62  btod.o(CL$$btod_d2e)
    CL$$btod_d2e_denorm_low                  0x0800315e   Section       70  btod.o(CL$$btod_d2e_denorm_low)
    CL$$btod_d2e_norm_op1                    0x080031a4   Section       96  btod.o(CL$$btod_d2e_norm_op1)
    CL$$btod_div_common                      0x08003204   Section      824  btod.o(CL$$btod_div_common)
    CL$$btod_e2e                             0x0800353c   Section      198  btod.o(CL$$btod_e2e)
    CL$$btod_ediv                            0x08003602   Section       40  btod.o(CL$$btod_ediv)
    CL$$btod_emul                            0x0800362a   Section       40  btod.o(CL$$btod_emul)
    CL$$btod_mult_common                     0x08003652   Section      580  btod.o(CL$$btod_mult_common)
    i.__ARM_fpclassify                       0x08003896   Section        0  fpclassify.o(i.__ARM_fpclassify)
    i._is_digit                              0x080038be   Section        0  __printf_wp.o(i._is_digit)
    locale$$code                             0x080038cc   Section       44  lc_numeric_c.o(locale$$code)
    locale$$code                             0x080038f8   Section       44  lc_ctype_c.o(locale$$code)
    x$fpl$d2f                                0x08003924   Section       98  d2f.o(x$fpl$d2f)
    x$fpl$ddiv                               0x08003988   Section      688  ddiv.o(x$fpl$ddiv)
    ddiv_entry                               0x0800398f   Thumb Code     0  ddiv.o(x$fpl$ddiv)
    x$fpl$dnaninf                            0x08003c38   Section      156  dnaninf.o(x$fpl$dnaninf)
    x$fpl$dretinf                            0x08003cd4   Section       12  dretinf.o(x$fpl$dretinf)
    x$fpl$f2d                                0x08003ce0   Section       86  f2d.o(x$fpl$f2d)
    x$fpl$ffixu                              0x08003d38   Section       62  ffixu.o(x$fpl$ffixu)
    x$fpl$fflt                               0x08003d78   Section       48  fflt_clz.o(x$fpl$fflt)
    x$fpl$fnaninf                            0x08003da8   Section      140  fnaninf.o(x$fpl$fnaninf)
    x$fpl$fretinf                            0x08003e34   Section       10  fretinf.o(x$fpl$fretinf)
    x$fpl$printf1                            0x08003e3e   Section        4  printf1.o(x$fpl$printf1)
    .constdata                               0x08003e42   Section       10  24l01.o(.constdata)
    x$fpl$usenofp                            0x08003e42   Section        0  usenofp.o(x$fpl$usenofp)
    .constdata                               0x08003e4c   Section       17  __printf_flags_ss_wp.o(.constdata)
    maptable                                 0x08003e4c   Data          17  __printf_flags_ss_wp.o(.constdata)
    .constdata                               0x08003e60   Section        8  _printf_wctomb.o(.constdata)
    initial_mbstate                          0x08003e60   Data           8  _printf_wctomb.o(.constdata)
    .constdata                               0x08003e68   Section       40  _printf_hex_int_ll_ptr.o(.constdata)
    uc_hextab                                0x08003e68   Data          20  _printf_hex_int_ll_ptr.o(.constdata)
    lc_hextab                                0x08003e7c   Data          20  _printf_hex_int_ll_ptr.o(.constdata)
    .constdata                               0x08003e90   Section      148  bigflt0.o(.constdata)
    tenpwrs_x                                0x08003e90   Data          60  bigflt0.o(.constdata)
    tenpwrs_i                                0x08003ecc   Data          64  bigflt0.o(.constdata)
    locale$$data                             0x08003f44   Section       28  lc_numeric_c.o(locale$$data)
    __lcnum_c_name                           0x08003f48   Data           2  lc_numeric_c.o(locale$$data)
    __lcnum_c_start                          0x08003f50   Data           0  lc_numeric_c.o(locale$$data)
    __lcnum_c_point                          0x08003f5c   Data           0  lc_numeric_c.o(locale$$data)
    __lcnum_c_thousands                      0x08003f5e   Data           0  lc_numeric_c.o(locale$$data)
    __lcnum_c_grouping                       0x08003f5f   Data           0  lc_numeric_c.o(locale$$data)
    locale$$data                             0x08003f60   Section      272  lc_ctype_c.o(locale$$data)
    __lcnum_c_end                            0x08003f60   Data           0  lc_numeric_c.o(locale$$data)
    __lcctype_c_name                         0x08003f64   Data           2  lc_ctype_c.o(locale$$data)
    __lcctype_c_start                        0x08003f6c   Data           0  lc_ctype_c.o(locale$$data)
    __lcctype_c_end                          0x08004070   Data           0  lc_ctype_c.o(locale$$data)
    .data                                    0x20000000   Section       14  main.o(.data)
    .data                                    0x20000010   Section       20  system_stm32f10x.o(.data)
    .data                                    0x20000024   Section        4  delay.o(.data)
    fac_us                                   0x20000024   Data           1  delay.o(.data)
    fac_ms                                   0x20000026   Data           2  delay.o(.data)
    .data                                    0x20000028   Section        6  usart.o(.data)
    .data                                    0x2000002e   Section       20  stm32f10x_rcc.o(.data)
    APBAHBPrescTable                         0x2000002e   Data          16  stm32f10x_rcc.o(.data)
    ADCPrescTable                            0x2000003e   Data           4  stm32f10x_rcc.o(.data)
    .data                                    0x20000044   Section        4  usart2.o(.data)
    .data                                    0x20000048   Section       21  light_sensor.o(.data)
    .data                                    0x2000005d   Section        5  dht11.o(.data)
    .bss                                     0x20000064   Section      200  usart.o(.bss)
    .bss                                     0x2000012c   Section      128  usart2.o(.bss)
    .bss                                     0x200001ac   Section       96  libspace.o(.bss)
    HEAP                                     0x20000210   Section      512  startup_stm32f10x_md.o(HEAP)
    Heap_Mem                                 0x20000210   Data         512  startup_stm32f10x_md.o(HEAP)
    STACK                                    0x20000410   Section     1024  startup_stm32f10x_md.o(STACK)
    Stack_Mem                                0x20000410   Data        1024  startup_stm32f10x_md.o(STACK)
    __initial_sp                             0x20000810   Data           0  startup_stm32f10x_md.o(STACK)

    Global Symbols

    Symbol Name                              Value     Ov Type        Size  Object(Section)

    BuildAttributes$$THM_ISAv4$P$D$K$B$S$PE$A:L22UL41UL21$X:L11$S22US41US21$IEEE1$IW$USESV6$~STKCKD$USESV7$~SHL$OTIME$ROPI$IEEEJ$EBA8$UX$STANDARDLIB$REQ8$PRES8$EABIv2 0x00000000   Number         0  anon$$obj.o ABSOLUTE
    __ARM_use_no_argv                        0x00000000   Number         0  main.o ABSOLUTE
    _printf_flags                            0x00000000   Number         0  printf_stubs.o ABSOLUTE
    _printf_return_value                     0x00000000   Number         0  printf_stubs.o ABSOLUTE
    _printf_sizespec                         0x00000000   Number         0  printf_stubs.o ABSOLUTE
    _printf_widthprec                        0x00000000   Number         0  printf_stubs.o ABSOLUTE
    __ARM_exceptions_init                     - Undefined Weak Reference
    __alloca_initialize                       - Undefined Weak Reference
    __cpp_initialize__aeabi_                  - Undefined Weak Reference
    __cxa_finalize                            - Undefined Weak Reference
    __sigvec_lookup                           - Undefined Weak Reference
    _atexit_init                              - Undefined Weak Reference
    _call_atexit_fns                          - Undefined Weak Reference
    _clock_init                               - Undefined Weak Reference
    _fp_trap_init                             - Undefined Weak Reference
    _fp_trap_shutdown                         - Undefined Weak Reference
    _get_lc_collate                           - Undefined Weak Reference
    _get_lc_monetary                          - Undefined Weak Reference
    _get_lc_time                              - Undefined Weak Reference
    _getenv_init                              - Undefined Weak Reference
    _handle_redirection                       - Undefined Weak Reference
    _init_alloc                               - Undefined Weak Reference
    _init_user_alloc                          - Undefined Weak Reference
    _initio                                   - Undefined Weak Reference
    _mutex_acquire                            - Undefined Weak Reference
    _mutex_release                            - Undefined Weak Reference
    _printf_fp_hex                            - Undefined Weak Reference
    _printf_mbtowc                            - Undefined Weak Reference
    _printf_wc                                - Undefined Weak Reference
    _rand_init                                - Undefined Weak Reference
    _signal_finish                            - Undefined Weak Reference
    _signal_init                              - Undefined Weak Reference
    _terminate_alloc                          - Undefined Weak Reference
    _terminate_user_alloc                     - Undefined Weak Reference
    _terminateio                              - Undefined Weak Reference
    __Vectors_Size                           0x000000ec   Number         0  startup_stm32f10x_md.o ABSOLUTE
    __Vectors                                0x08000000   Data           4  startup_stm32f10x_md.o(RESET)
    __Vectors_End                            0x080000ec   Data           0  startup_stm32f10x_md.o(RESET)
    __main                                   0x080000ed   Thumb Code     8  __main.o(!!!main)
    __scatterload                            0x080000f5   Thumb Code     0  __scatter.o(!!!scatter)
    __scatterload_rt2                        0x080000f5   Thumb Code    44  __scatter.o(!!!scatter)
    __scatterload_rt2_thumb_only             0x080000f5   Thumb Code     0  __scatter.o(!!!scatter)
    __scatterload_null                       0x08000103   Thumb Code     0  __scatter.o(!!!scatter)
    __scatterload_copy                       0x08000129   Thumb Code    26  __scatter_copy.o(!!handler_copy)
    __scatterload_zeroinit                   0x08000145   Thumb Code    28  __scatter_zi.o(!!handler_zi)
    _printf_n                                0x08000161   Thumb Code     0  _printf_n.o(.ARM.Collect$$_printf_percent$$00000001)
    _printf_percent                          0x08000161   Thumb Code     0  _printf_percent.o(.ARM.Collect$$_printf_percent$$00000000)
    _printf_p                                0x08000167   Thumb Code     0  _printf_p.o(.ARM.Collect$$_printf_percent$$00000002)
    _printf_f                                0x0800016d   Thumb Code     0  _printf_f.o(.ARM.Collect$$_printf_percent$$00000003)
    _printf_e                                0x08000173   Thumb Code     0  _printf_e.o(.ARM.Collect$$_printf_percent$$00000004)
    _printf_g                                0x08000179   Thumb Code     0  _printf_g.o(.ARM.Collect$$_printf_percent$$00000005)
    _printf_a                                0x0800017f   Thumb Code     0  _printf_a.o(.ARM.Collect$$_printf_percent$$00000006)
    _printf_ll                               0x08000185   Thumb Code     0  _printf_ll.o(.ARM.Collect$$_printf_percent$$00000007)
    _printf_i                                0x0800018f   Thumb Code     0  _printf_i.o(.ARM.Collect$$_printf_percent$$00000008)
    _printf_d                                0x08000195   Thumb Code     0  _printf_d.o(.ARM.Collect$$_printf_percent$$00000009)
    _printf_u                                0x0800019b   Thumb Code     0  _printf_u.o(.ARM.Collect$$_printf_percent$$0000000A)
    _printf_o                                0x080001a1   Thumb Code     0  _printf_o.o(.ARM.Collect$$_printf_percent$$0000000B)
    _printf_x                                0x080001a7   Thumb Code     0  _printf_x.o(.ARM.Collect$$_printf_percent$$0000000C)
    _printf_lli                              0x080001ad   Thumb Code     0  _printf_lli.o(.ARM.Collect$$_printf_percent$$0000000D)
    _printf_lld                              0x080001b3   Thumb Code     0  _printf_lld.o(.ARM.Collect$$_printf_percent$$0000000E)
    _printf_llu                              0x080001b9   Thumb Code     0  _printf_llu.o(.ARM.Collect$$_printf_percent$$0000000F)
    _printf_llo                              0x080001bf   Thumb Code     0  _printf_llo.o(.ARM.Collect$$_printf_percent$$00000010)
    _printf_llx                              0x080001c5   Thumb Code     0  _printf_llx.o(.ARM.Collect$$_printf_percent$$00000011)
    _printf_l                                0x080001cb   Thumb Code     0  _printf_l.o(.ARM.Collect$$_printf_percent$$00000012)
    _printf_c                                0x080001d5   Thumb Code     0  _printf_c.o(.ARM.Collect$$_printf_percent$$00000013)
    _printf_s                                0x080001db   Thumb Code     0  _printf_s.o(.ARM.Collect$$_printf_percent$$00000014)
    _printf_lc                               0x080001e1   Thumb Code     0  _printf_lc.o(.ARM.Collect$$_printf_percent$$00000015)
    _printf_ls                               0x080001e7   Thumb Code     0  _printf_ls.o(.ARM.Collect$$_printf_percent$$00000016)
    _printf_percent_end                      0x080001ed   Thumb Code     0  _printf_percent_end.o(.ARM.Collect$$_printf_percent$$00000017)
    __rt_lib_init                            0x080001f1   Thumb Code     0  libinit.o(.ARM.Collect$$libinit$$00000000)
    __rt_lib_init_fp_1                       0x080001f3   Thumb Code     0  libinit2.o(.ARM.Collect$$libinit$$00000002)
    __rt_lib_init_heap_1                     0x080001f3   Thumb Code     0  libinit2.o(.ARM.Collect$$libinit$$00000008)
    __rt_lib_init_lc_common                  0x080001f3   Thumb Code     0  libinit2.o(.ARM.Collect$$libinit$$0000000D)
    __rt_lib_init_rand_1                     0x080001f3   Thumb Code     0  libinit2.o(.ARM.Collect$$libinit$$0000000C)
    __rt_lib_init_user_alloc_1               0x080001f3   Thumb Code     0  libinit2.o(.ARM.Collect$$libinit$$0000000A)
    __rt_lib_init_lc_collate_1               0x080001f9   Thumb Code     0  libinit2.o(.ARM.Collect$$libinit$$0000000F)
    __rt_lib_init_lc_ctype_2                 0x080001f9   Thumb Code     0  libinit2.o(.ARM.Collect$$libinit$$00000010)
    __rt_lib_init_lc_ctype_1                 0x08000205   Thumb Code     0  libinit2.o(.ARM.Collect$$libinit$$00000011)
    __rt_lib_init_lc_monetary_1              0x08000205   Thumb Code     0  libinit2.o(.ARM.Collect$$libinit$$00000013)
    __rt_lib_init_lc_numeric_2               0x08000205   Thumb Code     0  libinit2.o(.ARM.Collect$$libinit$$00000014)
    __rt_lib_init_alloca_1                   0x0800020f   Thumb Code     0  libinit2.o(.ARM.Collect$$libinit$$0000002C)
    __rt_lib_init_argv_1                     0x0800020f   Thumb Code     0  libinit2.o(.ARM.Collect$$libinit$$0000002A)
    __rt_lib_init_atexit_1                   0x0800020f   Thumb Code     0  libinit2.o(.ARM.Collect$$libinit$$00000019)
    __rt_lib_init_clock_1                    0x0800020f   Thumb Code     0  libinit2.o(.ARM.Collect$$libinit$$0000001F)
    __rt_lib_init_cpp_1                      0x0800020f   Thumb Code     0  libinit2.o(.ARM.Collect$$libinit$$00000030)
    __rt_lib_init_exceptions_1               0x0800020f   Thumb Code     0  libinit2.o(.ARM.Collect$$libinit$$0000002E)
    __rt_lib_init_fp_trap_1                  0x0800020f   Thumb Code     0  libinit2.o(.ARM.Collect$$libinit$$0000001D)
    __rt_lib_init_getenv_1                   0x0800020f   Thumb Code     0  libinit2.o(.ARM.Collect$$libinit$$00000021)
    __rt_lib_init_lc_numeric_1               0x0800020f   Thumb Code     0  libinit2.o(.ARM.Collect$$libinit$$00000015)
    __rt_lib_init_lc_time_1                  0x0800020f   Thumb Code     0  libinit2.o(.ARM.Collect$$libinit$$00000017)
    __rt_lib_init_return                     0x0800020f   Thumb Code     0  libinit2.o(.ARM.Collect$$libinit$$00000031)
    __rt_lib_init_signal_1                   0x0800020f   Thumb Code     0  libinit2.o(.ARM.Collect$$libinit$$0000001B)
    __rt_lib_init_stdio_1                    0x0800020f   Thumb Code     0  libinit2.o(.ARM.Collect$$libinit$$00000023)
    __rt_lib_shutdown                        0x08000211   Thumb Code     0  libshutdown.o(.ARM.Collect$$libshutdown$$00000000)
    __rt_lib_shutdown_fp_trap_1              0x08000213   Thumb Code     0  libshutdown2.o(.ARM.Collect$$libshutdown$$00000006)
    __rt_lib_shutdown_heap_1                 0x08000213   Thumb Code     0  libshutdown2.o(.ARM.Collect$$libshutdown$$0000000E)
    __rt_lib_shutdown_return                 0x08000213   Thumb Code     0  libshutdown2.o(.ARM.Collect$$libshutdown$$0000000F)
    __rt_lib_shutdown_signal_1               0x08000213   Thumb Code     0  libshutdown2.o(.ARM.Collect$$libshutdown$$00000009)
    __rt_lib_shutdown_stdio_1                0x08000213   Thumb Code     0  libshutdown2.o(.ARM.Collect$$libshutdown$$00000003)
    __rt_lib_shutdown_user_alloc_1           0x08000213   Thumb Code     0  libshutdown2.o(.ARM.Collect$$libshutdown$$0000000B)
    __rt_entry                               0x08000215   Thumb Code     0  rtentry.o(.ARM.Collect$$rtentry$$00000000)
    __rt_entry_presh_1                       0x08000215   Thumb Code     0  rtentry2.o(.ARM.Collect$$rtentry$$00000002)
    __rt_entry_sh                            0x08000215   Thumb Code     0  rtentry4.o(.ARM.Collect$$rtentry$$00000004)
    __rt_entry_li                            0x0800021b   Thumb Code     0  rtentry2.o(.ARM.Collect$$rtentry$$0000000A)
    __rt_entry_postsh_1                      0x0800021b   Thumb Code     0  rtentry2.o(.ARM.Collect$$rtentry$$00000009)
    __rt_entry_main                          0x0800021f   Thumb Code     0  rtentry2.o(.ARM.Collect$$rtentry$$0000000D)
    __rt_entry_postli_1                      0x0800021f   Thumb Code     0  rtentry2.o(.ARM.Collect$$rtentry$$0000000C)
    __rt_exit                                0x08000227   Thumb Code     0  rtexit.o(.ARM.Collect$$rtexit$$00000000)
    __rt_exit_ls                             0x08000229   Thumb Code     0  rtexit2.o(.ARM.Collect$$rtexit$$00000003)
    __rt_exit_prels_1                        0x08000229   Thumb Code     0  rtexit2.o(.ARM.Collect$$rtexit$$00000002)
    __rt_exit_exit                           0x0800022d   Thumb Code     0  rtexit2.o(.ARM.Collect$$rtexit$$00000004)
    main                                     0x08000235   Thumb Code   114  main.o(.text)
    NMI_Handler                              0x080002e5   Thumb Code     2  stm32f10x_it.o(.text)
    HardFault_Handler                        0x080002e7   Thumb Code     4  stm32f10x_it.o(.text)
    MemManage_Handler                        0x080002eb   Thumb Code     4  stm32f10x_it.o(.text)
    BusFault_Handler                         0x080002ef   Thumb Code     4  stm32f10x_it.o(.text)
    UsageFault_Handler                       0x080002f3   Thumb Code     4  stm32f10x_it.o(.text)
    SVC_Handler                              0x080002f7   Thumb Code     2  stm32f10x_it.o(.text)
    DebugMon_Handler                         0x080002f9   Thumb Code     2  stm32f10x_it.o(.text)
    PendSV_Handler                           0x080002fb   Thumb Code     2  stm32f10x_it.o(.text)
    SysTick_Handler                          0x080002fd   Thumb Code     2  stm32f10x_it.o(.text)
    SystemInit                               0x080003df   Thumb Code    78  system_stm32f10x.o(.text)
    SystemCoreClockUpdate                    0x0800042d   Thumb Code   142  system_stm32f10x.o(.text)
    delay_init                               0x080004e1   Thumb Code    50  delay.o(.text)
    delay_us                                 0x08000513   Thumb Code    72  delay.o(.text)
    delay_ms                                 0x0800055b   Thumb Code    72  delay.o(.text)
    _sys_exit                                0x080005b5   Thumb Code     6  usart.o(.text)
    fputc                                    0x080005bb   Thumb Code    24  usart.o(.text)
    uart_init                                0x080005d3   Thumb Code   152  usart.o(.text)
    USART1_IRQHandler                        0x0800066b   Thumb Code   122  usart.o(.text)
    Reset_Handler                            0x080006f5   Thumb Code     8  startup_stm32f10x_md.o(.text)
    ADC1_2_IRQHandler                        0x0800070f   Thumb Code     0  startup_stm32f10x_md.o(.text)
    CAN1_RX1_IRQHandler                      0x0800070f   Thumb Code     0  startup_stm32f10x_md.o(.text)
    CAN1_SCE_IRQHandler                      0x0800070f   Thumb Code     0  startup_stm32f10x_md.o(.text)
    DMA1_Channel1_IRQHandler                 0x0800070f   Thumb Code     0  startup_stm32f10x_md.o(.text)
    DMA1_Channel2_IRQHandler                 0x0800070f   Thumb Code     0  startup_stm32f10x_md.o(.text)
    DMA1_Channel3_IRQHandler                 0x0800070f   Thumb Code     0  startup_stm32f10x_md.o(.text)
    DMA1_Channel4_IRQHandler                 0x0800070f   Thumb Code     0  startup_stm32f10x_md.o(.text)
    DMA1_Channel5_IRQHandler                 0x0800070f   Thumb Code     0  startup_stm32f10x_md.o(.text)
    DMA1_Channel6_IRQHandler                 0x0800070f   Thumb Code     0  startup_stm32f10x_md.o(.text)
    DMA1_Channel7_IRQHandler                 0x0800070f   Thumb Code     0  startup_stm32f10x_md.o(.text)
    EXTI0_IRQHandler                         0x0800070f   Thumb Code     0  startup_stm32f10x_md.o(.text)
    EXTI15_10_IRQHandler                     0x0800070f   Thumb Code     0  startup_stm32f10x_md.o(.text)
    EXTI1_IRQHandler                         0x0800070f   Thumb Code     0  startup_stm32f10x_md.o(.text)
    EXTI2_IRQHandler                         0x0800070f   Thumb Code     0  startup_stm32f10x_md.o(.text)
    EXTI3_IRQHandler                         0x0800070f   Thumb Code     0  startup_stm32f10x_md.o(.text)
    EXTI4_IRQHandler                         0x0800070f   Thumb Code     0  startup_stm32f10x_md.o(.text)
    EXTI9_5_IRQHandler                       0x0800070f   Thumb Code     0  startup_stm32f10x_md.o(.text)
    FLASH_IRQHandler                         0x0800070f   Thumb Code     0  startup_stm32f10x_md.o(.text)
    I2C1_ER_IRQHandler                       0x0800070f   Thumb Code     0  startup_stm32f10x_md.o(.text)
    I2C1_EV_IRQHandler                       0x0800070f   Thumb Code     0  startup_stm32f10x_md.o(.text)
    I2C2_ER_IRQHandler                       0x0800070f   Thumb Code     0  startup_stm32f10x_md.o(.text)
    I2C2_EV_IRQHandler                       0x0800070f   Thumb Code     0  startup_stm32f10x_md.o(.text)
    PVD_IRQHandler                           0x0800070f   Thumb Code     0  startup_stm32f10x_md.o(.text)
    RCC_IRQHandler                           0x0800070f   Thumb Code     0  startup_stm32f10x_md.o(.text)
    RTCAlarm_IRQHandler                      0x0800070f   Thumb Code     0  startup_stm32f10x_md.o(.text)
    RTC_IRQHandler                           0x0800070f   Thumb Code     0  startup_stm32f10x_md.o(.text)
    SPI1_IRQHandler                          0x0800070f   Thumb Code     0  startup_stm32f10x_md.o(.text)
    SPI2_IRQHandler                          0x0800070f   Thumb Code     0  startup_stm32f10x_md.o(.text)
    TAMPER_IRQHandler                        0x0800070f   Thumb Code     0  startup_stm32f10x_md.o(.text)
    TIM1_BRK_IRQHandler                      0x0800070f   Thumb Code     0  startup_stm32f10x_md.o(.text)
    TIM1_CC_IRQHandler                       0x0800070f   Thumb Code     0  startup_stm32f10x_md.o(.text)
    TIM1_TRG_COM_IRQHandler                  0x0800070f   Thumb Code     0  startup_stm32f10x_md.o(.text)
    TIM1_UP_IRQHandler                       0x0800070f   Thumb Code     0  startup_stm32f10x_md.o(.text)
    TIM2_IRQHandler                          0x0800070f   Thumb Code     0  startup_stm32f10x_md.o(.text)
    TIM3_IRQHandler                          0x0800070f   Thumb Code     0  startup_stm32f10x_md.o(.text)
    TIM4_IRQHandler                          0x0800070f   Thumb Code     0  startup_stm32f10x_md.o(.text)
    USART3_IRQHandler                        0x0800070f   Thumb Code     0  startup_stm32f10x_md.o(.text)
    USBWakeUp_IRQHandler                     0x0800070f   Thumb Code     0  startup_stm32f10x_md.o(.text)
    USB_HP_CAN1_TX_IRQHandler                0x0800070f   Thumb Code     0  startup_stm32f10x_md.o(.text)
    USB_LP_CAN1_RX0_IRQHandler               0x0800070f   Thumb Code     0  startup_stm32f10x_md.o(.text)
    WWDG_IRQHandler                          0x0800070f   Thumb Code     0  startup_stm32f10x_md.o(.text)
    __user_initial_stackheap                 0x08000711   Thumb Code     0  startup_stm32f10x_md.o(.text)
    NVIC_PriorityGroupConfig                 0x08000735   Thumb Code    10  misc.o(.text)
    NVIC_Init                                0x0800073f   Thumb Code   100  misc.o(.text)
    NVIC_SetVectorTable                      0x080007a3   Thumb Code    14  misc.o(.text)
    NVIC_SystemLPConfig                      0x080007b1   Thumb Code    34  misc.o(.text)
    SysTick_CLKSourceConfig                  0x080007d3   Thumb Code    40  misc.o(.text)
    GPIO_DeInit                              0x08000811   Thumb Code   172  stm32f10x_gpio.o(.text)
    GPIO_AFIODeInit                          0x080008bd   Thumb Code    20  stm32f10x_gpio.o(.text)
    GPIO_Init                                0x080008d1   Thumb Code   278  stm32f10x_gpio.o(.text)
    GPIO_StructInit                          0x080009e7   Thumb Code    16  stm32f10x_gpio.o(.text)
    GPIO_ReadInputDataBit                    0x080009f7   Thumb Code    18  stm32f10x_gpio.o(.text)
    GPIO_ReadInputData                       0x08000a09   Thumb Code     8  stm32f10x_gpio.o(.text)
    GPIO_ReadOutputDataBit                   0x08000a11   Thumb Code    18  stm32f10x_gpio.o(.text)
    GPIO_ReadOutputData                      0x08000a23   Thumb Code     8  stm32f10x_gpio.o(.text)
    GPIO_SetBits                             0x08000a2b   Thumb Code     4  stm32f10x_gpio.o(.text)
    GPIO_ResetBits                           0x08000a2f   Thumb Code     4  stm32f10x_gpio.o(.text)
    GPIO_WriteBit                            0x08000a33   Thumb Code    10  stm32f10x_gpio.o(.text)
    GPIO_Write                               0x08000a3d   Thumb Code     4  stm32f10x_gpio.o(.text)
    GPIO_PinLockConfig                       0x08000a41   Thumb Code    18  stm32f10x_gpio.o(.text)
    GPIO_EventOutputConfig                   0x08000a53   Thumb Code    26  stm32f10x_gpio.o(.text)
    GPIO_EventOutputCmd                      0x08000a6d   Thumb Code     6  stm32f10x_gpio.o(.text)
    GPIO_PinRemapConfig                      0x08000a73   Thumb Code   138  stm32f10x_gpio.o(.text)
    GPIO_EXTILineConfig                      0x08000afd   Thumb Code    66  stm32f10x_gpio.o(.text)
    GPIO_ETH_MediaInterfaceConfig            0x08000b3f   Thumb Code     8  stm32f10x_gpio.o(.text)
    RCC_DeInit                               0x08000b6d   Thumb Code    64  stm32f10x_rcc.o(.text)
    RCC_HSEConfig                            0x08000bad   Thumb Code    70  stm32f10x_rcc.o(.text)
    RCC_GetFlagStatus                        0x08000bf3   Thumb Code    56  stm32f10x_rcc.o(.text)
    RCC_WaitForHSEStartUp                    0x08000c2b   Thumb Code    56  stm32f10x_rcc.o(.text)
    RCC_AdjustHSICalibrationValue            0x08000c63   Thumb Code    20  stm32f10x_rcc.o(.text)
    RCC_HSICmd                               0x08000c77   Thumb Code     6  stm32f10x_rcc.o(.text)
    RCC_PLLConfig                            0x08000c7d   Thumb Code    24  stm32f10x_rcc.o(.text)
    RCC_PLLCmd                               0x08000c95   Thumb Code     6  stm32f10x_rcc.o(.text)
    RCC_SYSCLKConfig                         0x08000c9b   Thumb Code    18  stm32f10x_rcc.o(.text)
    RCC_GetSYSCLKSource                      0x08000cad   Thumb Code    10  stm32f10x_rcc.o(.text)
    RCC_HCLKConfig                           0x08000cb7   Thumb Code    18  stm32f10x_rcc.o(.text)
    RCC_PCLK1Config                          0x08000cc9   Thumb Code    18  stm32f10x_rcc.o(.text)
    RCC_PCLK2Config                          0x08000cdb   Thumb Code    20  stm32f10x_rcc.o(.text)
    RCC_ITConfig                             0x08000cef   Thumb Code    26  stm32f10x_rcc.o(.text)
    RCC_USBCLKConfig                         0x08000d09   Thumb Code     8  stm32f10x_rcc.o(.text)
    RCC_ADCCLKConfig                         0x08000d11   Thumb Code    18  stm32f10x_rcc.o(.text)
    RCC_LSEConfig                            0x08000d23   Thumb Code    50  stm32f10x_rcc.o(.text)
    RCC_LSICmd                               0x08000d55   Thumb Code     6  stm32f10x_rcc.o(.text)
    RCC_RTCCLKConfig                         0x08000d5b   Thumb Code    12  stm32f10x_rcc.o(.text)
    RCC_RTCCLKCmd                            0x08000d67   Thumb Code     8  stm32f10x_rcc.o(.text)
    RCC_GetClocksFreq                        0x08000d6f   Thumb Code   192  stm32f10x_rcc.o(.text)
    RCC_AHBPeriphClockCmd                    0x08000e2f   Thumb Code    26  stm32f10x_rcc.o(.text)
    RCC_APB2PeriphClockCmd                   0x08000e49   Thumb Code    26  stm32f10x_rcc.o(.text)
    RCC_APB1PeriphClockCmd                   0x08000e63   Thumb Code    26  stm32f10x_rcc.o(.text)
    RCC_APB2PeriphResetCmd                   0x08000e7d   Thumb Code    26  stm32f10x_rcc.o(.text)
    RCC_APB1PeriphResetCmd                   0x08000e97   Thumb Code    26  stm32f10x_rcc.o(.text)
    RCC_BackupResetCmd                       0x08000eb1   Thumb Code     8  stm32f10x_rcc.o(.text)
    RCC_ClockSecuritySystemCmd               0x08000eb9   Thumb Code     6  stm32f10x_rcc.o(.text)
    RCC_MCOConfig                            0x08000ebf   Thumb Code     6  stm32f10x_rcc.o(.text)
    RCC_ClearFlag                            0x08000ec5   Thumb Code    14  stm32f10x_rcc.o(.text)
    RCC_GetITStatus                          0x08000ed3   Thumb Code    20  stm32f10x_rcc.o(.text)
    RCC_ClearITPendingBit                    0x08000ee7   Thumb Code     6  stm32f10x_rcc.o(.text)
    SPI_I2S_DeInit                           0x08000f11   Thumb Code    76  stm32f10x_spi.o(.text)
    SPI_Init                                 0x08000f5d   Thumb Code    60  stm32f10x_spi.o(.text)
    I2S_Init                                 0x08000f99   Thumb Code   226  stm32f10x_spi.o(.text)
    SPI_StructInit                           0x0800107b   Thumb Code    24  stm32f10x_spi.o(.text)
    I2S_StructInit                           0x08001093   Thumb Code    20  stm32f10x_spi.o(.text)
    SPI_Cmd                                  0x080010a7   Thumb Code    24  stm32f10x_spi.o(.text)
    I2S_Cmd                                  0x080010bf   Thumb Code    24  stm32f10x_spi.o(.text)
    SPI_I2S_ITConfig                         0x080010d7   Thumb Code    32  stm32f10x_spi.o(.text)
    SPI_I2S_DMACmd                           0x080010f7   Thumb Code    18  stm32f10x_spi.o(.text)
    SPI_I2S_SendData                         0x08001109   Thumb Code     4  stm32f10x_spi.o(.text)
    SPI_I2S_ReceiveData                      0x0800110d   Thumb Code     6  stm32f10x_spi.o(.text)
    SPI_NSSInternalSoftwareConfig            0x08001113   Thumb Code    30  stm32f10x_spi.o(.text)
    SPI_SSOutputCmd                          0x08001131   Thumb Code    24  stm32f10x_spi.o(.text)
    SPI_DataSizeConfig                       0x08001149   Thumb Code    18  stm32f10x_spi.o(.text)
    SPI_TransmitCRC                          0x0800115b   Thumb Code    10  stm32f10x_spi.o(.text)
    SPI_CalculateCRC                         0x08001165   Thumb Code    24  stm32f10x_spi.o(.text)
    SPI_GetCRC                               0x0800117d   Thumb Code    16  stm32f10x_spi.o(.text)
    SPI_GetCRCPolynomial                     0x0800118d   Thumb Code     6  stm32f10x_spi.o(.text)
    SPI_BiDirectionalLineConfig              0x08001193   Thumb Code    28  stm32f10x_spi.o(.text)
    SPI_I2S_GetFlagStatus                    0x080011af   Thumb Code    18  stm32f10x_spi.o(.text)
    SPI_I2S_ClearFlag                        0x080011c1   Thumb Code     6  stm32f10x_spi.o(.text)
    SPI_I2S_GetITStatus                      0x080011c7   Thumb Code    52  stm32f10x_spi.o(.text)
    SPI_I2S_ClearITPendingBit                0x080011fb   Thumb Code    20  stm32f10x_spi.o(.text)
    USART_DeInit                             0x0800121d   Thumb Code   134  stm32f10x_usart.o(.text)
    USART_Init                               0x080012a3   Thumb Code   210  stm32f10x_usart.o(.text)
    USART_StructInit                         0x08001375   Thumb Code    24  stm32f10x_usart.o(.text)
    USART_ClockInit                          0x0800138d   Thumb Code    34  stm32f10x_usart.o(.text)
    USART_ClockStructInit                    0x080013af   Thumb Code    12  stm32f10x_usart.o(.text)
    USART_Cmd                                0x080013bb   Thumb Code    24  stm32f10x_usart.o(.text)
    USART_ITConfig                           0x080013d3   Thumb Code    74  stm32f10x_usart.o(.text)
    USART_DMACmd                             0x0800141d   Thumb Code    18  stm32f10x_usart.o(.text)
    USART_SetAddress                         0x0800142f   Thumb Code    18  stm32f10x_usart.o(.text)
    USART_WakeUpConfig                       0x08001441   Thumb Code    18  stm32f10x_usart.o(.text)
    USART_ReceiverWakeUpCmd                  0x08001453   Thumb Code    24  stm32f10x_usart.o(.text)
    USART_LINBreakDetectLengthConfig         0x0800146b   Thumb Code    18  stm32f10x_usart.o(.text)
    USART_LINCmd                             0x0800147d   Thumb Code    24  stm32f10x_usart.o(.text)
    USART_SendData                           0x08001495   Thumb Code     8  stm32f10x_usart.o(.text)
    USART_ReceiveData                        0x0800149d   Thumb Code    10  stm32f10x_usart.o(.text)
    USART_SendBreak                          0x080014a7   Thumb Code    10  stm32f10x_usart.o(.text)
    USART_SetGuardTime                       0x080014b1   Thumb Code    16  stm32f10x_usart.o(.text)
    USART_SetPrescaler                       0x080014c1   Thumb Code    16  stm32f10x_usart.o(.text)
    USART_SmartCardCmd                       0x080014d1   Thumb Code    24  stm32f10x_usart.o(.text)
    USART_SmartCardNACKCmd                   0x080014e9   Thumb Code    24  stm32f10x_usart.o(.text)
    USART_HalfDuplexCmd                      0x08001501   Thumb Code    24  stm32f10x_usart.o(.text)
    USART_OverSampling8Cmd                   0x08001519   Thumb Code    22  stm32f10x_usart.o(.text)
    USART_OneBitMethodCmd                    0x0800152f   Thumb Code    24  stm32f10x_usart.o(.text)
    USART_IrDAConfig                         0x08001547   Thumb Code    18  stm32f10x_usart.o(.text)
    USART_IrDACmd                            0x08001559   Thumb Code    24  stm32f10x_usart.o(.text)
    USART_GetFlagStatus                      0x08001571   Thumb Code    26  stm32f10x_usart.o(.text)
    USART_ClearFlag                          0x0800158b   Thumb Code    18  stm32f10x_usart.o(.text)
    USART_GetITStatus                        0x0800159d   Thumb Code    84  stm32f10x_usart.o(.text)
    USART_ClearITPendingBit                  0x080015f1   Thumb Code    52  stm32f10x_usart.o(.text)
    NRF24L01_Init                            0x08001625   Thumb Code   196  24l01.o(.text)
    NRF24L01_Read_Buf                        0x080016e9   Thumb Code    60  24l01.o(.text)
    NRF24L01_Write_Buf                       0x08001725   Thumb Code    60  24l01.o(.text)
    NRF24L01_Check                           0x08001761   Thumb Code    72  24l01.o(.text)
    NRF24L01_Write_Reg                       0x080017a9   Thumb Code    40  24l01.o(.text)
    NRF24L01_Read_Reg                        0x080017d1   Thumb Code    38  24l01.o(.text)
    NRF24L01_RxPacket                        0x080017f7   Thumb Code    58  24l01.o(.text)
    NRF24L01_RX_Mode                         0x08001831   Thumb Code    76  24l01.o(.text)
    NRF24L01_TxPacket                        0x0800187d   Thumb Code    94  24l01.o(.text)
    NRF24L01_TX_Mode                         0x080018db   Thumb Code    76  24l01.o(.text)
    SPI2_ReadWriteByte                       0x08001949   Thumb Code    78  spi.o(.text)
    SPI2_Init                                0x08001997   Thumb Code   140  spi.o(.text)
    SPI2_SetSpeed                            0x08001a23   Thumb Code    36  spi.o(.text)
    USART2_IRQHandler                        0x08001a51   Thumb Code    72  usart2.o(.text)
    usart2_init                              0x08001a99   Thumb Code   162  usart2.o(.text)
    u2_printf                                0x08001b3b   Thumb Code    72  usart2.o(.text)
    conversion                               0x08001b99   Thumb Code    94  light_sensor.o(.text)
    BH1750_Start                             0x08001bf7   Thumb Code    42  light_sensor.o(.text)
    BH1750_Stop                              0x08001c21   Thumb Code    36  light_sensor.o(.text)
    BH1750_SendACK                           0x08001c45   Thumb Code    38  light_sensor.o(.text)
    BH1750_RecvACK                           0x08001c6b   Thumb Code    54  light_sensor.o(.text)
    BH1750_SendByte                          0x08001ca1   Thumb Code    74  light_sensor.o(.text)
    BH1750_RecvByte                          0x08001ceb   Thumb Code    76  light_sensor.o(.text)
    Single_Write_BH1750                      0x08001d37   Thumb Code    26  light_sensor.o(.text)
    Multiple_Read_BH1750                     0x08001d51   Thumb Code    62  light_sensor.o(.text)
    Init_BH1750                              0x08001d8f   Thumb Code    10  light_sensor.o(.text)
    serial_send                              0x08001d99   Thumb Code    76  light_sensor.o(.text)
    light_sensor_init                        0x08001de5   Thumb Code    20  light_sensor.o(.text)
    light_cal                                0x08001df9   Thumb Code    98  light_sensor.o(.text)
    get_light_data                           0x08001e5b   Thumb Code    54  light_sensor.o(.text)
    LED_Init                                 0x08001ec5   Thumb Code    66  light_sensor_io.o(.text)
    SDA_Init                                 0x08001f07   Thumb Code    32  light_sensor_io.o(.text)
    DS18B20_Rst                              0x08001f2d   Thumb Code    54  ds18b20.o(.text)
    DS18B20_Check                            0x08001f63   Thumb Code    96  ds18b20.o(.text)
    DS18B20_Read_Bit                         0x08001fc3   Thumb Code    96  ds18b20.o(.text)
    DS18B20_Read_Byte                        0x08002023   Thumb Code    34  ds18b20.o(.text)
    DS18B20_Write_Byte                       0x08002045   Thumb Code   102  ds18b20.o(.text)
    DS18B20_Start                            0x080020ab   Thumb Code    24  ds18b20.o(.text)
    DS18B20_Init                             0x080020c3   Thumb Code    58  ds18b20.o(.text)
    DS18B20_Get_Temp                         0x080020fd   Thumb Code    50  ds18b20.o(.text)
    get_temp                                 0x0800212f   Thumb Code    36  ds18b20.o(.text)
    DHT11_get_databit                        0x080021a5   Thumb Code    22  dht11.o(.text)
    DHT11_set_databit                        0x080021bb   Thumb Code    28  dht11.o(.text)
    mdelay                                   0x080021d7   Thumb Code    14  dht11.o(.text)
    udelay                                   0x080021e5   Thumb Code    14  dht11.o(.text)
    DHT11_get_data                           0x0800228b   Thumb Code    28  dht11.o(.text)
    get_RH_data                              0x080022a7   Thumb Code    40  dht11.o(.text)
    __use_no_semihosting                     0x080022d9   Thumb Code     2  use_no_semi_2.o(.text)
    __c89vsprintf                            0x080022dd   Thumb Code    32  c89vsprintf.o(.text)
    __2printf                                0x08002301   Thumb Code    20  __2printf.o(.text)
    _printf_str                              0x08002319   Thumb Code    82  _printf_str.o(.text)
    __printf                                 0x0800236d   Thumb Code   388  __printf_flags_ss_wp.o(.text)
    strlen                                   0x080024f5   Thumb Code    62  strlen.o(.text)
    __use_two_region_memory                  0x08002533   Thumb Code     2  heapauxi.o(.text)
    __rt_heap_escrow$2region                 0x08002535   Thumb Code     2  heapauxi.o(.text)
    __rt_heap_expand$2region                 0x08002537   Thumb Code     2  heapauxi.o(.text)
    __I$use$semihosting                      0x08002539   Thumb Code     0  use_no_semi.o(.text)
    __use_no_semihosting_swi                 0x08002539   Thumb Code     2  use_no_semi.o(.text)
    _printf_pre_padding                      0x0800253b   Thumb Code    44  _printf_pad.o(.text)
    _printf_post_padding                     0x08002567   Thumb Code    34  _printf_pad.o(.text)
    _printf_truncate_signed                  0x08002589   Thumb Code    18  _printf_truncate.o(.text)
    _printf_truncate_unsigned                0x0800259b   Thumb Code    18  _printf_truncate.o(.text)
    _printf_int_dec                          0x080025ad   Thumb Code   100  _printf_dec.o(.text)
    _printf_charcount                        0x08002621   Thumb Code    40  _printf_charcount.o(.text)
    _printf_char_common                      0x08002653   Thumb Code    32  _printf_char_common.o(.text)
    _sputc                                   0x08002679   Thumb Code    10  _sputc.o(.text)
    _printf_cs_common                        0x08002683   Thumb Code    20  _printf_char.o(.text)
    _printf_char                             0x08002697   Thumb Code    16  _printf_char.o(.text)
    _printf_string                           0x080026a7   Thumb Code     8  _printf_char.o(.text)
    _printf_char_file                        0x080026b1   Thumb Code    32  _printf_char_file.o(.text)
    _printf_wctomb                           0x080026d5   Thumb Code   182  _printf_wctomb.o(.text)
    _printf_longlong_dec                     0x08002791   Thumb Code   104  _printf_longlong_dec.o(.text)
    _printf_longlong_oct                     0x08002809   Thumb Code    68  _printf_oct_int_ll.o(.text)
    _printf_int_oct                          0x0800284d   Thumb Code    24  _printf_oct_int_ll.o(.text)
    _printf_ll_oct                           0x08002865   Thumb Code    12  _printf_oct_int_ll.o(.text)
    _printf_longlong_hex                     0x08002879   Thumb Code    86  _printf_hex_int_ll_ptr.o(.text)
    _printf_int_hex                          0x080028cf   Thumb Code    28  _printf_hex_int_ll_ptr.o(.text)
    _printf_ll_hex                           0x080028eb   Thumb Code    12  _printf_hex_int_ll_ptr.o(.text)
    _printf_hex_ptr                          0x080028f7   Thumb Code    18  _printf_hex_int_ll_ptr.o(.text)
    _ll_udiv10                               0x0800290d   Thumb Code   138  lludiv10.o(.text)
    _printf_int_common                       0x08002997   Thumb Code   178  _printf_intcommon.o(.text)
    __lib_sel_fp_printf                      0x08002a49   Thumb Code     2  _printf_fp_dec.o(.text)
    _printf_fp_dec_real                      0x08002bf7   Thumb Code   616  _printf_fp_dec.o(.text)
    _printf_lcs_common                       0x08002e5f   Thumb Code    20  _printf_wchar.o(.text)
    _printf_wchar                            0x08002e73   Thumb Code    16  _printf_wchar.o(.text)
    _printf_wstring                          0x08002e83   Thumb Code     8  _printf_wchar.o(.text)
    ferror                                   0x08002e8b   Thumb Code     8  ferror.o(.text)
    _wcrtomb                                 0x08002e93   Thumb Code    64  _wcrtomb.o(.text)
    __user_setup_stackheap                   0x08002ed3   Thumb Code    74  sys_stackheap_outer.o(.text)
    __rt_ctype_table                         0x08002f1d   Thumb Code    16  rt_ctype_table.o(.text)
    __rt_locale                              0x08002f2d   Thumb Code     8  rt_locale_intlibspace.o(.text)
    _printf_fp_infnan                        0x08002f35   Thumb Code   112  _printf_fp_infnan.o(.text)
    _btod_etento                             0x08002fb5   Thumb Code   212  bigflt0.o(.text)
    exit                                     0x0800308d   Thumb Code    12  exit.o(.text)
    __user_libspace                          0x08003099   Thumb Code     8  libspace.o(.text)
    __user_perproc_libspace                  0x08003099   Thumb Code     0  libspace.o(.text)
    __user_perthread_libspace                0x08003099   Thumb Code     0  libspace.o(.text)
    strcmp                                   0x080030a1   Thumb Code   128  strcmpv7m.o(.text)
    _btod_d2e                                0x08003121   Thumb Code    62  btod.o(CL$$btod_d2e)
    _d2e_denorm_low                          0x0800315f   Thumb Code    70  btod.o(CL$$btod_d2e_denorm_low)
    _d2e_norm_op1                            0x080031a5   Thumb Code    96  btod.o(CL$$btod_d2e_norm_op1)
    __btod_div_common                        0x08003205   Thumb Code   696  btod.o(CL$$btod_div_common)
    _e2e                                     0x0800353d   Thumb Code   198  btod.o(CL$$btod_e2e)
    _btod_ediv                               0x08003603   Thumb Code    40  btod.o(CL$$btod_ediv)
    _btod_emul                               0x0800362b   Thumb Code    40  btod.o(CL$$btod_emul)
    __btod_mult_common                       0x08003653   Thumb Code   580  btod.o(CL$$btod_mult_common)
    __ARM_fpclassify                         0x08003897   Thumb Code    40  fpclassify.o(i.__ARM_fpclassify)
    _is_digit                                0x080038bf   Thumb Code    14  __printf_wp.o(i._is_digit)
    _get_lc_numeric                          0x080038cd   Thumb Code    44  lc_numeric_c.o(locale$$code)
    _get_lc_ctype                            0x080038f9   Thumb Code    44  lc_ctype_c.o(locale$$code)
    __aeabi_d2f                              0x08003925   Thumb Code     0  d2f.o(x$fpl$d2f)
    _d2f                                     0x08003925   Thumb Code    98  d2f.o(x$fpl$d2f)
    __aeabi_ddiv                             0x08003989   Thumb Code     0  ddiv.o(x$fpl$ddiv)
    _ddiv                                    0x08003989   Thumb Code   552  ddiv.o(x$fpl$ddiv)
    __fpl_dnaninf                            0x08003c39   Thumb Code   156  dnaninf.o(x$fpl$dnaninf)
    __fpl_dretinf                            0x08003cd5   Thumb Code    12  dretinf.o(x$fpl$dretinf)
    __aeabi_f2d                              0x08003ce1   Thumb Code     0  f2d.o(x$fpl$f2d)
    _f2d                                     0x08003ce1   Thumb Code    86  f2d.o(x$fpl$f2d)
    __aeabi_f2uiz                            0x08003d39   Thumb Code     0  ffixu.o(x$fpl$ffixu)
    _ffixu                                   0x08003d39   Thumb Code    62  ffixu.o(x$fpl$ffixu)
    __aeabi_i2f                              0x08003d79   Thumb Code     0  fflt_clz.o(x$fpl$fflt)
    _fflt                                    0x08003d79   Thumb Code    48  fflt_clz.o(x$fpl$fflt)
    __fpl_fnaninf                            0x08003da9   Thumb Code   140  fnaninf.o(x$fpl$fnaninf)
    __fpl_fretinf                            0x08003e35   Thumb Code    10  fretinf.o(x$fpl$fretinf)
    _printf_fp_dec                           0x08003e3f   Thumb Code     4  printf1.o(x$fpl$printf1)
    TX_ADDRESS                               0x08003e42   Data           5  24l01.o(.constdata)
    __I$use$fp                               0x08003e42   Number         0  usenofp.o(x$fpl$usenofp)
    RX_ADDRESS                               0x08003e47   Data           5  24l01.o(.constdata)
    Region$$Table$$Base                      0x08003f24   Number         0  anon$$obj.o(Region$$Table)
    Region$$Table$$Limit                     0x08003f44   Number         0  anon$$obj.o(Region$$Table)
    __ctype                                  0x08003f6d   Data           0  lc_ctype_c.o(locale$$data)
    sensor_data                              0x20000000   Data          14  main.o(.data)
    SystemCoreClock                          0x20000010   Data           4  system_stm32f10x.o(.data)
    AHBPrescTable                            0x20000014   Data          16  system_stm32f10x.o(.data)
    __stdout                                 0x20000028   Data           4  usart.o(.data)
    USART_RX_STA                             0x2000002c   Data           2  usart.o(.data)
    USART2_RX_STA                            0x20000044   Data           4  usart2.o(.data)
    BUF                                      0x20000048   Data           8  light_sensor.o(.data)
    ge                                       0x20000050   Data           1  light_sensor.o(.data)
    shi                                      0x20000051   Data           1  light_sensor.o(.data)
    bai                                      0x20000052   Data           1  light_sensor.o(.data)
    qian                                     0x20000053   Data           1  light_sensor.o(.data)
    wan                                      0x20000054   Data           1  light_sensor.o(.data)
    dis_data                                 0x20000058   Data           4  light_sensor.o(.data)
    CY                                       0x2000005c   Data           1  light_sensor.o(.data)
    U8T_data_H_temp                          0x2000005d   Data           1  dht11.o(.data)
    U8T_data_L_temp                          0x2000005e   Data           1  dht11.o(.data)
    U8RH_data_H_temp                         0x2000005f   Data           1  dht11.o(.data)
    U8RH_data_L_temp                         0x20000060   Data           1  dht11.o(.data)
    U8checkdata_temp                         0x20000061   Data           1  dht11.o(.data)
    USART_RX_BUF                             0x20000064   Data         200  usart.o(.bss)
    USART2_RX_BUF                            0x2000012c   Data          64  usart2.o(.bss)
    USART2_TX_BUF                            0x2000016c   Data          64  usart2.o(.bss)
    __libspace_start                         0x200001ac   Data          96  libspace.o(.bss)
    __temporary_stack_top$libspace           0x2000020c   Data           0  libspace.o(.bss)



==============================================================================

Memory Map of the image

  Image Entry point : 0x080000ed

  Load Region LR_IROM1 (Base: 0x08000000, Size: 0x000040d4, Max: 0x00010000, ABSOLUTE)

    Execution Region ER_IROM1 (Base: 0x08000000, Size: 0x00004070, Max: 0x00010000, ABSOLUTE)

    Base Addr    Size         Type   Attr      Idx    E Section Name        Object

    0x08000000   0x000000ec   Data   RO          358    RESET               startup_stm32f10x_md.o
    0x080000ec   0x00000008   Code   RO          704  * !!!main             c_w.l(__main.o)
    0x080000f4   0x00000034   Code   RO         1017    !!!scatter          c_w.l(__scatter.o)
    0x08000128   0x0000001a   Code   RO         1019    !!handler_copy      c_w.l(__scatter_copy.o)
    0x08000142   0x00000002   PAD
    0x08000144   0x0000001c   Code   RO         1021    !!handler_zi        c_w.l(__scatter_zi.o)
    0x08000160   0x00000000   Code   RO          699    .ARM.Collect$$_printf_percent$$00000000  c_w.l(_printf_percent.o)
    0x08000160   0x00000006   Code   RO          776    .ARM.Collect$$_printf_percent$$00000001  c_w.l(_printf_n.o)
    0x08000166   0x00000006   Code   RO          778    .ARM.Collect$$_printf_percent$$00000002  c_w.l(_printf_p.o)
    0x0800016c   0x00000006   Code   RO          783    .ARM.Collect$$_printf_percent$$00000003  c_w.l(_printf_f.o)
    0x08000172   0x00000006   Code   RO          784    .ARM.Collect$$_printf_percent$$00000004  c_w.l(_printf_e.o)
    0x08000178   0x00000006   Code   RO          785    .ARM.Collect$$_printf_percent$$00000005  c_w.l(_printf_g.o)
    0x0800017e   0x00000006   Code   RO          786    .ARM.Collect$$_printf_percent$$00000006  c_w.l(_printf_a.o)
    0x08000184   0x0000000a   Code   RO          791    .ARM.Collect$$_printf_percent$$00000007  c_w.l(_printf_ll.o)
    0x0800018e   0x00000006   Code   RO          780    .ARM.Collect$$_printf_percent$$00000008  c_w.l(_printf_i.o)
    0x08000194   0x00000006   Code   RO          781    .ARM.Collect$$_printf_percent$$00000009  c_w.l(_printf_d.o)
    0x0800019a   0x00000006   Code   RO          782    .ARM.Collect$$_printf_percent$$0000000A  c_w.l(_printf_u.o)
    0x080001a0   0x00000006   Code   RO          779    .ARM.Collect$$_printf_percent$$0000000B  c_w.l(_printf_o.o)
    0x080001a6   0x00000006   Code   RO          777    .ARM.Collect$$_printf_percent$$0000000C  c_w.l(_printf_x.o)
    0x080001ac   0x00000006   Code   RO          788    .ARM.Collect$$_printf_percent$$0000000D  c_w.l(_printf_lli.o)
    0x080001b2   0x00000006   Code   RO          789    .ARM.Collect$$_printf_percent$$0000000E  c_w.l(_printf_lld.o)
    0x080001b8   0x00000006   Code   RO          790    .ARM.Collect$$_printf_percent$$0000000F  c_w.l(_printf_llu.o)
    0x080001be   0x00000006   Code   RO          795    .ARM.Collect$$_printf_percent$$00000010  c_w.l(_printf_llo.o)
    0x080001c4   0x00000006   Code   RO          796    .ARM.Collect$$_printf_percent$$00000011  c_w.l(_printf_llx.o)
    0x080001ca   0x0000000a   Code   RO          792    .ARM.Collect$$_printf_percent$$00000012  c_w.l(_printf_l.o)
    0x080001d4   0x00000006   Code   RO          775    .ARM.Collect$$_printf_percent$$00000013  c_w.l(_printf_c.o)
    0x080001da   0x00000006   Code   RO          698    .ARM.Collect$$_printf_percent$$00000014  c_w.l(_printf_s.o)
    0x080001e0   0x00000006   Code   RO          793    .ARM.Collect$$_printf_percent$$00000015  c_w.l(_printf_lc.o)
    0x080001e6   0x00000006   Code   RO          794    .ARM.Collect$$_printf_percent$$00000016  c_w.l(_printf_ls.o)
    0x080001ec   0x00000004   Code   RO          787    .ARM.Collect$$_printf_percent$$00000017  c_w.l(_printf_percent_end.o)
    0x080001f0   0x00000002   Code   RO          885    .ARM.Collect$$libinit$$00000000  c_w.l(libinit.o)
    0x080001f2   0x00000000   Code   RO          901    .ARM.Collect$$libinit$$00000002  c_w.l(libinit2.o)
    0x080001f2   0x00000000   Code   RO          904    .ARM.Collect$$libinit$$00000008  c_w.l(libinit2.o)
    0x080001f2   0x00000000   Code   RO          906    .ARM.Collect$$libinit$$0000000A  c_w.l(libinit2.o)
    0x080001f2   0x00000000   Code   RO          908    .ARM.Collect$$libinit$$0000000C  c_w.l(libinit2.o)
    0x080001f2   0x00000006   Code   RO          909    .ARM.Collect$$libinit$$0000000D  c_w.l(libinit2.o)
    0x080001f8   0x00000000   Code   RO          911    .ARM.Collect$$libinit$$0000000F  c_w.l(libinit2.o)
    0x080001f8   0x0000000c   Code   RO          912    .ARM.Collect$$libinit$$00000010  c_w.l(libinit2.o)
    0x08000204   0x00000000   Code   RO          913    .ARM.Collect$$libinit$$00000011  c_w.l(libinit2.o)
    0x08000204   0x00000000   Code   RO          915    .ARM.Collect$$libinit$$00000013  c_w.l(libinit2.o)
    0x08000204   0x0000000a   Code   RO          916    .ARM.Collect$$libinit$$00000014  c_w.l(libinit2.o)
    0x0800020e   0x00000000   Code   RO          917    .ARM.Collect$$libinit$$00000015  c_w.l(libinit2.o)
    0x0800020e   0x00000000   Code   RO          919    .ARM.Collect$$libinit$$00000017  c_w.l(libinit2.o)
    0x0800020e   0x00000000   Code   RO          921    .ARM.Collect$$libinit$$00000019  c_w.l(libinit2.o)
    0x0800020e   0x00000000   Code   RO          923    .ARM.Collect$$libinit$$0000001B  c_w.l(libinit2.o)
    0x0800020e   0x00000000   Code   RO          925    .ARM.Collect$$libinit$$0000001D  c_w.l(libinit2.o)
    0x0800020e   0x00000000   Code   RO          927    .ARM.Collect$$libinit$$0000001F  c_w.l(libinit2.o)
    0x0800020e   0x00000000   Code   RO          929    .ARM.Collect$$libinit$$00000021  c_w.l(libinit2.o)
    0x0800020e   0x00000000   Code   RO          931    .ARM.Collect$$libinit$$00000023  c_w.l(libinit2.o)
    0x0800020e   0x00000000   Code   RO          935    .ARM.Collect$$libinit$$0000002A  c_w.l(libinit2.o)
    0x0800020e   0x00000000   Code   RO          937    .ARM.Collect$$libinit$$0000002C  c_w.l(libinit2.o)
    0x0800020e   0x00000000   Code   RO          939    .ARM.Collect$$libinit$$0000002E  c_w.l(libinit2.o)
    0x0800020e   0x00000000   Code   RO          941    .ARM.Collect$$libinit$$00000030  c_w.l(libinit2.o)
    0x0800020e   0x00000002   Code   RO          942    .ARM.Collect$$libinit$$00000031  c_w.l(libinit2.o)
    0x08000210   0x00000002   Code   RO          960    .ARM.Collect$$libshutdown$$00000000  c_w.l(libshutdown.o)
    0x08000212   0x00000000   Code   RO          971    .ARM.Collect$$libshutdown$$00000003  c_w.l(libshutdown2.o)
    0x08000212   0x00000000   Code   RO          974    .ARM.Collect$$libshutdown$$00000006  c_w.l(libshutdown2.o)
    0x08000212   0x00000000   Code   RO          977    .ARM.Collect$$libshutdown$$00000009  c_w.l(libshutdown2.o)
    0x08000212   0x00000000   Code   RO          979    .ARM.Collect$$libshutdown$$0000000B  c_w.l(libshutdown2.o)
    0x08000212   0x00000000   Code   RO          982    .ARM.Collect$$libshutdown$$0000000E  c_w.l(libshutdown2.o)
    0x08000212   0x00000002   Code   RO          983    .ARM.Collect$$libshutdown$$0000000F  c_w.l(libshutdown2.o)
    0x08000214   0x00000000   Code   RO          726    .ARM.Collect$$rtentry$$00000000  c_w.l(rtentry.o)
    0x08000214   0x00000000   Code   RO          809    .ARM.Collect$$rtentry$$00000002  c_w.l(rtentry2.o)
    0x08000214   0x00000006   Code   RO          821    .ARM.Collect$$rtentry$$00000004  c_w.l(rtentry4.o)
    0x0800021a   0x00000000   Code   RO          811    .ARM.Collect$$rtentry$$00000009  c_w.l(rtentry2.o)
    0x0800021a   0x00000004   Code   RO          812    .ARM.Collect$$rtentry$$0000000A  c_w.l(rtentry2.o)
    0x0800021e   0x00000000   Code   RO          814    .ARM.Collect$$rtentry$$0000000C  c_w.l(rtentry2.o)
    0x0800021e   0x00000008   Code   RO          815    .ARM.Collect$$rtentry$$0000000D  c_w.l(rtentry2.o)
    0x08000226   0x00000002   Code   RO          893    .ARM.Collect$$rtexit$$00000000  c_w.l(rtexit.o)
    0x08000228   0x00000000   Code   RO          944    .ARM.Collect$$rtexit$$00000002  c_w.l(rtexit2.o)
    0x08000228   0x00000004   Code   RO          945    .ARM.Collect$$rtexit$$00000003  c_w.l(rtexit2.o)
    0x0800022c   0x00000006   Code   RO          946    .ARM.Collect$$rtexit$$00000004  c_w.l(rtexit2.o)
    0x08000232   0x00000002   PAD
    0x08000234   0x000000b0   Code   RO            1    .text               main.o
    0x080002e4   0x0000001a   Code   RO          144    .text               stm32f10x_it.o
    0x080002fe   0x00000002   PAD
    0x08000300   0x000001e0   Code   RO          242    .text               system_stm32f10x.o
    0x080004e0   0x000000d4   Code   RO          260    .text               delay.o
    0x080005b4   0x00000140   Code   RO          323    .text               usart.o
    0x080006f4   0x00000040   Code   RO          359    .text               startup_stm32f10x_md.o
    0x08000734   0x000000dc   Code   RO          363    .text               misc.o
    0x08000810   0x0000035c   Code   RO          399    .text               stm32f10x_gpio.o
    0x08000b6c   0x000003a4   Code   RO          411    .text               stm32f10x_rcc.o
    0x08000f10   0x0000030c   Code   RO          437    .text               stm32f10x_spi.o
    0x0800121c   0x00000408   Code   RO          461    .text               stm32f10x_usart.o
    0x08001624   0x00000324   Code   RO          485    .text               24l01.o
    0x08001948   0x00000108   Code   RO          545    .text               spi.o
    0x08001a50   0x00000148   Code   RO          560    .text               usart2.o
    0x08001b98   0x0000032c   Code   RO          592    .text               light_sensor.o
    0x08001ec4   0x00000068   Code   RO          610    .text               light_sensor_io.o
    0x08001f2c   0x00000234   Code   RO          637    .text               ds18b20.o
    0x08002160   0x00000178   Code   RO          649    .text               dht11.o
    0x080022d8   0x00000002   Code   RO          666    .text               c_w.l(use_no_semi_2.o)
    0x080022da   0x00000002   PAD
    0x080022dc   0x00000024   Code   RO          668    .text               c_w.l(c89vsprintf.o)
    0x08002300   0x00000018   Code   RO          670    .text               c_w.l(__2printf.o)
    0x08002318   0x00000052   Code   RO          676    .text               c_w.l(_printf_str.o)
    0x0800236a   0x00000002   PAD
    0x0800236c   0x00000188   Code   RO          695    .text               c_w.l(__printf_flags_ss_wp.o)
    0x080024f4   0x0000003e   Code   RO          700    .text               c_w.l(strlen.o)
    0x08002532   0x00000006   Code   RO          702    .text               c_w.l(heapauxi.o)
    0x08002538   0x00000002   Code   RO          724    .text               c_w.l(use_no_semi.o)
    0x0800253a   0x0000004e   Code   RO          727    .text               c_w.l(_printf_pad.o)
    0x08002588   0x00000024   Code   RO          729    .text               c_w.l(_printf_truncate.o)
    0x080025ac   0x00000074   Code   RO          731    .text               c_w.l(_printf_dec.o)
    0x08002620   0x00000028   Code   RO          733    .text               c_w.l(_printf_charcount.o)
    0x08002648   0x00000030   Code   RO          735    .text               c_w.l(_printf_char_common.o)
    0x08002678   0x0000000a   Code   RO          737    .text               c_w.l(_sputc.o)
    0x08002682   0x0000002c   Code   RO          739    .text               c_w.l(_printf_char.o)
    0x080026ae   0x00000002   PAD
    0x080026b0   0x00000024   Code   RO          741    .text               c_w.l(_printf_char_file.o)
    0x080026d4   0x000000bc   Code   RO          743    .text               c_w.l(_printf_wctomb.o)
    0x08002790   0x00000078   Code   RO          746    .text               c_w.l(_printf_longlong_dec.o)
    0x08002808   0x00000070   Code   RO          752    .text               c_w.l(_printf_oct_int_ll.o)
    0x08002878   0x00000094   Code   RO          772    .text               c_w.l(_printf_hex_int_ll_ptr.o)
    0x0800290c   0x0000008a   Code   RO          823    .text               c_w.l(lludiv10.o)
    0x08002996   0x000000b2   Code   RO          825    .text               c_w.l(_printf_intcommon.o)
    0x08002a48   0x00000416   Code   RO          827    .text               c_w.l(_printf_fp_dec.o)
    0x08002e5e   0x0000002c   Code   RO          831    .text               c_w.l(_printf_wchar.o)
    0x08002e8a   0x00000008   Code   RO          833    .text               c_w.l(ferror.o)
    0x08002e92   0x00000040   Code   RO          837    .text               c_w.l(_wcrtomb.o)
    0x08002ed2   0x0000004a   Code   RO          839    .text               c_w.l(sys_stackheap_outer.o)
    0x08002f1c   0x00000010   Code   RO          841    .text               c_w.l(rt_ctype_table.o)
    0x08002f2c   0x00000008   Code   RO          846    .text               c_w.l(rt_locale_intlibspace.o)
    0x08002f34   0x00000080   Code   RO          848    .text               c_w.l(_printf_fp_infnan.o)
    0x08002fb4   0x000000d8   Code   RO          850    .text               c_w.l(bigflt0.o)
    0x0800308c   0x0000000c   Code   RO          878    .text               c_w.l(exit.o)
    0x08003098   0x00000008   Code   RO          890    .text               c_w.l(libspace.o)
    0x080030a0   0x00000080   Code   RO          898    .text               c_w.l(strcmpv7m.o)
    0x08003120   0x0000003e   Code   RO          853    CL$$btod_d2e        c_w.l(btod.o)
    0x0800315e   0x00000046   Code   RO          855    CL$$btod_d2e_denorm_low  c_w.l(btod.o)
    0x080031a4   0x00000060   Code   RO          854    CL$$btod_d2e_norm_op1  c_w.l(btod.o)
    0x08003204   0x00000338   Code   RO          863    CL$$btod_div_common  c_w.l(btod.o)
    0x0800353c   0x000000c6   Code   RO          860    CL$$btod_e2e        c_w.l(btod.o)
    0x08003602   0x00000028   Code   RO          857    CL$$btod_ediv       c_w.l(btod.o)
    0x0800362a   0x00000028   Code   RO          856    CL$$btod_emul       c_w.l(btod.o)
    0x08003652   0x00000244   Code   RO          862    CL$$btod_mult_common  c_w.l(btod.o)
    0x08003896   0x00000028   Code   RO          888    i.__ARM_fpclassify  m_ws.l(fpclassify.o)
    0x080038be   0x0000000e   Code   RO          688    i._is_digit         c_w.l(__printf_wp.o)
    0x080038cc   0x0000002c   Code   RO          876    locale$$code        c_w.l(lc_numeric_c.o)
    0x080038f8   0x0000002c   Code   RO          896    locale$$code        c_w.l(lc_ctype_c.o)
    0x08003924   0x00000062   Code   RO          706    x$fpl$d2f           fz_ws.l(d2f.o)
    0x08003986   0x00000002   PAD
    0x08003988   0x000002b0   Code   RO          709    x$fpl$ddiv          fz_ws.l(ddiv.o)
    0x08003c38   0x0000009c   Code   RO          797    x$fpl$dnaninf       fz_ws.l(dnaninf.o)
    0x08003cd4   0x0000000c   Code   RO          799    x$fpl$dretinf       fz_ws.l(dretinf.o)
    0x08003ce0   0x00000056   Code   RO          712    x$fpl$f2d           fz_ws.l(f2d.o)
    0x08003d36   0x00000002   PAD
    0x08003d38   0x0000003e   Code   RO          714    x$fpl$ffixu         fz_ws.l(ffixu.o)
    0x08003d76   0x00000002   PAD
    0x08003d78   0x00000030   Code   RO          719    x$fpl$fflt          fz_ws.l(fflt_clz.o)
    0x08003da8   0x0000008c   Code   RO          801    x$fpl$fnaninf       fz_ws.l(fnaninf.o)
    0x08003e34   0x0000000a   Code   RO          803    x$fpl$fretinf       fz_ws.l(fretinf.o)
    0x08003e3e   0x00000004   Code   RO          805    x$fpl$printf1       fz_ws.l(printf1.o)
    0x08003e42   0x00000000   Code   RO          807    x$fpl$usenofp       fz_ws.l(usenofp.o)
    0x08003e42   0x0000000a   Data   RO          486    .constdata          24l01.o
    0x08003e4c   0x00000011   Data   RO          696    .constdata          c_w.l(__printf_flags_ss_wp.o)
    0x08003e5d   0x00000003   PAD
    0x08003e60   0x00000008   Data   RO          744    .constdata          c_w.l(_printf_wctomb.o)
    0x08003e68   0x00000028   Data   RO          773    .constdata          c_w.l(_printf_hex_int_ll_ptr.o)
    0x08003e90   0x00000094   Data   RO          851    .constdata          c_w.l(bigflt0.o)
    0x08003f24   0x00000020   Data   RO         1015    Region$$Table       anon$$obj.o
    0x08003f44   0x0000001c   Data   RO          875    locale$$data        c_w.l(lc_numeric_c.o)
    0x08003f60   0x00000110   Data   RO          895    locale$$data        c_w.l(lc_ctype_c.o)


    Execution Region RW_IRAM1 (Base: 0x20000000, Size: 0x00000810, Max: 0x00005000, ABSOLUTE)

    Base Addr    Size         Type   Attr      Idx    E Section Name        Object

    0x20000000   0x0000000e   Data   RW            2    .data               main.o
    0x2000000e   0x00000002   PAD
    0x20000010   0x00000014   Data   RW          243    .data               system_stm32f10x.o
    0x20000024   0x00000004   Data   RW          261    .data               delay.o
    0x20000028   0x00000006   Data   RW          325    .data               usart.o
    0x2000002e   0x00000014   Data   RW          412    .data               stm32f10x_rcc.o
    0x20000042   0x00000002   PAD
    0x20000044   0x00000004   Data   RW          562    .data               usart2.o
    0x20000048   0x00000015   Data   RW          593    .data               light_sensor.o
    0x2000005d   0x00000005   Data   RW          650    .data               dht11.o
    0x20000062   0x00000002   PAD
    0x20000064   0x000000c8   Zero   RW          324    .bss                usart.o
    0x2000012c   0x00000080   Zero   RW          561    .bss                usart2.o
    0x200001ac   0x00000060   Zero   RW          891    .bss                c_w.l(libspace.o)
    0x2000020c   0x00000004   PAD
    0x20000210   0x00000200   Zero   RW          357    HEAP                startup_stm32f10x_md.o
    0x20000410   0x00000400   Zero   RW          356    STACK               startup_stm32f10x_md.o


==============================================================================

Image component sizes


      Code (inc. data)   RO Data    RW Data    ZI Data      Debug   Object Name

       804         34         10          0          0     207031   24l01.o
       212         18          0          4          0     204367   delay.o
       376         10          0          5          0       2880   dht11.o
       564         14          0          0          0       2547   ds18b20.o
       812         52          0         21          0       4242   light_sensor.o
       104          6          0          0          0        672   light_sensor_io.o
       176         62          0         14          0     228405   main.o
       220         22          0          0          0       1737   misc.o
       264         10          0          0          0       1093   spi.o
        64         26        236          0       1536        796   startup_stm32f10x_md.o
       860         38          0          0          0       5585   stm32f10x_gpio.o
        26          0          0          0          0      31170   stm32f10x_it.o
       932         36          0         20          0       8748   stm32f10x_rcc.o
       780         14          0          0          0       6466   stm32f10x_spi.o
      1032         22          0          0          0       8308   stm32f10x_usart.o
         0          0          0          0          0         32   sys.o
       480         38          0         20          0       1751   system_stm32f10x.o
       320         16          0          6        200       3118   usart.o
       328         22          0          4        128       2546   usart2.o

    ----------------------------------------------------------------------
      8356        440        278        100       1864     721494   Object Totals
         0          0         32          0          0          0   (incl. Generated)
         2          0          0          6          0          0   (incl. Padding)

    ----------------------------------------------------------------------

      Code (inc. data)   RO Data    RW Data    ZI Data      Debug   Library Member Name

        24          4          0          0          0         84   __2printf.o
         8          0          0          0          0         68   __main.o
       392          4         17          0          0         92   __printf_flags_ss_wp.o
        14          0          0          0          0         68   __printf_wp.o
        52          8          0          0          0          0   __scatter.o
        26          0          0          0          0          0   __scatter_copy.o
        28          0          0          0          0          0   __scatter_zi.o
         6          0          0          0          0          0   _printf_a.o
         6          0          0          0          0          0   _printf_c.o
        44          0          0          0          0        108   _printf_char.o
        48          6          0          0          0         96   _printf_char_common.o
        36          4          0          0          0         80   _printf_char_file.o
        40          0          0          0          0         68   _printf_charcount.o
         6          0          0          0          0          0   _printf_d.o
       116         16          0          0          0         92   _printf_dec.o
         6          0          0          0          0          0   _printf_e.o
         6          0          0          0          0          0   _printf_f.o
      1046          0          0          0          0        216   _printf_fp_dec.o
       128         16          0          0          0         84   _printf_fp_infnan.o
         6          0          0          0          0          0   _printf_g.o
       148          4         40          0          0        160   _printf_hex_int_ll_ptr.o
         6          0          0          0          0          0   _printf_i.o
       178          0          0          0          0         88   _printf_intcommon.o
        10          0          0          0          0          0   _printf_l.o
         6          0          0          0          0          0   _printf_lc.o
        10          0          0          0          0          0   _printf_ll.o
         6          0          0          0          0          0   _printf_lld.o
         6          0          0          0          0          0   _printf_lli.o
         6          0          0          0          0          0   _printf_llo.o
         6          0          0          0          0          0   _printf_llu.o
         6          0          0          0          0          0   _printf_llx.o
       120         16          0          0          0         92   _printf_longlong_dec.o
         6          0          0          0          0          0   _printf_ls.o
         6          0          0          0          0          0   _printf_n.o
         6          0          0          0          0          0   _printf_o.o
       112          8          0          0          0        124   _printf_oct_int_ll.o
         6          0          0          0          0          0   _printf_p.o
        78          0          0          0          0        108   _printf_pad.o
         0          0          0          0          0          0   _printf_percent.o
         4          0          0          0          0          0   _printf_percent_end.o
         6          0          0          0          0          0   _printf_s.o
        82          0          0          0          0         80   _printf_str.o
        36          0          0          0          0         84   _printf_truncate.o
         6          0          0          0          0          0   _printf_u.o
        44          0          0          0          0        108   _printf_wchar.o
       188          6          8          0          0         92   _printf_wctomb.o
         6          0          0          0          0          0   _printf_x.o
        10          0          0          0          0         68   _sputc.o
        64          0          0          0          0         92   _wcrtomb.o
       216          4        148          0          0         96   bigflt0.o
      1910        128          0          0          0        672   btod.o
        36          4          0          0          0         76   c89vsprintf.o
        12          0          0          0          0         72   exit.o
         8          0          0          0          0         68   ferror.o
         6          0          0          0          0        152   heapauxi.o
        44         10        272          0          0         76   lc_ctype_c.o
        44         10         28          0          0         76   lc_numeric_c.o
         2          0          0          0          0          0   libinit.o
        30          0          0          0          0          0   libinit2.o
         2          0          0          0          0          0   libshutdown.o
         2          0          0          0          0          0   libshutdown2.o
         8          4          0          0         96         68   libspace.o
       138          0          0          0          0         80   lludiv10.o
        16          4          0          0          0         76   rt_ctype_table.o
         8          4          0          0          0         68   rt_locale_intlibspace.o
         0          0          0          0          0          0   rtentry.o
        12          0          0          0          0          0   rtentry2.o
         6          0          0          0          0          0   rtentry4.o
         2          0          0          0          0          0   rtexit.o
        10          0          0          0          0          0   rtexit2.o
       128          0          0          0          0         68   strcmpv7m.o
        62          0          0          0          0         76   strlen.o
        74          0          0          0          0         80   sys_stackheap_outer.o
         2          0          0          0          0         68   use_no_semi.o
         2          0          0          0          0         68   use_no_semi_2.o
        98          4          0          0          0         92   d2f.o
       688        140          0          0          0        208   ddiv.o
       156          4          0          0          0         92   dnaninf.o
        12          0          0          0          0         68   dretinf.o
        86          4          0          0          0         84   f2d.o
        62          4          0          0          0         84   ffixu.o
        48          0          0          0          0         68   fflt_clz.o
       140          4          0          0          0         84   fnaninf.o
        10          0          0          0          0         68   fretinf.o
         4          0          0          0          0         68   printf1.o
         0          0          0          0          0          0   usenofp.o
        40          0          0          0          0         68   fpclassify.o

    ----------------------------------------------------------------------
      7346        420        516          0        100       5076   Library Totals
        16          0          3          0          4          0   (incl. Padding)

    ----------------------------------------------------------------------

      Code (inc. data)   RO Data    RW Data    ZI Data      Debug   Library Name

      5986        260        513          0         96       4092   c_w.l
      1304        160          0          0          0        916   fz_ws.l
        40          0          0          0          0         68   m_ws.l

    ----------------------------------------------------------------------
      7346        420        516          0        100       5076   Library Totals

    ----------------------------------------------------------------------

==============================================================================


      Code (inc. data)   RO Data    RW Data    ZI Data      Debug   

     15702        860        794        100       1964     722510   Grand Totals
     15702        860        794        100       1964     722510   ELF Image Totals
     15702        860        794        100          0          0   ROM Totals

==============================================================================

    Total RO  Size (Code + RO Data)                16496 (  16.11kB)
    Total RW  Size (RW Data + ZI Data)              2064 (   2.02kB)
    Total ROM Size (Code + RO Data + RW Data)      16596 (  16.21kB)

==============================================================================

