<html>
<body>
<pre>
<h1>µVision Build Log</h1>
<h2>Project:</h2>
D:\STM32\PROJECT\WORK5\zijiedian 2\USER\zijiedian2.uvproj
Project File Date:  01/20/2017

<h2>Output:</h2>
Rebuild target 'Target 1'
compiling main.c...
compiling stm32f10x_it.c...
compiling system_stm32f10x.c...
compiling delay.c...
compiling sys.c...
compiling usart.c...
compiling core_cm3.c...
assembling startup_stm32f10x_md.s...
compiling misc.c...
compiling stm32f10x_crc.c...
compiling stm32f10x_fsmc.c...
compiling stm32f10x_gpio.c...
compiling stm32f10x_rcc.c...
compiling stm32f10x_sdio.c...
compiling stm32f10x_spi.c...
compiling stm32f10x_tim.c...
compiling stm32f10x_usart.c...
compiling 24l01.c...
compiling led.c...
compiling spi.c...
compiling usart2.c...
linking...
Program Size: Code=12420 RO-data=792 RW-data=56 ZI-data=1960  
FromELF: creating hex file...
"..\OBJ\zijiedian2.axf" - 0 Error(s), 0 Warning(s).
</pre>
</body>
</html>
