<html>
<body>
<pre>
<h1>礦ision Build Log</h1>
<h2>Project:</h2>
D:\STM32\PROJECT\WORK5\挑战杯改\zijiedian 3 TX  最新版\USER\zijiedian2.uvprojx
Project File Date:  04/22/2017

<h2>Output:</h2>
Build target 'Target 1'
compiling main.c...
linking...
Program Size: Code=15702 RO-data=794 RW-data=100 ZI-data=1964  
FromELF: creating hex file...
"..\OBJ\zijiedian2.axf" - 0 Error(s), 0 Warning(s).
</pre>
</body>
</html>
ng...
..\OBJ\zijiedian2.axf: Error: L6218E: Undefined symbol get_temperature (referred from main.o).
Not enough information to list image symbols.
Finished: 1 information, 0 warning and 1 error messages.
"..\OBJ\zijiedian2.axf" - 1 Error(s), 1 Warning(s).
Target not created
h information to list image symbols.
Finished: 1 information, 0 warning and 1 error messages.
"..\OBJ\zijiedian2.axf" - 1 Error(s), 1 Warning(s).
Target not created
